Archive member included because of file (symbol)

c:/dave-3.1.10/arm-gcc/bin/../lib/gcc/arm-none-eabi/4.7.4/armv6-m\libgcc.a(_thumb1_case_uqi.o)
                              BlockCommutation.o (__gnu_thumb1_case_uqi)
c:/dave-3.1.10/arm-gcc/bin/../lib/gcc/arm-none-eabi/4.7.4/armv6-m\libgcc.a(_udivsi3.o)
                              Startup/system_XMC1300.o (__aeabi_uidiv)
c:/dave-3.1.10/arm-gcc/bin/../lib/gcc/arm-none-eabi/4.7.4/armv6-m\libgcc.a(_divsi3.o)
                              ADC.o (__aeabi_idiv)
c:/dave-3.1.10/arm-gcc/bin/../lib/gcc/arm-none-eabi/4.7.4/armv6-m\libgcc.a(_dvmd_tls.o)
                              c:/dave-3.1.10/arm-gcc/bin/../lib/gcc/arm-none-eabi/4.7.4/armv6-m\libgcc.a(_udivsi3.o) (__aeabi_idiv0)
c:/dave-3.1.10/arm-gcc/bin/../lib/gcc/arm-none-eabi/4.7.4/armv6-m\libgcc.a(_arm_cmpsf2.o)
                              Dave/Generated/src/UART001/UART001.o (__aeabi_fcmplt)
c:/dave-3.1.10/arm-gcc/bin/../lib/gcc/arm-none-eabi/4.7.4/armv6-m\libgcc.a(_fixunssfsi.o)
                              BlockCommutation.o (__aeabi_f2uiz)
c:/dave-3.1.10/arm-gcc/bin/../lib/gcc/arm-none-eabi/4.7.4/armv6-m\libgcc.a(_fixunsdfsi.o)
                              BlockCommutation.o (__aeabi_d2uiz)
c:/dave-3.1.10/arm-gcc/bin/../lib/gcc/arm-none-eabi/4.7.4/armv6-m\libgcc.a(divsf3.o)
                              Dave/Generated/src/UART001/UART001.o (__aeabi_fdiv)
c:/dave-3.1.10/arm-gcc/bin/../lib/gcc/arm-none-eabi/4.7.4/armv6-m\libgcc.a(eqsf2.o)
                              c:/dave-3.1.10/arm-gcc/bin/../lib/gcc/arm-none-eabi/4.7.4/armv6-m\libgcc.a(_arm_cmpsf2.o) (__eqsf2)
c:/dave-3.1.10/arm-gcc/bin/../lib/gcc/arm-none-eabi/4.7.4/armv6-m\libgcc.a(gesf2.o)
                              c:/dave-3.1.10/arm-gcc/bin/../lib/gcc/arm-none-eabi/4.7.4/armv6-m\libgcc.a(_arm_cmpsf2.o) (__gesf2)
c:/dave-3.1.10/arm-gcc/bin/../lib/gcc/arm-none-eabi/4.7.4/armv6-m\libgcc.a(lesf2.o)
                              c:/dave-3.1.10/arm-gcc/bin/../lib/gcc/arm-none-eabi/4.7.4/armv6-m\libgcc.a(_arm_cmpsf2.o) (__lesf2)
c:/dave-3.1.10/arm-gcc/bin/../lib/gcc/arm-none-eabi/4.7.4/armv6-m\libgcc.a(mulsf3.o)
                              BlockCommutation.o (__aeabi_fmul)
c:/dave-3.1.10/arm-gcc/bin/../lib/gcc/arm-none-eabi/4.7.4/armv6-m\libgcc.a(subsf3.o)
                              Dave/Generated/src/UART001/UART001.o (__aeabi_fsub)
c:/dave-3.1.10/arm-gcc/bin/../lib/gcc/arm-none-eabi/4.7.4/armv6-m\libgcc.a(fixsfsi.o)
                              c:/dave-3.1.10/arm-gcc/bin/../lib/gcc/arm-none-eabi/4.7.4/armv6-m\libgcc.a(_fixunssfsi.o) (__aeabi_f2iz)
c:/dave-3.1.10/arm-gcc/bin/../lib/gcc/arm-none-eabi/4.7.4/armv6-m\libgcc.a(floatunsisf.o)
                              BlockCommutation.o (__aeabi_ui2f)
c:/dave-3.1.10/arm-gcc/bin/../lib/gcc/arm-none-eabi/4.7.4/armv6-m\libgcc.a(divdf3.o)
                              BlockCommutation.o (__aeabi_ddiv)
c:/dave-3.1.10/arm-gcc/bin/../lib/gcc/arm-none-eabi/4.7.4/armv6-m\libgcc.a(muldf3.o)
                              BlockCommutation.o (__aeabi_dmul)
c:/dave-3.1.10/arm-gcc/bin/../lib/gcc/arm-none-eabi/4.7.4/armv6-m\libgcc.a(subdf3.o)
                              BlockCommutation.o (__aeabi_dsub)
c:/dave-3.1.10/arm-gcc/bin/../lib/gcc/arm-none-eabi/4.7.4/armv6-m\libgcc.a(fixdfsi.o)
                              c:/dave-3.1.10/arm-gcc/bin/../lib/gcc/arm-none-eabi/4.7.4/armv6-m\libgcc.a(_fixunsdfsi.o) (__aeabi_d2iz)
c:/dave-3.1.10/arm-gcc/bin/../lib/gcc/arm-none-eabi/4.7.4/armv6-m\libgcc.a(floatunsidf.o)
                              BlockCommutation.o (__aeabi_ui2d)
c:/dave-3.1.10/arm-gcc/bin/../lib/gcc/arm-none-eabi/4.7.4/armv6-m\libgcc.a(extendsfdf2.o)
                              BlockCommutation.o (__aeabi_f2d)
c:/dave-3.1.10/arm-gcc/bin/../lib/gcc/arm-none-eabi/4.7.4/armv6-m\libgcc.a(_arm_cmpdf2.o)
                              c:/dave-3.1.10/arm-gcc/bin/../lib/gcc/arm-none-eabi/4.7.4/armv6-m\libgcc.a(_fixunsdfsi.o) (__aeabi_dcmpge)
c:/dave-3.1.10/arm-gcc/bin/../lib/gcc/arm-none-eabi/4.7.4/armv6-m\libgcc.a(_clzsi2.o)
                              c:/dave-3.1.10/arm-gcc/bin/../lib/gcc/arm-none-eabi/4.7.4/armv6-m\libgcc.a(divsf3.o) (__clzsi2)
c:/dave-3.1.10/arm-gcc/bin/../lib/gcc/arm-none-eabi/4.7.4/armv6-m\libgcc.a(eqdf2.o)
                              c:/dave-3.1.10/arm-gcc/bin/../lib/gcc/arm-none-eabi/4.7.4/armv6-m\libgcc.a(_arm_cmpdf2.o) (__eqdf2)
c:/dave-3.1.10/arm-gcc/bin/../lib/gcc/arm-none-eabi/4.7.4/armv6-m\libgcc.a(gedf2.o)
                              c:/dave-3.1.10/arm-gcc/bin/../lib/gcc/arm-none-eabi/4.7.4/armv6-m\libgcc.a(_arm_cmpdf2.o) (__gedf2)
c:/dave-3.1.10/arm-gcc/bin/../lib/gcc/arm-none-eabi/4.7.4/armv6-m\libgcc.a(ledf2.o)
                              c:/dave-3.1.10/arm-gcc/bin/../lib/gcc/arm-none-eabi/4.7.4/armv6-m\libgcc.a(_arm_cmpdf2.o) (__ledf2)

Allocating common symbols
Common symbol       size              file

SystemCoreClock     0x4               Startup/system_XMC1300.o

Discarded input sections

 .comment       0x00000000       0x71 Startup/system_XMC1300.o
 .comment       0x00000000       0x71 ADC.o
 .comment       0x00000000       0x71 BlockCommutation.o
 .comment       0x00000000       0x71 DaisyChain.o
 .comment       0x00000000       0x71 Main.o
 .comment       0x00000000       0x71 Lib/System_LibcStubs.o
 .comment       0x00000000       0x71 Dave/Generated/src/UART001/UART001.o
 .comment       0x00000000       0x71 Dave/Generated/src/UART001/UART001_Conf.o
 .comment       0x00000000       0x71 Dave/Generated/src/NVIC002/NVIC002.o
 .comment       0x00000000       0x71 Dave/Generated/src/NVIC002/NVIC002_Conf.o
 .comment       0x00000000       0x71 Dave/Generated/src/MATHLIBS/FASTMATH01.o
 .comment       0x00000000       0x71 Dave/Generated/src/MATHLIBS/MATH01.o
 .comment       0x00000000       0x71 Dave/Generated/src/MATHLIBS/MATHLLD01.o
 .comment       0x00000000       0x71 Dave/Generated/src/MATHLIBS/STDMATH01.o
 .comment       0x00000000       0x71 Dave/Generated/src/LIBS/CCU8PWMLIB.o
 .comment       0x00000000       0x71 Dave/Generated/src/LIBS/MOTORLIB.o
 .comment       0x00000000       0x71 Dave/Generated/src/IO004/IO004.o
 .comment       0x00000000       0x71 Dave/Generated/src/IO004/IO004_Conf.o
 .comment       0x00000000       0x71 Dave/Generated/src/DAVESupport/DAVE3.o
 .comment       0x00000000       0x71 Dave/Generated/src/DAVESupport/MULTIPLEXER.o
 .comment       0x00000000       0x71 Dave/Generated/src/CLK002/CLK002.o
 .comment       0x00000000       0x71 Dave/Generated/src/CCU8GLOBAL/CCU8GLOBAL.o
 .comment       0x00000000       0x71 Dave/Generated/src/CCU8GLOBAL/CCU8GLOBAL_Conf.o
 .comment       0x00000000       0x71 Dave/Generated/src/CCU4GLOBAL/CCU4GLOBAL.o
 .comment       0x00000000       0x71 Dave/Generated/src/CCU4GLOBAL/CCU4GLOBAL_Conf.o
 .comment       0x00000000       0x71 Dave/Generated/src/ADCGLOB001/ADCGlob001.o
 .comment       0x00000000       0x71 Dave/Generated/src/ADCGLOB001/ADCGlob001_Conf.o

Memory Configuration

Name             Origin             Length             Attributes
FLASH            0x10001000         0x00020000         xr
SRAM             0x20000000         0x00004000         !xr
*default*        0x00000000         0xffffffff

Linker script and memory map

LOAD Startup/startup_XMC1300.o
LOAD Startup/system_XMC1300.o
LOAD ADC.o
LOAD BlockCommutation.o
LOAD DaisyChain.o
LOAD Main.o
LOAD Lib/System_LibcStubs.o
LOAD Dave/Generated/src/UART001/UART001.o
LOAD Dave/Generated/src/UART001/UART001_Conf.o
LOAD Dave/Generated/src/NVIC002/NVIC002.o
LOAD Dave/Generated/src/NVIC002/NVIC002_Conf.o
LOAD Dave/Generated/src/MATHLIBS/FASTMATH01.o
LOAD Dave/Generated/src/MATHLIBS/MATH01.o
LOAD Dave/Generated/src/MATHLIBS/MATHLLD01.o
LOAD Dave/Generated/src/MATHLIBS/STDMATH01.o
LOAD Dave/Generated/src/LIBS/CCU8PWMLIB.o
LOAD Dave/Generated/src/LIBS/MOTORLIB.o
LOAD Dave/Generated/src/IO004/IO004.o
LOAD Dave/Generated/src/IO004/IO004_Conf.o
LOAD Dave/Generated/src/DAVESupport/DAVE3.o
LOAD Dave/Generated/src/DAVESupport/MULTIPLEXER.o
LOAD Dave/Generated/src/CLK002/CLK002.o
LOAD Dave/Generated/src/CCU8GLOBAL/CCU8GLOBAL.o
LOAD Dave/Generated/src/CCU8GLOBAL/CCU8GLOBAL_Conf.o
LOAD Dave/Generated/src/CCU4GLOBAL/CCU4GLOBAL.o
LOAD Dave/Generated/src/CCU4GLOBAL/CCU4GLOBAL_Conf.o
LOAD Dave/Generated/src/ADCGLOB001/ADCGlob001.o
LOAD Dave/Generated/src/ADCGLOB001/ADCGlob001_Conf.o
LOAD c:/dave-3.1.10/arm-gcc/bin/../lib/gcc/arm-none-eabi/4.7.4/../../../../arm-none-eabi/lib/armv6-m\libm.a
START GROUP
LOAD c:/dave-3.1.10/arm-gcc/bin/../lib/gcc/arm-none-eabi/4.7.4/armv6-m\libgcc.a
LOAD c:/dave-3.1.10/arm-gcc/bin/../lib/gcc/arm-none-eabi/4.7.4/../../../../arm-none-eabi/lib/armv6-m\libc.a
END GROUP
                0x00000800                stack_size = 0x800

.text           0x10001000     0x3e40
                0x10001000                sText = .
 *(.Xmc1300.reset)
 .Xmc1300.reset
                0x10001000       0x2c Startup/startup_XMC1300.o
                0x10001000                __Xmc1300_interrupt_vector_cortex_m
                0x10001018                __Xmc1300_reset_cortex_m
 *(.Xmc1300.postreset)
 .Xmc1300.postreset
                0x1000102c       0xa0 Startup/startup_XMC1300.o
 *(.XmcStartup)
 .XmcStartup    0x100010cc        0x8 Startup/startup_XMC1300.o
                0x100010cc                software_init_hook
                0x100010d0                hardware_init_hook
 *(.text .text.* .gnu.linkonce.t.*)
 .text          0x100010d4       0x44 Startup/startup_XMC1300.o
                0x100010d4                NMI_Handler
                0x100010d6                HardFault_Handler
                0x100010d8                SVC_Handler
                0x100010da                PendSV_Handler
                0x100010dc                SysTick_Handler
                0x100010de                SCU_0_IRQHandler
                0x100010e0                SCU_1_IRQHandler
                0x100010e2                SCU_2_IRQHandler
                0x100010e4                ERU0_0_IRQHandler
                0x100010e6                ERU0_1_IRQHandler
                0x100010e8                ERU0_2_IRQHandler
                0x100010ea                ERU0_3_IRQHandler
                0x100010ec                MATH0_0_IRQHandler
                0x100010ee                VADC0_C0_0_IRQHandler
                0x100010f0                VADC0_C0_1_IRQHandler
                0x100010f2                VADC0_G0_0_IRQHandler
                0x100010f6                VADC0_G1_0_IRQHandler
                0x10001100                CCU40_3_IRQHandler
                0x10001102                CCU80_0_IRQHandler
                0x10001104                CCU80_1_IRQHandler
                0x10001106                POSIF0_0_IRQHandler
                0x10001108                POSIF0_1_IRQHandler
                0x1000110a                USIC0_0_IRQHandler
                0x1000110c                USIC0_1_IRQHandler
                0x1000110e                USIC0_2_IRQHandler
                0x10001110                USIC0_3_IRQHandler
                0x10001112                USIC0_4_IRQHandler
                0x10001114                USIC0_5_IRQHandler
                0x10001116                BCCU0_0_IRQHandler
 .text          0x10001118        0x0 Startup/system_XMC1300.o
 .text.SystemCoreClockUpdate
                0x10001118       0x38 Startup/system_XMC1300.o
                0x10001118                SystemCoreClockUpdate
 .text.SystemInit
                0x10001150        0x8 Startup/system_XMC1300.o
                0x10001150                SystemInit
 .text          0x10001158        0x0 ADC.o
 .text.InitADC  0x10001158      0x174 ADC.o
                0x10001158                InitADC
 .text.VADC0_G0_1_IRQHandler
                0x100012cc       0xb0 ADC.o
                0x100012cc                VADC0_G0_1_IRQHandler
 .text.VADC0_G1_1_IRQHandler
                0x1000137c       0x20 ADC.o
                0x1000137c                VADC0_G1_1_IRQHandler
 .text          0x1000139c        0x0 BlockCommutation.o
 *fill*         0x1000139c        0x4 00
 .text.InitBlockCommutation
                0x100013a0      0x1c0 BlockCommutation.o
                0x100013a0                InitBlockCommutation
 .text.CCU40_0_IRQHandler
                0x10001560      0x250 BlockCommutation.o
                0x10001560                CCU40_0_IRQHandler
 .text.GetPhaseState
                0x100017b0        0xc BlockCommutation.o
                0x100017b0                GetPhaseState
 .text.StartMotor
                0x100017bc       0x44 BlockCommutation.o
                0x100017bc                StartMotor
 .text.StopMotor
                0x10001800       0x74 BlockCommutation.o
                0x10001800                StopMotor
 .text.SetReferenceCurrent
                0x10001874       0x38 BlockCommutation.o
                0x10001874                SetReferenceCurrent
 .text          0x100018ac        0x0 DaisyChain.o
 .text.DaisyChain
                0x100018ac      0x118 DaisyChain.o
                0x100018ac                DaisyChain
 .text.InitDaisyWatchDog
                0x100019c4       0x6c DaisyChain.o
                0x100019c4                InitDaisyWatchDog
 .text.InitDaisyReset
                0x10001a30       0x64 DaisyChain.o
                0x10001a30                InitDaisyReset
 .text.CCU40_2_IRQHandler
                0x10001a94       0x20 DaisyChain.o
                0x10001a94                CCU40_2_IRQHandler
 .text.CCU40_1_IRQHandler
                0x10001ab4       0x20 DaisyChain.o
                0x10001ab4                CCU40_1_IRQHandler
 .text.uart_write_printf
                0x10001ad4        0x2 DaisyChain.o
                0x10001ad4                uart_write_printf
 .text.log      0x10001ad6       0xc8 DaisyChain.o
                0x10001ad6                log
 .text          0x10001b9e        0x0 Main.o
 *fill*         0x10001b9e        0x2 00
 .text.startup.main
                0x10001ba0       0x40 Main.o
                0x10001ba0                main
 .text          0x10001be0        0x0 Lib/System_LibcStubs.o
 .text._open    0x10001be0        0x6 Lib/System_LibcStubs.o
                0x10001be0                _open
 .text._lseek   0x10001be6        0x6 Lib/System_LibcStubs.o
                0x10001be6                _lseek
 .text._read    0x10001bec        0x4 Lib/System_LibcStubs.o
                0x10001bec                _read
 .text._write   0x10001bf0        0x6 Lib/System_LibcStubs.o
                0x10001bf0                _write
 .text._close   0x10001bf6        0x6 Lib/System_LibcStubs.o
                0x10001bf6                _close
 .text._fstat   0x10001bfc        0x8 Lib/System_LibcStubs.o
                0x10001bfc                _fstat
 .text._link    0x10001c04        0xa Lib/System_LibcStubs.o
                0x10001c04                _link
 .text._unlink  0x10001c0e        0x6 Lib/System_LibcStubs.o
                0x10001c0e                _unlink
 .text._sbrk    0x10001c14       0x38 Lib/System_LibcStubs.o
                0x10001c14                _sbrk
 .text._times   0x10001c4c        0x6 Lib/System_LibcStubs.o
                0x10001c4c                _times
 .text._wait    0x10001c52        0x6 Lib/System_LibcStubs.o
                0x10001c52                _wait
 .text._kill    0x10001c58        0x6 Lib/System_LibcStubs.o
                0x10001c58                _kill
 .text._fork    0x10001c5e        0x6 Lib/System_LibcStubs.o
                0x10001c5e                _fork
 .text._getpid  0x10001c64        0x6 Lib/System_LibcStubs.o
                0x10001c64                _getpid
 .text._exit    0x10001c6a        0x2 Lib/System_LibcStubs.o
                0x10001c6a                _exit
 .text._init    0x10001c6c        0x2 Lib/System_LibcStubs.o
                0x10001c6c                _init
 .text._isatty  0x10001c6e        0x6 Lib/System_LibcStubs.o
                0x10001c6e                _isatty
 .text          0x10001c74        0x0 Dave/Generated/src/UART001/UART001.o
 .text.UART001_lInit
                0x10001c74      0x134 Dave/Generated/src/UART001/UART001.o
                0x10001c74                UART001_lInit
 .text.UART001_lConfigTXPin
                0x10001da8       0x74 Dave/Generated/src/UART001/UART001.o
                0x10001da8                UART001_lConfigTXPin
 .text.UART001_labsRealType
                0x10001e1c       0x1a Dave/Generated/src/UART001/UART001.o
                0x10001e1c                UART001_labsRealType
 *fill*         0x10001e36        0x2 00
 .text.UART001_lConfigureBaudRate
                0x10001e38      0x1d8 Dave/Generated/src/UART001/UART001.o
                0x10001e38                UART001_lConfigureBaudRate
 .text.UART001_Init
                0x10002010       0x4c Dave/Generated/src/UART001/UART001.o
                0x10002010                UART001_Init
 .text.UART001_DeInit
                0x1000205c        0x2 Dave/Generated/src/UART001/UART001.o
                0x1000205c                UART001_DeInit
 *fill*         0x1000205e        0x2 00
 .text.UART001_Configure
                0x10002060       0x98 Dave/Generated/src/UART001/UART001.o
                0x10002060                UART001_Configure
 .text.UART001_ReadDataMultiple
                0x100020f8       0x2c Dave/Generated/src/UART001/UART001.o
                0x100020f8                UART001_ReadDataMultiple
 .text.UART001_ReadDataBytes
                0x10002124       0x2a Dave/Generated/src/UART001/UART001.o
                0x10002124                UART001_ReadDataBytes
 .text.UART001_WriteDataMultiple
                0x1000214e       0x38 Dave/Generated/src/UART001/UART001.o
                0x1000214e                UART001_WriteDataMultiple
 .text.UART001_WriteDataBytes
                0x10002186       0x36 Dave/Generated/src/UART001/UART001.o
                0x10002186                UART001_WriteDataBytes
 .text.UART001_GetFlagStatus
                0x100021bc       0x2c Dave/Generated/src/UART001/UART001.o
                0x100021bc                UART001_GetFlagStatus
 .text.UART001_ClearFlag
                0x100021e8       0x2c Dave/Generated/src/UART001/UART001.o
                0x100021e8                UART001_ClearFlag
 .text          0x10002214        0x0 Dave/Generated/src/UART001/UART001_Conf.o
 .text          0x10002214        0x0 Dave/Generated/src/NVIC002/NVIC002.o
 .text.NVIC002_Init
                0x10002214       0x80 Dave/Generated/src/NVIC002/NVIC002.o
                0x10002214                NVIC002_Init
 .text          0x10002294        0x0 Dave/Generated/src/NVIC002/NVIC002_Conf.o
 .text          0x10002294        0x0 Dave/Generated/src/MATHLIBS/FASTMATH01.o
 .text          0x10002294        0x0 Dave/Generated/src/MATHLIBS/MATH01.o
 .text          0x10002294        0x0 Dave/Generated/src/MATHLIBS/MATHLLD01.o
 .text          0x10002294        0x0 Dave/Generated/src/MATHLIBS/STDMATH01.o
 .text          0x10002294        0x0 Dave/Generated/src/LIBS/CCU8PWMLIB.o
 .text          0x10002294        0x0 Dave/Generated/src/LIBS/MOTORLIB.o
 .text          0x10002294        0x0 Dave/Generated/src/IO004/IO004.o
 .text.IO004_Init
                0x10002294       0x20 Dave/Generated/src/IO004/IO004.o
                0x10002294                IO004_Init
 .text.IO004_DisableOutputDriver
                0x100022b4       0x9a Dave/Generated/src/IO004/IO004.o
                0x100022b4                IO004_DisableOutputDriver
 .text.IO004_EnableOutputDriver
                0x1000234e       0x9a Dave/Generated/src/IO004/IO004.o
                0x1000234e                IO004_EnableOutputDriver
 .text          0x100023e8        0x0 Dave/Generated/src/IO004/IO004_Conf.o
 .text          0x100023e8        0x0 Dave/Generated/src/DAVESupport/DAVE3.o
 .text.DAVE_Init
                0x100023e8       0x28 Dave/Generated/src/DAVESupport/DAVE3.o
                0x100023e8                DAVE_Init
 .text          0x10002410        0x0 Dave/Generated/src/DAVESupport/MULTIPLEXER.o
 .text.DAVE_MUX_Init
                0x10002410       0x98 Dave/Generated/src/DAVESupport/MULTIPLEXER.o
                0x10002410                DAVE_MUX_Init
 .text.DAVE_MUX_PreInit
                0x100024a8        0x2 Dave/Generated/src/DAVESupport/MULTIPLEXER.o
                0x100024a8                DAVE_MUX_PreInit
 .text          0x100024aa        0x0 Dave/Generated/src/CLK002/CLK002.o
 *fill*         0x100024aa        0x2 00
 .text.CLK002_Init
                0x100024ac       0xd4 Dave/Generated/src/CLK002/CLK002.o
                0x100024ac                CLK002_Init
 .text.AllowClkInitByStartup
                0x10002580        0x4 Dave/Generated/src/CLK002/CLK002.o
                0x10002580                AllowClkInitByStartup
 .text          0x10002584        0x0 Dave/Generated/src/CCU8GLOBAL/CCU8GLOBAL.o
 .text.CCU8GLOBAL_Init
                0x10002584       0x64 Dave/Generated/src/CCU8GLOBAL/CCU8GLOBAL.o
                0x10002584                CCU8GLOBAL_Init
 .text          0x100025e8        0x0 Dave/Generated/src/CCU8GLOBAL/CCU8GLOBAL_Conf.o
 .text          0x100025e8        0x0 Dave/Generated/src/CCU4GLOBAL/CCU4GLOBAL.o
 .text.CCU4GLOBAL_Init
                0x100025e8       0x6c Dave/Generated/src/CCU4GLOBAL/CCU4GLOBAL.o
                0x100025e8                CCU4GLOBAL_Init
 .text          0x10002654        0x0 Dave/Generated/src/CCU4GLOBAL/CCU4GLOBAL_Conf.o
 .text          0x10002654        0x0 Dave/Generated/src/ADCGLOB001/ADCGlob001.o
 .text.ADCGLOB001_Init
                0x10002654      0x104 Dave/Generated/src/ADCGLOB001/ADCGlob001.o
                0x10002654                ADCGLOB001_Init
 .text.ADCGLOB001_DeInit
                0x10002758       0x58 Dave/Generated/src/ADCGLOB001/ADCGlob001.o
                0x10002758                ADCGLOB001_DeInit
 .text.ADCGLOB001_CLKRequestDisable
                0x100027b0       0x18 Dave/Generated/src/ADCGLOB001/ADCGlob001.o
                0x100027b0                ADCGLOB001_CLKRequestDisable
 .text.ADCGLOB001_CLKRequestEnable
                0x100027c8       0x18 Dave/Generated/src/ADCGLOB001/ADCGlob001.o
                0x100027c8                ADCGLOB001_CLKRequestEnable
 .text.ADCGLOB001_SetStartUpCalibration
                0x100027e0       0x1e Dave/Generated/src/ADCGLOB001/ADCGlob001.o
                0x100027e0                ADCGLOB001_SetStartUpCalibration
 *fill*         0x100027fe        0x2 00
 .text.ADCGLOB001_StartUpCalibrationInit
                0x10002800       0x30 Dave/Generated/src/ADCGLOB001/ADCGlob001.o
                0x10002800                ADCGLOB001_StartUpCalibrationInit
 .text.ADCGLOB001_EnableSleepModeControl
                0x10002830       0x1a Dave/Generated/src/ADCGLOB001/ADCGlob001.o
                0x10002830                ADCGLOB001_EnableSleepModeControl
 .text.ADCGLOB001_DisregardSleepModeControl
                0x1000284a       0x1a Dave/Generated/src/ADCGLOB001/ADCGlob001.o
                0x1000284a                ADCGLOB001_DisregardSleepModeControl
 .text.ADCGLOB001_SetGlobClass0ConvMode
                0x10002864       0x34 Dave/Generated/src/ADCGLOB001/ADCGlob001.o
                0x10002864                ADCGLOB001_SetGlobClass0ConvMode
 .text.ADCGLOB001_SetGlobClass0SampleTime
                0x10002898       0x24 Dave/Generated/src/ADCGLOB001/ADCGlob001.o
                0x10002898                ADCGLOB001_SetGlobClass0SampleTime
 .text.ADCGLOB001_SetGlobClass0EmuxConvMode
                0x100028bc       0x34 Dave/Generated/src/ADCGLOB001/ADCGlob001.o
                0x100028bc                ADCGLOB001_SetGlobClass0EmuxConvMode
 .text.ADCGLOB001_SetGlobClass0EmuxSampleTime
                0x100028f0       0x30 Dave/Generated/src/ADCGLOB001/ADCGlob001.o
                0x100028f0                ADCGLOB001_SetGlobClass0EmuxSampleTime
 .text.ADCGLOB001_SetGlobClass1ConvMode
                0x10002920       0x34 Dave/Generated/src/ADCGLOB001/ADCGlob001.o
                0x10002920                ADCGLOB001_SetGlobClass1ConvMode
 .text.ADCGLOB001_SetGlobClass1SampleTime
                0x10002954       0x24 Dave/Generated/src/ADCGLOB001/ADCGlob001.o
                0x10002954                ADCGLOB001_SetGlobClass1SampleTime
 .text.ADCGLOB001_SetGlobClass1EmuxConvMode
                0x10002978       0x34 Dave/Generated/src/ADCGLOB001/ADCGlob001.o
                0x10002978                ADCGLOB001_SetGlobClass1EmuxConvMode
 .text.ADCGLOB001_SetGlobClass1EmuxSampleTime
                0x100029ac       0x30 Dave/Generated/src/ADCGLOB001/ADCGlob001.o
                0x100029ac                ADCGLOB001_SetGlobClass1EmuxSampleTime
 .text.ADCGLOB001_GetDisableBitStatus
                0x100029dc       0x1a Dave/Generated/src/ADCGLOB001/ADCGlob001.o
                0x100029dc                ADCGLOB001_GetDisableBitStatus
 .text.ADCGLOB001_GetIdValue
                0x100029f6       0x16 Dave/Generated/src/ADCGLOB001/ADCGlob001.o
                0x100029f6                ADCGLOB001_GetIdValue
 .text.EnableWritetoVadcRegisters
                0x10002a0c       0x7c Dave/Generated/src/ADCGLOB001/ADCGlob001.o
                0x10002a0c                EnableWritetoVadcRegisters
 .text.DisableWritetoVadcRegisters
                0x10002a88       0x78 Dave/Generated/src/ADCGLOB001/ADCGlob001.o
                0x10002a88                DisableWritetoVadcRegisters
 .text          0x10002b00        0x0 Dave/Generated/src/ADCGLOB001/ADCGlob001_Conf.o
 .text          0x10002b00       0x14 c:/dave-3.1.10/arm-gcc/bin/../lib/gcc/arm-none-eabi/4.7.4/armv6-m\libgcc.a(_thumb1_case_uqi.o)
                0x10002b00                __gnu_thumb1_case_uqi
 .text          0x10002b14       0x9c c:/dave-3.1.10/arm-gcc/bin/../lib/gcc/arm-none-eabi/4.7.4/armv6-m\libgcc.a(_udivsi3.o)
                0x10002b14                __aeabi_uidiv
                0x10002b14                __udivsi3
                0x10002b9c                __aeabi_uidivmod
 .text          0x10002bb0       0xc0 c:/dave-3.1.10/arm-gcc/bin/../lib/gcc/arm-none-eabi/4.7.4/armv6-m\libgcc.a(_divsi3.o)
                0x10002bb0                __divsi3
                0x10002bb0                __aeabi_idiv
                0x10002c5c                __aeabi_idivmod
 .text          0x10002c70        0x4 c:/dave-3.1.10/arm-gcc/bin/../lib/gcc/arm-none-eabi/4.7.4/armv6-m\libgcc.a(_dvmd_tls.o)
                0x10002c70                __aeabi_idiv0
                0x10002c70                __aeabi_ldiv0
 .text          0x10002c74       0x74 c:/dave-3.1.10/arm-gcc/bin/../lib/gcc/arm-none-eabi/4.7.4/armv6-m\libgcc.a(_arm_cmpsf2.o)
                0x10002c74                __aeabi_cfrcmple
                0x10002c7c                __aeabi_cfcmpeq
                0x10002c7c                __aeabi_cfcmple
                0x10002c8c                __aeabi_fcmpeq
                0x10002c98                __aeabi_fcmplt
                0x10002cac                __aeabi_fcmple
                0x10002cc0                __aeabi_fcmpgt
                0x10002cd4                __aeabi_fcmpge
 .text          0x10002ce8       0x30 c:/dave-3.1.10/arm-gcc/bin/../lib/gcc/arm-none-eabi/4.7.4/armv6-m\libgcc.a(_fixunssfsi.o)
                0x10002ce8                __fixunssfsi
                0x10002ce8                __aeabi_f2uiz
 .text          0x10002d18       0x40 c:/dave-3.1.10/arm-gcc/bin/../lib/gcc/arm-none-eabi/4.7.4/armv6-m\libgcc.a(_fixunsdfsi.o)
                0x10002d18                __aeabi_d2uiz
                0x10002d18                __fixunsdfsi
 .text          0x10002d58      0x274 c:/dave-3.1.10/arm-gcc/bin/../lib/gcc/arm-none-eabi/4.7.4/armv6-m\libgcc.a(divsf3.o)
                0x10002d58                __aeabi_fdiv
 .text          0x10002fcc       0x50 c:/dave-3.1.10/arm-gcc/bin/../lib/gcc/arm-none-eabi/4.7.4/armv6-m\libgcc.a(eqsf2.o)
                0x10002fcc                __eqsf2
                0x10002fcc                __nesf2
 .text          0x1000301c       0x90 c:/dave-3.1.10/arm-gcc/bin/../lib/gcc/arm-none-eabi/4.7.4/armv6-m\libgcc.a(gesf2.o)
                0x1000301c                __gesf2
                0x1000301c                __gtsf2
 .text          0x100030ac       0x90 c:/dave-3.1.10/arm-gcc/bin/../lib/gcc/arm-none-eabi/4.7.4/armv6-m\libgcc.a(lesf2.o)
                0x100030ac                __ltsf2
                0x100030ac                __lesf2
 .text          0x1000313c      0x260 c:/dave-3.1.10/arm-gcc/bin/../lib/gcc/arm-none-eabi/4.7.4/armv6-m\libgcc.a(mulsf3.o)
                0x1000313c                __aeabi_fmul
 .text          0x1000339c      0x3b4 c:/dave-3.1.10/arm-gcc/bin/../lib/gcc/arm-none-eabi/4.7.4/armv6-m\libgcc.a(subsf3.o)
                0x1000339c                __aeabi_fsub
 .text          0x10003750       0x40 c:/dave-3.1.10/arm-gcc/bin/../lib/gcc/arm-none-eabi/4.7.4/armv6-m\libgcc.a(fixsfsi.o)
                0x10003750                __aeabi_f2iz
 .text          0x10003790       0xa8 c:/dave-3.1.10/arm-gcc/bin/../lib/gcc/arm-none-eabi/4.7.4/armv6-m\libgcc.a(floatunsisf.o)
                0x10003790                __aeabi_ui2f
 .text          0x10003838      0x5b8 c:/dave-3.1.10/arm-gcc/bin/../lib/gcc/arm-none-eabi/4.7.4/armv6-m\libgcc.a(divdf3.o)
                0x10003838                __aeabi_ddiv
 .text          0x10003df0      0x4e4 c:/dave-3.1.10/arm-gcc/bin/../lib/gcc/arm-none-eabi/4.7.4/armv6-m\libgcc.a(muldf3.o)
                0x10003df0                __aeabi_dmul
 .text          0x100042d4      0x704 c:/dave-3.1.10/arm-gcc/bin/../lib/gcc/arm-none-eabi/4.7.4/armv6-m\libgcc.a(subdf3.o)
                0x100042d4                __aeabi_dsub
 .text          0x100049d8       0x68 c:/dave-3.1.10/arm-gcc/bin/../lib/gcc/arm-none-eabi/4.7.4/armv6-m\libgcc.a(fixdfsi.o)
                0x100049d8                __aeabi_d2iz
 .text          0x10004a40       0x64 c:/dave-3.1.10/arm-gcc/bin/../lib/gcc/arm-none-eabi/4.7.4/armv6-m\libgcc.a(floatunsidf.o)
                0x10004a40                __aeabi_ui2d
 .text          0x10004aa4       0xa8 c:/dave-3.1.10/arm-gcc/bin/../lib/gcc/arm-none-eabi/4.7.4/armv6-m\libgcc.a(extendsfdf2.o)
                0x10004aa4                __aeabi_f2d
 .text          0x10004b4c       0x7c c:/dave-3.1.10/arm-gcc/bin/../lib/gcc/arm-none-eabi/4.7.4/armv6-m\libgcc.a(_arm_cmpdf2.o)
                0x10004b4c                __aeabi_cdrcmple
                0x10004b5c                __aeabi_cdcmple
                0x10004b5c                __aeabi_cdcmpeq
                0x10004b6c                __aeabi_dcmpeq
                0x10004b78                __aeabi_dcmplt
                0x10004b8c                __aeabi_dcmple
                0x10004ba0                __aeabi_dcmpgt
                0x10004bb4                __aeabi_dcmpge
 .text          0x10004bc8       0x3c c:/dave-3.1.10/arm-gcc/bin/../lib/gcc/arm-none-eabi/4.7.4/armv6-m\libgcc.a(_clzsi2.o)
                0x10004bc8                __clzsi2
 .text          0x10004c04       0x7c c:/dave-3.1.10/arm-gcc/bin/../lib/gcc/arm-none-eabi/4.7.4/armv6-m\libgcc.a(eqdf2.o)
                0x10004c04                __nedf2
                0x10004c04                __eqdf2
 .text          0x10004c80       0xe8 c:/dave-3.1.10/arm-gcc/bin/../lib/gcc/arm-none-eabi/4.7.4/armv6-m\libgcc.a(gedf2.o)
                0x10004c80                __gedf2
                0x10004c80                __gtdf2
 .text          0x10004d68       0xd8 c:/dave-3.1.10/arm-gcc/bin/../lib/gcc/arm-none-eabi/4.7.4/armv6-m\libgcc.a(ledf2.o)
                0x10004d68                __ledf2
                0x10004d68                __ltdf2
 *(.glue*)
 .glue_7        0x00000000        0x0 linker stubs
 .glue_7t       0x00000000        0x0 linker stubs
 *(.v4*)
 .v4_bx         0x00000000        0x0 linker stubs
 *(.vfp11_veneer)
 .vfp11_veneer  0x00000000        0x0 linker stubs
 *(.init)
                0x10004e40                __preinit_array_start = .
 *(.preinit_array)
                0x10004e40                __preinit_array_end = .
                0x10004e40                __init_array_start = .
 *(SORT(.init_array.*))
 *(.init_array)
                0x10004e40                __init_array_end = .
 *crtbegin.o(.ctors)
 *(EXCLUDE_FILE(*crtend.o) .ctors)
 *(SORT(.ctors.*))
 *crtend.o(.ctors)
 *(.fini)
                0x10004e40                __fini_array_start = .
 *(.fini_array)
 *(SORT(.fini_array.*))
                0x10004e40                __fini_array_end = .
 *crtbegin.o(.dtors)
 *(EXCLUDE_FILE(*crtend.o) .dtors)
 *(SORT(.dtors.*))
 *crtend.o(.dtors)
                0x10004e40                __extab_start = .
 *(.ARM.extab* .gnu.linkonce.armextab.*)
 .ARM.extab.Xmc1300.reset
                0x10004e40        0x0 Startup/startup_XMC1300.o
 .ARM.extab.Xmc1300.postreset
                0x10004e40        0x0 Startup/startup_XMC1300.o
                0x10004e40                . = ALIGN (0x4)
                0x10004e40                __extab_end = ABSOLUTE (.)

.iplt           0x10004e40        0x0
 .iplt          0x00000000        0x0 Startup/startup_XMC1300.o

.ARM.exidx      0x10004e40       0x10
                0x10004e40                __exidx_start = .
 *(.ARM.exidx* .gnu.linkonce.armexidx.*)
 .ARM.exidx.Xmc1300.reset
                0x10004e40        0x8 Startup/startup_XMC1300.o
 .ARM.exidx.Xmc1300.postreset
                0x10004e48        0x8 Startup/startup_XMC1300.o
                0x10004e50                . = ALIGN (0x4)
                0x10004e50                __exidx_end = ABSOLUTE (.)

.rodata         0x10004e50      0x174
 *(.rodata .rodata.*)
 .rodata        0x10004e50       0x34 Dave/Generated/src/UART001/UART001_Conf.o
                0x10004e50                UART001_Handle0
 .rodata        0x10004e84        0x4 Dave/Generated/src/NVIC002/NVIC002_Conf.o
                0x10004e84                NVIC002_Handle0
 .rodata        0x10004e88       0x10 Dave/Generated/src/IO004/IO004_Conf.o
                0x10004e88                IO004_Handle1
                0x10004e90                IO004_Handle0
 .rodata        0x10004e98        0x8 Dave/Generated/src/CCU8GLOBAL/CCU8GLOBAL_Conf.o
                0x10004e98                CCU8GLOBAL_Handle0
 .rodata        0x10004ea0        0xc Dave/Generated/src/CCU4GLOBAL/CCU4GLOBAL_Conf.o
                0x10004ea0                CCU4Global_Handle0
 .rodata        0x10004eac       0x18 Dave/Generated/src/ADCGLOB001/ADCGlob001_Conf.o
                0x10004eac                ADCGLOB001_Handle0
 .rodata        0x10004ec4       0x40 c:/dave-3.1.10/arm-gcc/bin/../lib/gcc/arm-none-eabi/4.7.4/armv6-m\libgcc.a(divsf3.o)
 .rodata        0x10004f04       0x40 c:/dave-3.1.10/arm-gcc/bin/../lib/gcc/arm-none-eabi/4.7.4/armv6-m\libgcc.a(mulsf3.o)
 .rodata        0x10004f44       0x40 c:/dave-3.1.10/arm-gcc/bin/../lib/gcc/arm-none-eabi/4.7.4/armv6-m\libgcc.a(divdf3.o)
 .rodata        0x10004f84       0x40 c:/dave-3.1.10/arm-gcc/bin/../lib/gcc/arm-none-eabi/4.7.4/armv6-m\libgcc.a(muldf3.o)
 *(.gnu.linkonce.r*)
                0x10004fd0                . = ALIGN (0x10)
                0x10004fd0                eROData = .
                0x10004fd0                VeneerLoadAddr = ABSOLUTE (eROData)

.VENEER_Code    0x2000000c      0x138 load address 0x10004fd0
                0x2000000c                VeneerStart = .
 *(.XmcVeneerCode)
 .XmcVeneerCode
                0x2000000c      0x138 Startup/startup_XMC1300.o
                0x2000000c                HardFault_Veneer
                0x2000002c                SVC_Veneer
                0x20000038                PendSV_Veneer
                0x2000003c                SysTick_Veneer
                0x20000040                SCU_0_Veneer
                0x20000044                SCU_1_Veneer
                0x20000048                SCU_2_Veneer
                0x2000004c                SCU_3_Veneer
                0x20000050                SCU_4_Veneer
                0x20000054                SCU_5_Veneer
                0x20000058                SCU_6_Veneer
                0x2000005c                MATH_Veneer
                0x20000064                USIC0_0_Veneer
                0x20000068                USIC0_1_Veneer
                0x2000006c                USIC0_2_Veneer
                0x20000070                USIC0_3_Veneer
                0x20000074                USIC0_4_Veneer
                0x20000078                USIC0_5_Veneer
                0x2000007c                VADC0_C0_0_Veneer
                0x20000080                VADC0_C0_1_Veneer
                0x20000084                VADC0_G0_0_Veneer
                0x20000088                VADC0_G0_1_Veneer
                0x2000008c                VADC0_G1_0_Veneer
                0x20000090                VADC0_G1_1_Veneer
                0x20000094                CCU40_0_Veneer
                0x20000098                CCU40_1_Veneer
                0x2000009c                CCU40_2_Veneer
                0x200000a0                CCU40_3_Veneer
                0x200000a4                CCU80_0_Veneer
                0x200000a8                CCU80_1_Veneer
                0x200000ac                POSIF0_0_Veneer
                0x200000b0                POSIF0_1_Veneer
                0x200000bc                BCCU0_0_Veneer
                0x20000144                . = ALIGN (0x4)
                0x20000144                VeneerEnd = .
                0x00000138                VeneerSize = (ABSOLUTE (VeneerEnd) - ABSOLUTE (VeneerStart))

.rel.dyn        0x20000144        0x0 load address 0x10005108
 .rel.iplt      0x00000000        0x0 Startup/startup_XMC1300.o

.GUARD_Band     0x20000144        0xc load address 0x00000000
                0x20000147                . = (. + 0x3)
 *fill*         0x20000144        0x3 00
                0x20000150                . = ALIGN (0x10)
 *fill*         0x20000147        0x9 00
                0x20000150                Guard_Band_End = .

Stack           0x20000150      0x800 load address 0x00000000
                0x20000950                . = (. + stack_size)
 *fill*         0x20000150      0x800 00
                0x20000950                __Xmc1300_stack = .

.bss            0x20000950       0x58
                0x20000950                __Xmc1300_sBSS = .
 *(.bss)
 .bss           0x20000950        0x0 Startup/startup_XMC1300.o
 .bss           0x20000950        0x0 Startup/system_XMC1300.o
 .bss           0x20000950        0x6 ADC.o
                0x20000950                ADCReference
                0x20000954                ADCBEMF
 *fill*         0x20000956        0x2 00
 .bss           0x20000958       0x14 BlockCommutation.o
                0x20000958                InnerPWMPeriod
                0x2000095c                InnerPWMCompare
                0x20000960                OpenLoopFinish
                0x20000961                motorState
                0x20000968                PhaseState
 .bss           0x2000096c       0x1f DaisyChain.o
                0x2000096c                FifoRecBuffer
                0x2000097b                FifoTransBuffer
                0x20000988                DaisyCount
                0x2000098a                send_ready
 .bss           0x2000098b        0x0 Main.o
 *fill*         0x2000098b        0x1 00
 .bss           0x2000098c        0xc Lib/System_LibcStubs.o
                0x20000994                __dso_handle
 .bss           0x20000998        0x0 Dave/Generated/src/UART001/UART001.o
 .bss           0x20000998        0x0 Dave/Generated/src/UART001/UART001_Conf.o
 .bss           0x20000998        0x0 Dave/Generated/src/NVIC002/NVIC002.o
 .bss           0x20000998        0x0 Dave/Generated/src/NVIC002/NVIC002_Conf.o
 .bss           0x20000998        0x0 Dave/Generated/src/MATHLIBS/FASTMATH01.o
 .bss           0x20000998        0x0 Dave/Generated/src/MATHLIBS/MATH01.o
 .bss           0x20000998        0x0 Dave/Generated/src/MATHLIBS/MATHLLD01.o
 .bss           0x20000998        0x0 Dave/Generated/src/MATHLIBS/STDMATH01.o
 .bss           0x20000998        0x0 Dave/Generated/src/LIBS/CCU8PWMLIB.o
 .bss           0x20000998        0x0 Dave/Generated/src/LIBS/MOTORLIB.o
 .bss           0x20000998        0x0 Dave/Generated/src/IO004/IO004.o
 .bss           0x20000998        0x0 Dave/Generated/src/IO004/IO004_Conf.o
 .bss           0x20000998        0x0 Dave/Generated/src/DAVESupport/DAVE3.o
 .bss           0x20000998        0x0 Dave/Generated/src/DAVESupport/MULTIPLEXER.o
 .bss           0x20000998        0x0 Dave/Generated/src/CLK002/CLK002.o
 .bss           0x20000998        0x4 Dave/Generated/src/CCU8GLOBAL/CCU8GLOBAL.o
 .bss           0x2000099c        0x0 Dave/Generated/src/CCU8GLOBAL/CCU8GLOBAL_Conf.o
 .bss           0x2000099c        0x4 Dave/Generated/src/CCU4GLOBAL/CCU4GLOBAL.o
 .bss           0x200009a0        0x0 Dave/Generated/src/CCU4GLOBAL/CCU4GLOBAL_Conf.o
 .bss           0x200009a0        0x0 Dave/Generated/src/ADCGLOB001/ADCGlob001.o
 .bss           0x200009a0        0x1 Dave/Generated/src/ADCGLOB001/ADCGlob001_Conf.o
                0x200009a0                ADCGLOB001_DynamicData0
 .bss           0x200009a1        0x0 c:/dave-3.1.10/arm-gcc/bin/../lib/gcc/arm-none-eabi/4.7.4/armv6-m\libgcc.a(_thumb1_case_uqi.o)
 .bss           0x200009a1        0x0 c:/dave-3.1.10/arm-gcc/bin/../lib/gcc/arm-none-eabi/4.7.4/armv6-m\libgcc.a(_udivsi3.o)
 .bss           0x200009a1        0x0 c:/dave-3.1.10/arm-gcc/bin/../lib/gcc/arm-none-eabi/4.7.4/armv6-m\libgcc.a(_divsi3.o)
 .bss           0x200009a1        0x0 c:/dave-3.1.10/arm-gcc/bin/../lib/gcc/arm-none-eabi/4.7.4/armv6-m\libgcc.a(_dvmd_tls.o)
 .bss           0x200009a1        0x0 c:/dave-3.1.10/arm-gcc/bin/../lib/gcc/arm-none-eabi/4.7.4/armv6-m\libgcc.a(_arm_cmpsf2.o)
 .bss           0x200009a1        0x0 c:/dave-3.1.10/arm-gcc/bin/../lib/gcc/arm-none-eabi/4.7.4/armv6-m\libgcc.a(_fixunssfsi.o)
 .bss           0x200009a1        0x0 c:/dave-3.1.10/arm-gcc/bin/../lib/gcc/arm-none-eabi/4.7.4/armv6-m\libgcc.a(_fixunsdfsi.o)
 .bss           0x200009a1        0x0 c:/dave-3.1.10/arm-gcc/bin/../lib/gcc/arm-none-eabi/4.7.4/armv6-m\libgcc.a(divsf3.o)
 .bss           0x200009a1        0x0 c:/dave-3.1.10/arm-gcc/bin/../lib/gcc/arm-none-eabi/4.7.4/armv6-m\libgcc.a(eqsf2.o)
 .bss           0x200009a1        0x0 c:/dave-3.1.10/arm-gcc/bin/../lib/gcc/arm-none-eabi/4.7.4/armv6-m\libgcc.a(gesf2.o)
 .bss           0x200009a1        0x0 c:/dave-3.1.10/arm-gcc/bin/../lib/gcc/arm-none-eabi/4.7.4/armv6-m\libgcc.a(lesf2.o)
 .bss           0x200009a1        0x0 c:/dave-3.1.10/arm-gcc/bin/../lib/gcc/arm-none-eabi/4.7.4/armv6-m\libgcc.a(mulsf3.o)
 .bss           0x200009a1        0x0 c:/dave-3.1.10/arm-gcc/bin/../lib/gcc/arm-none-eabi/4.7.4/armv6-m\libgcc.a(subsf3.o)
 .bss           0x200009a1        0x0 c:/dave-3.1.10/arm-gcc/bin/../lib/gcc/arm-none-eabi/4.7.4/armv6-m\libgcc.a(fixsfsi.o)
 .bss           0x200009a1        0x0 c:/dave-3.1.10/arm-gcc/bin/../lib/gcc/arm-none-eabi/4.7.4/armv6-m\libgcc.a(floatunsisf.o)
 .bss           0x200009a1        0x0 c:/dave-3.1.10/arm-gcc/bin/../lib/gcc/arm-none-eabi/4.7.4/armv6-m\libgcc.a(divdf3.o)
 .bss           0x200009a1        0x0 c:/dave-3.1.10/arm-gcc/bin/../lib/gcc/arm-none-eabi/4.7.4/armv6-m\libgcc.a(muldf3.o)
 .bss           0x200009a1        0x0 c:/dave-3.1.10/arm-gcc/bin/../lib/gcc/arm-none-eabi/4.7.4/armv6-m\libgcc.a(subdf3.o)
 .bss           0x200009a1        0x0 c:/dave-3.1.10/arm-gcc/bin/../lib/gcc/arm-none-eabi/4.7.4/armv6-m\libgcc.a(fixdfsi.o)
 .bss           0x200009a1        0x0 c:/dave-3.1.10/arm-gcc/bin/../lib/gcc/arm-none-eabi/4.7.4/armv6-m\libgcc.a(floatunsidf.o)
 .bss           0x200009a1        0x0 c:/dave-3.1.10/arm-gcc/bin/../lib/gcc/arm-none-eabi/4.7.4/armv6-m\libgcc.a(extendsfdf2.o)
 .bss           0x200009a1        0x0 c:/dave-3.1.10/arm-gcc/bin/../lib/gcc/arm-none-eabi/4.7.4/armv6-m\libgcc.a(_arm_cmpdf2.o)
 .bss           0x200009a1        0x0 c:/dave-3.1.10/arm-gcc/bin/../lib/gcc/arm-none-eabi/4.7.4/armv6-m\libgcc.a(_clzsi2.o)
 .bss           0x200009a1        0x0 c:/dave-3.1.10/arm-gcc/bin/../lib/gcc/arm-none-eabi/4.7.4/armv6-m\libgcc.a(eqdf2.o)
 .bss           0x200009a1        0x0 c:/dave-3.1.10/arm-gcc/bin/../lib/gcc/arm-none-eabi/4.7.4/armv6-m\libgcc.a(gedf2.o)
 .bss           0x200009a1        0x0 c:/dave-3.1.10/arm-gcc/bin/../lib/gcc/arm-none-eabi/4.7.4/armv6-m\libgcc.a(ledf2.o)
 *(.bss*)
 *(COMMON)
 *fill*         0x200009a1        0x3 00
 COMMON         0x200009a4        0x4 Startup/system_XMC1300.o
                0x200009a4                SystemCoreClock
 *(.gnu.linkonce.b*)
                0x200009a8                __Xmc1300_eBSS = ALIGN (0x4)
                0x00000058                __Xmc1300_BSS_Size = (__Xmc1300_eBSS - __Xmc1300_sBSS)
                0x10005108                DataLoadAddr = (eROData + VeneerSize)

.data           0x200009b0       0x20 load address 0x10005108
                0x200009b0                __Xmc1300_sData = .
 *(.data)
 .data          0x200009b0        0x0 Startup/startup_XMC1300.o
 .data          0x200009b0        0x0 Startup/system_XMC1300.o
 .data          0x200009b0        0x0 ADC.o
 .data          0x200009b0        0xc BlockCommutation.o
                0x200009b0                InnerPWMFreq
                0x200009b4                CurrentDutyCycleStart
                0x200009b8                OpenLoopLock
 .data          0x200009bc        0x1 DaisyChain.o
                0x200009bc                DaisyTimeOut
 .data          0x200009bd        0x0 Main.o
 .data          0x200009bd        0x0 Lib/System_LibcStubs.o
 .data          0x200009bd        0x0 Dave/Generated/src/UART001/UART001.o
 *fill*         0x200009bd        0x3 00
 .data          0x200009c0        0x4 Dave/Generated/src/UART001/UART001_Conf.o
                0x200009c0                UART001_HandleArray
 .data          0x200009c4        0x0 Dave/Generated/src/NVIC002/NVIC002.o
 .data          0x200009c4        0x4 Dave/Generated/src/NVIC002/NVIC002_Conf.o
                0x200009c4                NVIC002_HandleArray
 .data          0x200009c8        0x0 Dave/Generated/src/MATHLIBS/FASTMATH01.o
 .data          0x200009c8        0x0 Dave/Generated/src/MATHLIBS/MATH01.o
 .data          0x200009c8        0x0 Dave/Generated/src/MATHLIBS/MATHLLD01.o
 .data          0x200009c8        0x0 Dave/Generated/src/MATHLIBS/STDMATH01.o
 .data          0x200009c8        0x0 Dave/Generated/src/LIBS/CCU8PWMLIB.o
 .data          0x200009c8        0x0 Dave/Generated/src/LIBS/MOTORLIB.o
 .data          0x200009c8        0x0 Dave/Generated/src/IO004/IO004.o
 .data          0x200009c8        0x0 Dave/Generated/src/IO004/IO004_Conf.o
 .data          0x200009c8        0x0 Dave/Generated/src/DAVESupport/DAVE3.o
 .data          0x200009c8        0x0 Dave/Generated/src/DAVESupport/MULTIPLEXER.o
 .data          0x200009c8        0x0 Dave/Generated/src/CLK002/CLK002.o
 .data          0x200009c8        0x0 Dave/Generated/src/CCU8GLOBAL/CCU8GLOBAL.o
 .data          0x200009c8        0x4 Dave/Generated/src/CCU8GLOBAL/CCU8GLOBAL_Conf.o
                0x200009c8                CCU8GLOBAL_HandleArray
 .data          0x200009cc        0x0 Dave/Generated/src/CCU4GLOBAL/CCU4GLOBAL.o
 .data          0x200009cc        0x4 Dave/Generated/src/CCU4GLOBAL/CCU4GLOBAL_Conf.o
                0x200009cc                CCU4Global_HandleArray
 .data          0x200009d0        0x0 Dave/Generated/src/ADCGLOB001/ADCGlob001.o
 .data          0x200009d0        0x0 Dave/Generated/src/ADCGLOB001/ADCGlob001_Conf.o
 .data          0x200009d0        0x0 c:/dave-3.1.10/arm-gcc/bin/../lib/gcc/arm-none-eabi/4.7.4/armv6-m\libgcc.a(_thumb1_case_uqi.o)
 .data          0x200009d0        0x0 c:/dave-3.1.10/arm-gcc/bin/../lib/gcc/arm-none-eabi/4.7.4/armv6-m\libgcc.a(_udivsi3.o)
 .data          0x200009d0        0x0 c:/dave-3.1.10/arm-gcc/bin/../lib/gcc/arm-none-eabi/4.7.4/armv6-m\libgcc.a(_divsi3.o)
 .data          0x200009d0        0x0 c:/dave-3.1.10/arm-gcc/bin/../lib/gcc/arm-none-eabi/4.7.4/armv6-m\libgcc.a(_dvmd_tls.o)
 .data          0x200009d0        0x0 c:/dave-3.1.10/arm-gcc/bin/../lib/gcc/arm-none-eabi/4.7.4/armv6-m\libgcc.a(_arm_cmpsf2.o)
 .data          0x200009d0        0x0 c:/dave-3.1.10/arm-gcc/bin/../lib/gcc/arm-none-eabi/4.7.4/armv6-m\libgcc.a(_fixunssfsi.o)
 .data          0x200009d0        0x0 c:/dave-3.1.10/arm-gcc/bin/../lib/gcc/arm-none-eabi/4.7.4/armv6-m\libgcc.a(_fixunsdfsi.o)
 .data          0x200009d0        0x0 c:/dave-3.1.10/arm-gcc/bin/../lib/gcc/arm-none-eabi/4.7.4/armv6-m\libgcc.a(divsf3.o)
 .data          0x200009d0        0x0 c:/dave-3.1.10/arm-gcc/bin/../lib/gcc/arm-none-eabi/4.7.4/armv6-m\libgcc.a(eqsf2.o)
 .data          0x200009d0        0x0 c:/dave-3.1.10/arm-gcc/bin/../lib/gcc/arm-none-eabi/4.7.4/armv6-m\libgcc.a(gesf2.o)
 .data          0x200009d0        0x0 c:/dave-3.1.10/arm-gcc/bin/../lib/gcc/arm-none-eabi/4.7.4/armv6-m\libgcc.a(lesf2.o)
 .data          0x200009d0        0x0 c:/dave-3.1.10/arm-gcc/bin/../lib/gcc/arm-none-eabi/4.7.4/armv6-m\libgcc.a(mulsf3.o)
 .data          0x200009d0        0x0 c:/dave-3.1.10/arm-gcc/bin/../lib/gcc/arm-none-eabi/4.7.4/armv6-m\libgcc.a(subsf3.o)
 .data          0x200009d0        0x0 c:/dave-3.1.10/arm-gcc/bin/../lib/gcc/arm-none-eabi/4.7.4/armv6-m\libgcc.a(fixsfsi.o)
 .data          0x200009d0        0x0 c:/dave-3.1.10/arm-gcc/bin/../lib/gcc/arm-none-eabi/4.7.4/armv6-m\libgcc.a(floatunsisf.o)
 .data          0x200009d0        0x0 c:/dave-3.1.10/arm-gcc/bin/../lib/gcc/arm-none-eabi/4.7.4/armv6-m\libgcc.a(divdf3.o)
 .data          0x200009d0        0x0 c:/dave-3.1.10/arm-gcc/bin/../lib/gcc/arm-none-eabi/4.7.4/armv6-m\libgcc.a(muldf3.o)
 .data          0x200009d0        0x0 c:/dave-3.1.10/arm-gcc/bin/../lib/gcc/arm-none-eabi/4.7.4/armv6-m\libgcc.a(subdf3.o)
 .data          0x200009d0        0x0 c:/dave-3.1.10/arm-gcc/bin/../lib/gcc/arm-none-eabi/4.7.4/armv6-m\libgcc.a(fixdfsi.o)
 .data          0x200009d0        0x0 c:/dave-3.1.10/arm-gcc/bin/../lib/gcc/arm-none-eabi/4.7.4/armv6-m\libgcc.a(floatunsidf.o)
 .data          0x200009d0        0x0 c:/dave-3.1.10/arm-gcc/bin/../lib/gcc/arm-none-eabi/4.7.4/armv6-m\libgcc.a(extendsfdf2.o)
 .data          0x200009d0        0x0 c:/dave-3.1.10/arm-gcc/bin/../lib/gcc/arm-none-eabi/4.7.4/armv6-m\libgcc.a(_arm_cmpdf2.o)
 .data          0x200009d0        0x0 c:/dave-3.1.10/arm-gcc/bin/../lib/gcc/arm-none-eabi/4.7.4/armv6-m\libgcc.a(_clzsi2.o)
 .data          0x200009d0        0x0 c:/dave-3.1.10/arm-gcc/bin/../lib/gcc/arm-none-eabi/4.7.4/armv6-m\libgcc.a(eqdf2.o)
 .data          0x200009d0        0x0 c:/dave-3.1.10/arm-gcc/bin/../lib/gcc/arm-none-eabi/4.7.4/armv6-m\libgcc.a(gedf2.o)
 .data          0x200009d0        0x0 c:/dave-3.1.10/arm-gcc/bin/../lib/gcc/arm-none-eabi/4.7.4/armv6-m\libgcc.a(ledf2.o)
 *(.data*)
 *(*.data)
 *(.gnu.linkonce.d*)
                0x200009d0                __Xmc1300_eData = ALIGN (0x4)
                0x00000020                __Xmc1300_Data_Size = (__Xmc1300_eData - __Xmc1300_sData)

.igot.plt       0x200009d0        0x0 load address 0x10005128
 .igot.plt      0x00000000        0x0 Startup/startup_XMC1300.o

.ram_code       0x200009d0        0x0 load address 0x10005128
                0x200009d0                __ram_code_start = .
 *(.ram_code)
                0x200009d0                __ram_code_end = .
                0x10005128                __ram_code_load = LOADADDR (.ram_code)
                0x00000000                __ram_code_size = (__ram_code_end - __ram_code_start)
                0x200009d0                __Xmc1300_heap_start = ALIGN (0x8)
                0x20004000                __Xmc1300_heap_end = (ORIGIN (SRAM) + 0x4000)
                0x200009d0                Heap_Bank1_Start = __Xmc1300_heap_start
                0x00003630                Heap_Bank1_Size = (__Xmc1300_heap_end - __Xmc1300_heap_start)

/DISCARD/
 *(.comment)

.stab
 *(.stab)

.stabstr
 *(.stabstr)

.debug
 *(.debug)

.line
 *(.line)

.debug_srcinfo
 *(.debug_srcinfo)

.debug_sfnames
 *(.debug_sfnames)

.debug_aranges
 *(.debug_aranges)

.debug_pubnames
 *(.debug_pubnames)

.debug_pubtypes
 *(.debug_pubtypes)

.debug_info
 *(.debug_info .gnu.linkonce.wi.*)

.debug_abbrev
 *(.debug_abbrev)

.debug_line
 *(.debug_line)

.debug_frame    0x00000000      0x3e8
 *(.debug_frame)
 .debug_frame   0x00000000       0x20 c:/dave-3.1.10/arm-gcc/bin/../lib/gcc/arm-none-eabi/4.7.4/armv6-m\libgcc.a(_udivsi3.o)
 .debug_frame   0x00000020       0x20 c:/dave-3.1.10/arm-gcc/bin/../lib/gcc/arm-none-eabi/4.7.4/armv6-m\libgcc.a(_divsi3.o)
 .debug_frame   0x00000040       0x28 c:/dave-3.1.10/arm-gcc/bin/../lib/gcc/arm-none-eabi/4.7.4/armv6-m\libgcc.a(_fixunssfsi.o)
 .debug_frame   0x00000068       0x2c c:/dave-3.1.10/arm-gcc/bin/../lib/gcc/arm-none-eabi/4.7.4/armv6-m\libgcc.a(_fixunsdfsi.o)
 .debug_frame   0x00000094       0x3c c:/dave-3.1.10/arm-gcc/bin/../lib/gcc/arm-none-eabi/4.7.4/armv6-m\libgcc.a(divsf3.o)
 .debug_frame   0x000000d0       0x2c c:/dave-3.1.10/arm-gcc/bin/../lib/gcc/arm-none-eabi/4.7.4/armv6-m\libgcc.a(eqsf2.o)
 .debug_frame   0x000000fc       0x30 c:/dave-3.1.10/arm-gcc/bin/../lib/gcc/arm-none-eabi/4.7.4/armv6-m\libgcc.a(gesf2.o)
 .debug_frame   0x0000012c       0x30 c:/dave-3.1.10/arm-gcc/bin/../lib/gcc/arm-none-eabi/4.7.4/armv6-m\libgcc.a(lesf2.o)
 .debug_frame   0x0000015c       0x3c c:/dave-3.1.10/arm-gcc/bin/../lib/gcc/arm-none-eabi/4.7.4/armv6-m\libgcc.a(mulsf3.o)
 .debug_frame   0x00000198       0x30 c:/dave-3.1.10/arm-gcc/bin/../lib/gcc/arm-none-eabi/4.7.4/armv6-m\libgcc.a(subsf3.o)
 .debug_frame   0x000001c8       0x20 c:/dave-3.1.10/arm-gcc/bin/../lib/gcc/arm-none-eabi/4.7.4/armv6-m\libgcc.a(fixsfsi.o)
 .debug_frame   0x000001e8       0x28 c:/dave-3.1.10/arm-gcc/bin/../lib/gcc/arm-none-eabi/4.7.4/armv6-m\libgcc.a(floatunsisf.o)
 .debug_frame   0x00000210       0x3c c:/dave-3.1.10/arm-gcc/bin/../lib/gcc/arm-none-eabi/4.7.4/armv6-m\libgcc.a(divdf3.o)
 .debug_frame   0x0000024c       0x3c c:/dave-3.1.10/arm-gcc/bin/../lib/gcc/arm-none-eabi/4.7.4/armv6-m\libgcc.a(muldf3.o)
 .debug_frame   0x00000288       0x38 c:/dave-3.1.10/arm-gcc/bin/../lib/gcc/arm-none-eabi/4.7.4/armv6-m\libgcc.a(subdf3.o)
 .debug_frame   0x000002c0       0x2c c:/dave-3.1.10/arm-gcc/bin/../lib/gcc/arm-none-eabi/4.7.4/armv6-m\libgcc.a(fixdfsi.o)
 .debug_frame   0x000002ec       0x2c c:/dave-3.1.10/arm-gcc/bin/../lib/gcc/arm-none-eabi/4.7.4/armv6-m\libgcc.a(floatunsidf.o)
 .debug_frame   0x00000318       0x2c c:/dave-3.1.10/arm-gcc/bin/../lib/gcc/arm-none-eabi/4.7.4/armv6-m\libgcc.a(extendsfdf2.o)
 .debug_frame   0x00000344       0x34 c:/dave-3.1.10/arm-gcc/bin/../lib/gcc/arm-none-eabi/4.7.4/armv6-m\libgcc.a(eqdf2.o)
 .debug_frame   0x00000378       0x38 c:/dave-3.1.10/arm-gcc/bin/../lib/gcc/arm-none-eabi/4.7.4/armv6-m\libgcc.a(gedf2.o)
 .debug_frame   0x000003b0       0x38 c:/dave-3.1.10/arm-gcc/bin/../lib/gcc/arm-none-eabi/4.7.4/armv6-m\libgcc.a(ledf2.o)

.debug_str
 *(.debug_str)

.debug_loc
 *(.debug_loc)

.debug_macinfo
 *(.debug_macinfo)

.debug_ranges
 *(.debug_ranges)

.debug_weaknames
 *(.debug_weaknames)

.debug_funcnames
 *(.debug_funcnames)

.debug_typenames
 *(.debug_typenames)

.debug_varnames
 *(.debug_varnames)

.build_attributes
                0x00000000      0x962
 *(.ARM.attributes)
 .ARM.attributes
                0x00000000       0x21 Startup/startup_XMC1300.o
 .ARM.attributes
                0x00000021       0x31 Startup/system_XMC1300.o
 .ARM.attributes
                0x00000052       0x31 ADC.o
 .ARM.attributes
                0x00000083       0x31 BlockCommutation.o
 .ARM.attributes
                0x000000b4       0x31 DaisyChain.o
 .ARM.attributes
                0x000000e5       0x31 Main.o
 .ARM.attributes
                0x00000116       0x31 Lib/System_LibcStubs.o
 .ARM.attributes
                0x00000147       0x31 Dave/Generated/src/UART001/UART001.o
 .ARM.attributes
                0x00000178       0x31 Dave/Generated/src/UART001/UART001_Conf.o
 .ARM.attributes
                0x000001a9       0x31 Dave/Generated/src/NVIC002/NVIC002.o
 .ARM.attributes
                0x000001da       0x31 Dave/Generated/src/NVIC002/NVIC002_Conf.o
 .ARM.attributes
                0x0000020b       0x31 Dave/Generated/src/MATHLIBS/FASTMATH01.o
 .ARM.attributes
                0x0000023c       0x31 Dave/Generated/src/MATHLIBS/MATH01.o
 .ARM.attributes
                0x0000026d       0x31 Dave/Generated/src/MATHLIBS/MATHLLD01.o
 .ARM.attributes
                0x0000029e       0x31 Dave/Generated/src/MATHLIBS/STDMATH01.o
 .ARM.attributes
                0x000002cf       0x31 Dave/Generated/src/LIBS/CCU8PWMLIB.o
 .ARM.attributes
                0x00000300       0x31 Dave/Generated/src/LIBS/MOTORLIB.o
 .ARM.attributes
                0x00000331       0x31 Dave/Generated/src/IO004/IO004.o
 .ARM.attributes
                0x00000362       0x31 Dave/Generated/src/IO004/IO004_Conf.o
 .ARM.attributes
                0x00000393       0x31 Dave/Generated/src/DAVESupport/DAVE3.o
 .ARM.attributes
                0x000003c4       0x31 Dave/Generated/src/DAVESupport/MULTIPLEXER.o
 .ARM.attributes
                0x000003f5       0x31 Dave/Generated/src/CLK002/CLK002.o
 .ARM.attributes
                0x00000426       0x31 Dave/Generated/src/CCU8GLOBAL/CCU8GLOBAL.o
 .ARM.attributes
                0x00000457       0x31 Dave/Generated/src/CCU8GLOBAL/CCU8GLOBAL_Conf.o
 .ARM.attributes
                0x00000488       0x31 Dave/Generated/src/CCU4GLOBAL/CCU4GLOBAL.o
 .ARM.attributes
                0x000004b9       0x31 Dave/Generated/src/CCU4GLOBAL/CCU4GLOBAL_Conf.o
 .ARM.attributes
                0x000004ea       0x31 Dave/Generated/src/ADCGLOB001/ADCGlob001.o
 .ARM.attributes
                0x0000051b       0x31 Dave/Generated/src/ADCGLOB001/ADCGlob001_Conf.o
 .ARM.attributes
                0x0000054c       0x1e c:/dave-3.1.10/arm-gcc/bin/../lib/gcc/arm-none-eabi/4.7.4/armv6-m\libgcc.a(_thumb1_case_uqi.o)
 .ARM.attributes
                0x0000056a       0x1e c:/dave-3.1.10/arm-gcc/bin/../lib/gcc/arm-none-eabi/4.7.4/armv6-m\libgcc.a(_udivsi3.o)
 .ARM.attributes
                0x00000588       0x1e c:/dave-3.1.10/arm-gcc/bin/../lib/gcc/arm-none-eabi/4.7.4/armv6-m\libgcc.a(_divsi3.o)
 .ARM.attributes
                0x000005a6       0x1e c:/dave-3.1.10/arm-gcc/bin/../lib/gcc/arm-none-eabi/4.7.4/armv6-m\libgcc.a(_dvmd_tls.o)
 .ARM.attributes
                0x000005c4       0x1e c:/dave-3.1.10/arm-gcc/bin/../lib/gcc/arm-none-eabi/4.7.4/armv6-m\libgcc.a(_arm_cmpsf2.o)
 .ARM.attributes
                0x000005e2       0x2c c:/dave-3.1.10/arm-gcc/bin/../lib/gcc/arm-none-eabi/4.7.4/armv6-m\libgcc.a(_fixunssfsi.o)
 .ARM.attributes
                0x0000060e       0x2c c:/dave-3.1.10/arm-gcc/bin/../lib/gcc/arm-none-eabi/4.7.4/armv6-m\libgcc.a(_fixunsdfsi.o)
 .ARM.attributes
                0x0000063a       0x2c c:/dave-3.1.10/arm-gcc/bin/../lib/gcc/arm-none-eabi/4.7.4/armv6-m\libgcc.a(divsf3.o)
 .ARM.attributes
                0x00000666       0x2c c:/dave-3.1.10/arm-gcc/bin/../lib/gcc/arm-none-eabi/4.7.4/armv6-m\libgcc.a(eqsf2.o)
 .ARM.attributes
                0x00000692       0x2c c:/dave-3.1.10/arm-gcc/bin/../lib/gcc/arm-none-eabi/4.7.4/armv6-m\libgcc.a(gesf2.o)
 .ARM.attributes
                0x000006be       0x2c c:/dave-3.1.10/arm-gcc/bin/../lib/gcc/arm-none-eabi/4.7.4/armv6-m\libgcc.a(lesf2.o)
 .ARM.attributes
                0x000006ea       0x2c c:/dave-3.1.10/arm-gcc/bin/../lib/gcc/arm-none-eabi/4.7.4/armv6-m\libgcc.a(mulsf3.o)
 .ARM.attributes
                0x00000716       0x2c c:/dave-3.1.10/arm-gcc/bin/../lib/gcc/arm-none-eabi/4.7.4/armv6-m\libgcc.a(subsf3.o)
 .ARM.attributes
                0x00000742       0x2c c:/dave-3.1.10/arm-gcc/bin/../lib/gcc/arm-none-eabi/4.7.4/armv6-m\libgcc.a(fixsfsi.o)
 .ARM.attributes
                0x0000076e       0x2c c:/dave-3.1.10/arm-gcc/bin/../lib/gcc/arm-none-eabi/4.7.4/armv6-m\libgcc.a(floatunsisf.o)
 .ARM.attributes
                0x0000079a       0x2c c:/dave-3.1.10/arm-gcc/bin/../lib/gcc/arm-none-eabi/4.7.4/armv6-m\libgcc.a(divdf3.o)
 .ARM.attributes
                0x000007c6       0x2c c:/dave-3.1.10/arm-gcc/bin/../lib/gcc/arm-none-eabi/4.7.4/armv6-m\libgcc.a(muldf3.o)
 .ARM.attributes
                0x000007f2       0x2c c:/dave-3.1.10/arm-gcc/bin/../lib/gcc/arm-none-eabi/4.7.4/armv6-m\libgcc.a(subdf3.o)
 .ARM.attributes
                0x0000081e       0x2c c:/dave-3.1.10/arm-gcc/bin/../lib/gcc/arm-none-eabi/4.7.4/armv6-m\libgcc.a(fixdfsi.o)
 .ARM.attributes
                0x0000084a       0x2c c:/dave-3.1.10/arm-gcc/bin/../lib/gcc/arm-none-eabi/4.7.4/armv6-m\libgcc.a(floatunsidf.o)
 .ARM.attributes
                0x00000876       0x2c c:/dave-3.1.10/arm-gcc/bin/../lib/gcc/arm-none-eabi/4.7.4/armv6-m\libgcc.a(extendsfdf2.o)
 .ARM.attributes
                0x000008a2       0x1e c:/dave-3.1.10/arm-gcc/bin/../lib/gcc/arm-none-eabi/4.7.4/armv6-m\libgcc.a(_arm_cmpdf2.o)
 .ARM.attributes
                0x000008c0       0x1e c:/dave-3.1.10/arm-gcc/bin/../lib/gcc/arm-none-eabi/4.7.4/armv6-m\libgcc.a(_clzsi2.o)
 .ARM.attributes
                0x000008de       0x2c c:/dave-3.1.10/arm-gcc/bin/../lib/gcc/arm-none-eabi/4.7.4/armv6-m\libgcc.a(eqdf2.o)
 .ARM.attributes
                0x0000090a       0x2c c:/dave-3.1.10/arm-gcc/bin/../lib/gcc/arm-none-eabi/4.7.4/armv6-m\libgcc.a(gedf2.o)
 .ARM.attributes
                0x00000936       0x2c c:/dave-3.1.10/arm-gcc/bin/../lib/gcc/arm-none-eabi/4.7.4/armv6-m\libgcc.a(ledf2.o)
OUTPUT(ESC_Pinus_XMC1302_V1.2.elf elf32-littlearm)
