Archive member included because of file (symbol)

c:/dave-3.1.10/arm-gcc/bin/../lib/gcc/arm-none-eabi/4.7.4/../../../../arm-none-eabi/lib/armv7e-m\libm.a(lib_a-w_asin.o)
                              _Quadrocopter/Sensors/MPU9X50/MPU9150.o (asin)
c:/dave-3.1.10/arm-gcc/bin/../lib/gcc/arm-none-eabi/4.7.4/../../../../arm-none-eabi/lib/armv7e-m\libm.a(lib_a-w_atan2.o)
                              _Quadrocopter/Sensors/MPU9X50/MPU9150.o (atan2)
c:/dave-3.1.10/arm-gcc/bin/../lib/gcc/arm-none-eabi/4.7.4/../../../../arm-none-eabi/lib/armv7e-m\libm.a(lib_a-w_pow.o)
                              _Quadrocopter/Sensors/MPU9X50/MPU9150.o (pow)
c:/dave-3.1.10/arm-gcc/bin/../lib/gcc/arm-none-eabi/4.7.4/../../../../arm-none-eabi/lib/armv7e-m\libm.a(lib_a-w_sqrt.o)
                              _Quadrocopter/Sensors/MPU9X50/Filter/QuaternionFilters.o (sqrt)
c:/dave-3.1.10/arm-gcc/bin/../lib/gcc/arm-none-eabi/4.7.4/../../../../arm-none-eabi/lib/armv7e-m\libm.a(lib_a-e_asin.o)
                              c:/dave-3.1.10/arm-gcc/bin/../lib/gcc/arm-none-eabi/4.7.4/../../../../arm-none-eabi/lib/armv7e-m\libm.a(lib_a-w_asin.o) (__ieee754_asin)
c:/dave-3.1.10/arm-gcc/bin/../lib/gcc/arm-none-eabi/4.7.4/../../../../arm-none-eabi/lib/armv7e-m\libm.a(lib_a-e_atan2.o)
                              c:/dave-3.1.10/arm-gcc/bin/../lib/gcc/arm-none-eabi/4.7.4/../../../../arm-none-eabi/lib/armv7e-m\libm.a(lib_a-w_atan2.o) (__ieee754_atan2)
c:/dave-3.1.10/arm-gcc/bin/../lib/gcc/arm-none-eabi/4.7.4/../../../../arm-none-eabi/lib/armv7e-m\libm.a(lib_a-e_pow.o)
                              c:/dave-3.1.10/arm-gcc/bin/../lib/gcc/arm-none-eabi/4.7.4/../../../../arm-none-eabi/lib/armv7e-m\libm.a(lib_a-w_pow.o) (__ieee754_pow)
c:/dave-3.1.10/arm-gcc/bin/../lib/gcc/arm-none-eabi/4.7.4/../../../../arm-none-eabi/lib/armv7e-m\libm.a(lib_a-e_sqrt.o)
                              c:/dave-3.1.10/arm-gcc/bin/../lib/gcc/arm-none-eabi/4.7.4/../../../../arm-none-eabi/lib/armv7e-m\libm.a(lib_a-w_sqrt.o) (__ieee754_sqrt)
c:/dave-3.1.10/arm-gcc/bin/../lib/gcc/arm-none-eabi/4.7.4/../../../../arm-none-eabi/lib/armv7e-m\libm.a(lib_a-s_atan.o)
                              c:/dave-3.1.10/arm-gcc/bin/../lib/gcc/arm-none-eabi/4.7.4/../../../../arm-none-eabi/lib/armv7e-m\libm.a(lib_a-e_atan2.o) (atan)
c:/dave-3.1.10/arm-gcc/bin/../lib/gcc/arm-none-eabi/4.7.4/../../../../arm-none-eabi/lib/armv7e-m\libm.a(lib_a-s_fabs.o)
                              c:/dave-3.1.10/arm-gcc/bin/../lib/gcc/arm-none-eabi/4.7.4/../../../../arm-none-eabi/lib/armv7e-m\libm.a(lib_a-w_asin.o) (fabs)
c:/dave-3.1.10/arm-gcc/bin/../lib/gcc/arm-none-eabi/4.7.4/../../../../arm-none-eabi/lib/armv7e-m\libm.a(lib_a-s_finite.o)
                              c:/dave-3.1.10/arm-gcc/bin/../lib/gcc/arm-none-eabi/4.7.4/../../../../arm-none-eabi/lib/armv7e-m\libm.a(lib_a-w_pow.o) (finite)
c:/dave-3.1.10/arm-gcc/bin/../lib/gcc/arm-none-eabi/4.7.4/../../../../arm-none-eabi/lib/armv7e-m\libm.a(lib_a-s_fpclassify.o)
                              c:/dave-3.1.10/arm-gcc/bin/../lib/gcc/arm-none-eabi/4.7.4/../../../../arm-none-eabi/lib/armv7e-m\libm.a(lib_a-w_asin.o) (__fpclassifyd)
c:/dave-3.1.10/arm-gcc/bin/../lib/gcc/arm-none-eabi/4.7.4/../../../../arm-none-eabi/lib/armv7e-m\libm.a(lib_a-s_lib_ver.o)
                              c:/dave-3.1.10/arm-gcc/bin/../lib/gcc/arm-none-eabi/4.7.4/../../../../arm-none-eabi/lib/armv7e-m\libm.a(lib_a-w_asin.o) (__fdlib_version)
c:/dave-3.1.10/arm-gcc/bin/../lib/gcc/arm-none-eabi/4.7.4/../../../../arm-none-eabi/lib/armv7e-m\libm.a(lib_a-s_matherr.o)
                              c:/dave-3.1.10/arm-gcc/bin/../lib/gcc/arm-none-eabi/4.7.4/../../../../arm-none-eabi/lib/armv7e-m\libm.a(lib_a-w_asin.o) (matherr)
c:/dave-3.1.10/arm-gcc/bin/../lib/gcc/arm-none-eabi/4.7.4/../../../../arm-none-eabi/lib/armv7e-m\libm.a(lib_a-s_nan.o)
                              c:/dave-3.1.10/arm-gcc/bin/../lib/gcc/arm-none-eabi/4.7.4/../../../../arm-none-eabi/lib/armv7e-m\libm.a(lib_a-w_asin.o) (nan)
c:/dave-3.1.10/arm-gcc/bin/../lib/gcc/arm-none-eabi/4.7.4/../../../../arm-none-eabi/lib/armv7e-m\libm.a(lib_a-s_rint.o)
                              c:/dave-3.1.10/arm-gcc/bin/../lib/gcc/arm-none-eabi/4.7.4/../../../../arm-none-eabi/lib/armv7e-m\libm.a(lib_a-w_pow.o) (rint)
c:/dave-3.1.10/arm-gcc/bin/../lib/gcc/arm-none-eabi/4.7.4/../../../../arm-none-eabi/lib/armv7e-m\libm.a(lib_a-s_scalbn.o)
                              c:/dave-3.1.10/arm-gcc/bin/../lib/gcc/arm-none-eabi/4.7.4/../../../../arm-none-eabi/lib/armv7e-m\libm.a(lib_a-e_pow.o) (scalbn)
c:/dave-3.1.10/arm-gcc/bin/../lib/gcc/arm-none-eabi/4.7.4/../../../../arm-none-eabi/lib/armv7e-m\libm.a(lib_a-s_copysign.o)
                              c:/dave-3.1.10/arm-gcc/bin/../lib/gcc/arm-none-eabi/4.7.4/../../../../arm-none-eabi/lib/armv7e-m\libm.a(lib_a-s_scalbn.o) (copysign)
c:/dave-3.1.10/arm-gcc/bin/../lib/gcc/arm-none-eabi/4.7.4/armv7e-m\libgcc.a(_arm_addsubdf3.o)
                              _Quadrocopter/_HAL/Delay/util.o (__aeabi_dsub)
[...]
Memory Configuration

Name             Origin             Length             Attributes
FLASH_1_cached   0x08000000         0x00100000         xr
FLASH_1_uncached 0x0c000000         0x00100000         xr
PSRAM_1          0x10000000         0x00010000         !xr
DSRAM_1_system   0x20000000         0x00010000         !xr
DSRAM_2_comm     0x30000000         0x00008000         !xr
*default*        0x00000000         0xffffffff

Linker script and memory map

LOAD _Quadrocopter/_HAL/I2C/I2Cdev.o
LOAD _Quadrocopter/_HAL/Delay/util.o
LOAD _Quadrocopter/_FIR_Filter/FIR_Filter.o
LOAD _Quadrocopter/Sensors/MPU9X50/MPU9150.o
LOAD _Quadrocopter/Sensors/MPU9X50/Filter/QuaternionFilters.o
LOAD _Quadrocopter/Sensors/MPU9X50/Filter/kalman.o
LOAD _Quadrocopter/Sensors/DPS310/DPS310.o
LOAD _Quadrocopter/RemoteControl/RCReceive.o
LOAD _Quadrocopter/RemoteControl/BluetoothProtocol/BluetoothProtocol.o
LOAD _Quadrocopter/DaisyChain/DaisyChain.o
LOAD _Quadrocopter/BatterySafety/BatterySafety.o
LOAD _Quadrocopter/Attitude_Control/AttitudeController.o
LOAD Startup/startup_XMC4500.o
LOAD Startup/system_XMC4500.o
LOAD Main.o
LOAD Lib/System_LibcStubs.o
LOAD Dave/Generated/src/USBVC001/Descriptors.o
LOAD Dave/Generated/src/USBVC001/USBVC001_Conf.o
LOAD Dave/Generated/src/USBVC001/usbvc001.o
LOAD Dave/Generated/src/USBLD001/usbld001_Conf.o
LOAD Dave/Generated/src/USBLD001/usbld001_delay.o
LOAD Dave/Generated/src/USBLD001/dwc_common_port/dwc_common_linux.o
LOAD Dave/Generated/src/USBLD001/driver/dwc_otg_adp.o
LOAD Dave/Generated/src/USBLD001/driver/dwc_otg_cil.o
LOAD Dave/Generated/src/USBLD001/driver/dwc_otg_cil_intr.o
LOAD Dave/Generated/src/USBLD001/driver/dwc_otg_hcd.o
LOAD Dave/Generated/src/USBLD001/driver/dwc_otg_hcd_ddma.o
LOAD Dave/Generated/src/USBLD001/driver/dwc_otg_hcd_intr.o
LOAD Dave/Generated/src/USBLD001/driver/dwc_otg_hcd_queue.o
LOAD Dave/Generated/src/USBLD001/driver/dwc_otg_pcd.o
LOAD Dave/Generated/src/USBLD001/driver/dwc_otg_pcd_intr.o
LOAD Dave/Generated/src/USBCORE001/usbcore001.o
LOAD Dave/Generated/src/USBCORE001/usbcore001_Conf.o
LOAD Dave/Generated/src/USBCORE001/usbcore001_device.o
LOAD Dave/Generated/src/USBCORE001/usbcore001_host.o
LOAD Dave/Generated/src/USBCDC001/Drivers/USB/Core/USBTask.o
LOAD Dave/Generated/src/USBCDC001/Drivers/USB/Class/Device/CDC.o
LOAD Dave/Generated/src/UART001/UART001.o
LOAD Dave/Generated/src/UART001/UART001_Conf.o
LOAD Dave/Generated/src/SYSTM001/SYSTM001.o
LOAD Dave/Generated/src/SLTHA003/SLTHA003.o
LOAD Dave/Generated/src/SLTHA003/SLTHA003_Conf.o
LOAD Dave/Generated/src/RTC001/RTC001.o
LOAD Dave/Generated/src/RTC001/RTC001_Conf.o
LOAD Dave/Generated/src/RESET001/RESET001.o
LOAD Dave/Generated/src/PWMSP001/PWMSP001.o
LOAD Dave/Generated/src/PWMSP001/PWMSP001_Conf.o
LOAD Dave/Generated/src/NVIC_SCU001/NVIC_SCU001.o
LOAD Dave/Generated/src/NVIC002/NVIC002.o
LOAD Dave/Generated/src/NVIC002/NVIC002_Conf.o
LOAD Dave/Generated/src/LMM001/LMM001.o
LOAD Dave/Generated/src/LMM001/LMM001_Conf.o
LOAD Dave/Generated/src/LIBS/CCU8PWMLIB.o
LOAD Dave/Generated/src/LIBS/MOTORLIB.o
LOAD Dave/Generated/src/IO004/IO004.o
LOAD Dave/Generated/src/IO004/IO004_Conf.o
LOAD Dave/Generated/src/IO002/IO002.o
LOAD Dave/Generated/src/IO002/IO002_Conf.o
LOAD Dave/Generated/src/IO001/IO001.o
LOAD Dave/Generated/src/IO001/IO001_Conf.o
LOAD Dave/Generated/src/I2C001/I2C001.o
LOAD Dave/Generated/src/I2C001/I2C001_Conf.o
LOAD Dave/Generated/src/GMM001/GMM001.o
LOAD Dave/Generated/src/GMM001/GMM001_Conf.o
LOAD Dave/Generated/src/ERU002/ERU002.o
LOAD Dave/Generated/src/ERU002/ERU002_Conf.o
LOAD Dave/Generated/src/ERU001/ERU001.o
LOAD Dave/Generated/src/ERU001/ERU001_Conf.o
LOAD Dave/Generated/src/DAVESupport/DAVE3.o
LOAD Dave/Generated/src/DAVESupport/MULTIPLEXER.o
LOAD Dave/Generated/src/CLK001/CLK001.o
LOAD Dave/Generated/src/CCU4GLOBAL/CCU4GLOBAL.o
LOAD Dave/Generated/src/CCU4GLOBAL/CCU4GLOBAL_Conf.o
LOAD Dave/Generated/src/ADCGROUP001/ADCGroup001.o
LOAD Dave/Generated/src/ADCGROUP001/ADCGroup001_Conf.o
LOAD Dave/Generated/src/ADCGLOB001/ADCGlob001.o
LOAD Dave/Generated/src/ADCGLOB001/ADCGlob001_Conf.o
LOAD Dave/Generated/src/ADC001/ADC001.o
LOAD Dave/Generated/src/ADC001/ADC001_Conf.o
LOAD C:\DAVE-3.1.10\CMSIS\Lib\GCC\libarm_cortexM4_mathL_1.a
LOAD C:\DAVE-3.1.10\CMSIS\Lib\GCC\libarm_cortexM4_mathL_2.a
LOAD c:/dave-3.1.10/arm-gcc/bin/../lib/gcc/arm-none-eabi/4.7.4/../../../../arm-none-eabi/lib/armv7e-m\libm.a
START GROUP
LOAD c:/dave-3.1.10/arm-gcc/bin/../lib/gcc/arm-none-eabi/4.7.4/armv7e-m\libgcc.a
LOAD c:/dave-3.1.10/arm-gcc/bin/../lib/gcc/arm-none-eabi/4.7.4/../../../../arm-none-eabi/lib/armv7e-m\libg.a
LOAD c:/dave-3.1.10/arm-gcc/bin/../lib/gcc/arm-none-eabi/4.7.4/../../../../arm-none-eabi/lib/armv7e-m\libc.a
END GROUP
                0x00000800                stack_size = 0x800

.text           0x08000000    0x2bd40 load address 0x0c000000
                0x08000000                sText = .
 *(.Xmc4500.reset)
 .Xmc4500.reset
                0x08000000      0x21c Startup/startup_XMC4500.o
                0x08000000                __Xmc4500_interrupt_vector_cortex_m
                0x08000200                __Xmc4500_reset_cortex_m
 *(.Xmc4500.postreset)
 .Xmc4500.postreset
                0x0800021c       0xa8 Startup/startup_XMC4500.o
 *(.XmcStartup)
 .XmcStartup    0x080002c4        0x4 Startup/startup_XMC4500.o
 *(.text .text.* .gnu.linkonce.t.*)
 .text          0x080002c8        0x0 _Quadrocopter/_HAL/I2C/I2Cdev.o
 .text.I2Cdev_writeBytes
                0x080002c8      0x19c _Quadrocopter/_HAL/I2C/I2Cdev.o
                0x080002c8                I2Cdev_writeBytes
 .text.I2Cdev_writeByte
                0x08000464       0x34 _Quadrocopter/_HAL/I2C/I2Cdev.o
                0x08000464                I2Cdev_writeByte
 .text.I2Cdev_readBytes
                0x08000498      0x290 _Quadrocopter/_HAL/I2C/I2Cdev.o
                0x08000498                I2Cdev_readBytes
 .text.I2Cdev_readByte
                0x08000728       0x48 _Quadrocopter/_HAL/I2C/I2Cdev.o
                0x08000728                I2Cdev_readByte
 .text.USIC2_2_IRQHandler
                0x08000770       0x48 _Quadrocopter/_HAL/I2C/I2Cdev.o
                0x08000770                USIC2_2_IRQHandler
 .text.USIC0_5_IRQHandler
                0x080007b8       0x48 _Quadrocopter/_HAL/I2C/I2Cdev.o
                0x080007b8                USIC0_5_IRQHandler
 .text          0x08000800        0x0 _Quadrocopter/_HAL/Delay/util.o
 .text.CCU40_1_IRQHandler
                0x08000800       0x24 _Quadrocopter/_HAL/Delay/util.o
                0x08000800                CCU40_1_IRQHandler
 .text.delay    0x08000824       0x34 _Quadrocopter/_HAL/Delay/util.o
                0x08000824                delay
 .text.millis   0x08000858       0x18 _Quadrocopter/_HAL/Delay/util.o
                0x08000858                millis
 .text.transformation
                0x08000870      0x128 _Quadrocopter/_HAL/Delay/util.o
                0x08000870                transformation
 .text.transformation_mag
                0x08000998      0x1b8 _Quadrocopter/_HAL/Delay/util.o
                0x08000998                transformation_mag
 .text          0x08000b50        0x0 _Quadrocopter/_FIR_Filter/FIR_Filter.o
 .text.FIR_FILTER
                0x08000b50       0xf4 _Quadrocopter/_FIR_Filter/FIR_Filter.o
                0x08000b50                FIR_FILTER
 .text.Initialize_FIR_Filter
                0x08000c44       0xa4 _Quadrocopter/_FIR_Filter/FIR_Filter.o
                0x08000c44                Initialize_FIR_Filter
 .text          0x08000ce8        0x0 _Quadrocopter/Sensors/MPU9X50/MPU9150.o
 .text.NVIC_EnableIRQ
                0x08000ce8       0x38 _Quadrocopter/Sensors/MPU9X50/MPU9150.o
 .text.NVIC002_EnableIRQ
                0x08000d20       0x20 _Quadrocopter/Sensors/MPU9X50/MPU9150.o
 .text.MPU9150_Setup
                0x08000d40       0x60 _Quadrocopter/Sensors/MPU9X50/MPU9150.o
                0x08000d40                MPU9150_Setup
 .text.MPU9150_Init
                0x08000da0      0x370 _Quadrocopter/Sensors/MPU9X50/MPU9150.o
                0x08000da0                MPU9150_Init
 .text.MPU9150_InitAK8975A
                0x08001110      0x180 _Quadrocopter/Sensors/MPU9X50/MPU9150.o
                0x08001110                MPU9150_InitAK8975A
 .text.MPU9150_Calibrate
                0x08001290      0x710 _Quadrocopter/Sensors/MPU9X50/MPU9150.o
                0x08001290                MPU9150_Calibrate
 .text.MPU9150_SelfTest
                0x080019a0      0x4f0 _Quadrocopter/Sensors/MPU9X50/MPU9150.o
                0x080019a0                MPU9150_SelfTest
 .text.getGres  0x08001e90       0x80 _Quadrocopter/Sensors/MPU9X50/MPU9150.o
                0x08001e90                getGres
 .text.getAres  0x08001f10       0x70 _Quadrocopter/Sensors/MPU9X50/MPU9150.o
                0x08001f10                getAres
 .text.GetSensorCount
                0x08001f80       0x18 _Quadrocopter/Sensors/MPU9X50/MPU9150.o
                0x08001f80                GetSensorCount
 .text.GetAngles
                0x08001f98      0x1c0 _Quadrocopter/Sensors/MPU9X50/MPU9150.o
                0x08001f98                GetAngles
 .text.GetMagData
                0x08002158       0x44 _Quadrocopter/Sensors/MPU9X50/MPU9150.o
                0x08002158                GetMagData
 .text.GetGyroData
                0x0800219c       0x6c _Quadrocopter/Sensors/MPU9X50/MPU9150.o
                0x0800219c                GetGyroData
 .text.GetAccData
                0x08002208       0x44 _Quadrocopter/Sensors/MPU9X50/MPU9150.o
                0x08002208                GetAccData
 .text.ERU1_0_IRQHandler
                0x0800224c      0x4f0 _Quadrocopter/Sensors/MPU9X50/MPU9150.o
                0x0800224c                ERU1_0_IRQHandler
 .text          0x0800273c        0x0 _Quadrocopter/Sensors/MPU9X50/Filter/QuaternionFilters.o
 .text.MadgwickQuaternionUpdate
                0x0800273c      0xd98 _Quadrocopter/Sensors/MPU9X50/Filter/QuaternionFilters.o
                0x0800273c                MadgwickQuaternionUpdate
 .text          0x080034d4        0x0 _Quadrocopter/Sensors/MPU9X50/Filter/kalman.o
 .text.KALMAN_getAngle
                0x080034d4      0x1ec _Quadrocopter/Sensors/MPU9X50/Filter/kalman.o
                0x080034d4                KALMAN_getAngle
 .text.KALMAN_Init
                0x080036c0       0x5c _Quadrocopter/Sensors/MPU9X50/Filter/kalman.o
                0x080036c0                KALMAN_Init
 .text.KALMAN_setAngle
                0x0800371c       0x1c _Quadrocopter/Sensors/MPU9X50/Filter/kalman.o
                0x0800371c                KALMAN_setAngle
 .text.KALMAN_getRate
                0x08003738       0x18 _Quadrocopter/Sensors/MPU9X50/Filter/kalman.o
                0x08003738                KALMAN_getRate
 .text.KALMAN_setQangle
                0x08003750       0x1c _Quadrocopter/Sensors/MPU9X50/Filter/kalman.o
                0x08003750                KALMAN_setQangle
 .text.KALMAN_setQbias
                0x0800376c       0x1c _Quadrocopter/Sensors/MPU9X50/Filter/kalman.o
                0x0800376c                KALMAN_setQbias
 .text.KALMAN_setRmeasure
                0x08003788       0x1c _Quadrocopter/Sensors/MPU9X50/Filter/kalman.o
                0x08003788                KALMAN_setRmeasure
 .text.KALMAN_getQangle
                0x080037a4       0x18 _Quadrocopter/Sensors/MPU9X50/Filter/kalman.o
                0x080037a4                KALMAN_getQangle
 .text.KALMAN_getQbias
                0x080037bc       0x18 _Quadrocopter/Sensors/MPU9X50/Filter/kalman.o
                0x080037bc                KALMAN_getQbias
 .text.KALMAN_getRmeasure
                0x080037d4       0x18 _Quadrocopter/Sensors/MPU9X50/Filter/kalman.o
                0x080037d4                KALMAN_getRmeasure
 .text          0x080037ec        0x0 _Quadrocopter/Sensors/DPS310/DPS310.o
 .text.ERU1_3_IRQHandler
                0x080037ec       0x90 _Quadrocopter/Sensors/DPS310/DPS310.o
                0x080037ec                ERU1_3_IRQHandler
 .text.setupDPS310
                0x0800387c      0x1f8 _Quadrocopter/Sensors/DPS310/DPS310.o
                0x0800387c                setupDPS310
 .text.updateValues
                0x08003a74      0x308 _Quadrocopter/Sensors/DPS310/DPS310.o
                0x08003a74                updateValues
 *fill*         0x08003d7c        0x4 00
 .text.getCoefficients
                0x08003d80      0x920 _Quadrocopter/Sensors/DPS310/DPS310.o
                0x08003d80                getCoefficients
 .text.getPressure
                0x080046a0       0x6c _Quadrocopter/Sensors/DPS310/DPS310.o
                0x080046a0                getPressure
 .text.getTemperature
                0x0800470c       0x6c _Quadrocopter/Sensors/DPS310/DPS310.o
                0x0800470c                getTemperature
 .text.setRegister
                0x08004778       0x98 _Quadrocopter/Sensors/DPS310/DPS310.o
                0x08004778                setRegister
 .text          0x08004810        0x0 _Quadrocopter/RemoteControl/RCReceive.o
 .text.mergeBytes
                0x08004810       0x28 _Quadrocopter/RemoteControl/RCReceive.o
                0x08004810                mergeBytes
 .text.CCU41_1_IRQHandler
                0x08004838       0x2c _Quadrocopter/RemoteControl/RCReceive.o
                0x08004838                CCU41_1_IRQHandler
 *fill*         0x08004864        0x4 00
 .text.USIC1_0_IRQHandler
                0x08004868      0x338 _Quadrocopter/RemoteControl/RCReceive.o
                0x08004868                USIC1_0_IRQHandler
 .text.USIC0_3_IRQHandler
                0x08004ba0      0x200 _Quadrocopter/RemoteControl/RCReceive.o
                0x08004ba0                USIC0_3_IRQHandler
 .text.WatchRC  0x08004da0       0x88 _Quadrocopter/RemoteControl/RCReceive.o
                0x08004da0                WatchRC
 .text.WatchRC_Init
                0x08004e28       0x48 _Quadrocopter/RemoteControl/RCReceive.o
                0x08004e28                WatchRC_Init
 .text.GetRCCount
                0x08004e70       0x18 _Quadrocopter/RemoteControl/RCReceive.o
                0x08004e70                GetRCCount
 .text.GetRCData
                0x08004e88      0x250 _Quadrocopter/RemoteControl/RCReceive.o
                0x08004e88                GetRCData
 .text.map      0x080050d8       0x38 _Quadrocopter/RemoteControl/RCReceive.o
                0x080050d8                map
 .text          0x08005110        0x0 _Quadrocopter/RemoteControl/BluetoothProtocol/BluetoothProtocol.o
 .text.initBluetoothStorage
                0x08005110       0xb8 _Quadrocopter/RemoteControl/BluetoothProtocol/BluetoothProtocol.o
                0x08005110                initBluetoothStorage
 .text.maintainBluetoothInputBuffer
                0x080051c8      0x264 _Quadrocopter/RemoteControl/BluetoothProtocol/BluetoothProtocol.o
                0x080051c8                maintainBluetoothInputBuffer
 .text          0x0800542c        0x0 _Quadrocopter/DaisyChain/DaisyChain.o
 .text.SendDaisyData
                0x0800542c       0xf4 _Quadrocopter/DaisyChain/DaisyChain.o
                0x0800542c                SendDaisyData
 .text          0x08005520        0x0 _Quadrocopter/BatterySafety/BatterySafety.o
 .text.CCU41_0_IRQHandler
                0x08005520       0x14 _Quadrocopter/BatterySafety/BatterySafety.o
                0x08005520                CCU41_0_IRQHandler
 *fill*         0x08005534        0x4 00
 .text.VADC0_C0_2_IRQHandler
                0x08005538      0x268 _Quadrocopter/BatterySafety/BatterySafety.o
                0x08005538                VADC0_C0_2_IRQHandler
 .text          0x080057a0        0x0 _Quadrocopter/Attitude_Control/AttitudeController.o
 .text.AngleController
                0x080057a0      0x150 _Quadrocopter/Attitude_Control/AttitudeController.o
                0x080057a0                AngleController
 .text.AngleRateController
                0x080058f0       0x90 _Quadrocopter/Attitude_Control/AttitudeController.o
                0x080058f0                AngleRateController
 .text.CreatePulseWidth
                0x08005980      0x228 _Quadrocopter/Attitude_Control/AttitudeController.o
                0x08005980                CreatePulseWidth
 .text          0x08005ba8       0xe2 Startup/startup_XMC4500.o
                0x08005ba8                NMI_Handler
                0x08005baa                HardFault_Handler
                0x08005bac                MemManage_Handler
                0x08005bae                BusFault_Handler
                0x08005bb0                UsageFault_Handler
                0x08005bb2                SVC_Handler
                0x08005bb4                DebugMon_Handler
                0x08005bb6                PendSV_Handler
                0x08005bbc                ERU0_0_IRQHandler
                0x08005bbe                ERU0_1_IRQHandler
                0x08005bc0                ERU0_2_IRQHandler
                0x08005bc2                ERU0_3_IRQHandler
                0x08005bc6                ERU1_1_IRQHandler
                0x08005bc8                ERU1_2_IRQHandler
                0x08005bcc                PMU0_0_IRQHandler
                0x08005bce                VADC0_C0_0_IRQHandler
                0x08005bd0                VADC0_C0_1_IRQHandler
                0x08005bd4                VADC0_C0_3_IRQHandler
                0x08005bd6                VADC0_G0_0_IRQHandler
                0x08005bd8                VADC0_G0_1_IRQHandler
                0x08005bda                VADC0_G0_2_IRQHandler
                0x08005bdc                VADC0_G0_3_IRQHandler
                0x08005bde                VADC0_G1_0_IRQHandler
                0x08005be0                VADC0_G1_1_IRQHandler
                0x08005be2                VADC0_G1_2_IRQHandler
                0x08005be4                VADC0_G1_3_IRQHandler
                0x08005be6                VADC0_G2_0_IRQHandler
                0x08005be8                VADC0_G2_1_IRQHandler
                0x08005bea                VADC0_G2_2_IRQHandler
                0x08005bec                VADC0_G2_3_IRQHandler
                0x08005bee                VADC0_G3_0_IRQHandler
                0x08005bf0                VADC0_G3_1_IRQHandler
                0x08005bf2                VADC0_G3_2_IRQHandler
                0x08005bf4                VADC0_G3_3_IRQHandler
                0x08005bf6                DSD0_0_IRQHandler
                0x08005bf8                DSD0_1_IRQHandler
                0x08005bfa                DSD0_2_IRQHandler
                0x08005bfc                DSD0_3_IRQHandler
                0x08005bfe                DSD0_4_IRQHandler
                0x08005c00                DSD0_5_IRQHandler
                0x08005c02                DSD0_6_IRQHandler
                0x08005c04                DSD0_7_IRQHandler
                0x08005c06                DAC0_0_IRQHandler
                0x08005c08                DAC0_1_IRQHandler
                0x08005c10                CCU40_3_IRQHandler
                0x08005c16                CCU41_2_IRQHandler
                0x08005c18                CCU41_3_IRQHandler
                0x08005c1a                CCU42_0_IRQHandler
                0x08005c1c                CCU42_1_IRQHandler
                0x08005c1e                CCU42_2_IRQHandler
                0x08005c20                CCU42_3_IRQHandler
                0x08005c22                CCU43_0_IRQHandler
                0x08005c24                CCU43_1_IRQHandler
                0x08005c26                CCU43_2_IRQHandler
                0x08005c28                CCU43_3_IRQHandler
                0x08005c2a                CCU80_0_IRQHandler
                0x08005c2c                CCU80_1_IRQHandler
                0x08005c2e                CCU80_2_IRQHandler
                0x08005c30                CCU80_3_IRQHandler
                0x08005c32                CCU81_0_IRQHandler
                0x08005c34                CCU81_1_IRQHandler
                0x08005c36                CCU81_2_IRQHandler
                0x08005c38                CCU81_3_IRQHandler
                0x08005c3a                POSIF0_0_IRQHandler
                0x08005c3c                POSIF0_1_IRQHandler
                0x08005c3e                POSIF1_0_IRQHandler
                0x08005c40                POSIF1_1_IRQHandler
                0x08005c42                CAN0_0_IRQHandler
                0x08005c44                CAN0_1_IRQHandler
                0x08005c46                CAN0_2_IRQHandler
                0x08005c48                CAN0_3_IRQHandler
                0x08005c4a                CAN0_4_IRQHandler
                0x08005c4c                CAN0_5_IRQHandler
                0x08005c4e                CAN0_6_IRQHandler
                0x08005c50                CAN0_7_IRQHandler
                0x08005c52                USIC0_0_IRQHandler
                0x08005c54                USIC0_1_IRQHandler
                0x08005c56                USIC0_2_IRQHandler
                0x08005c5a                USIC0_4_IRQHandler
                0x08005c60                USIC1_1_IRQHandler
                0x08005c62                USIC1_2_IRQHandler
                0x08005c64                USIC1_3_IRQHandler
                0x08005c66                USIC1_4_IRQHandler
                0x08005c68                USIC1_5_IRQHandler
                0x08005c6a                USIC2_0_IRQHandler
                0x08005c6c                USIC2_1_IRQHandler
                0x08005c70                USIC2_3_IRQHandler
                0x08005c72                USIC2_4_IRQHandler
                0x08005c74                USIC2_5_IRQHandler
                0x08005c76                LEDTS0_0_IRQHandler
                0x08005c78                FCE0_0_IRQHandler
                0x08005c7a                GPDMA0_0_IRQHandler
                0x08005c7c                SDMMC0_0_IRQHandler
                0x08005c80                ETH0_0_IRQHandler
                0x08005c82                GPDMA1_0_IRQHandler
 .text          0x08005c8a        0x0 Startup/system_XMC4500.o
 *fill*         0x08005c8a        0x2 00
 .text.SystemInit
                0x08005c8c       0x9c Startup/system_XMC4500.o
                0x08005c8c                SystemInit
 .text.SystemCoreClockUpdate
                0x08005d28      0x148 Startup/system_XMC4500.o
                0x08005d28                SystemCoreClockUpdate
 .text.SystemClockSetup
                0x08005e70      0x4cc Startup/system_XMC4500.o
 .text          0x0800633c        0x0 Main.o
 *fill*         0x0800633c        0x4 00
 .text.CCU40_2_IRQHandler
                0x08006340      0x2a8 Main.o
                0x08006340                CCU40_2_IRQHandler
 .text.Initialize
                0x080065e8      0x47c Main.o
                0x080065e8                Initialize
 .text.main     0x08006a64      0x43c Main.o
                0x08006a64                main
 .text.CCU40_0_IRQHandler
                0x08006ea0       0x84 Main.o
                0x08006ea0                CCU40_0_IRQHandler
 .text          0x08006f24        0x0 Lib/System_LibcStubs.o
 .text._open    0x08006f24       0x1c Lib/System_LibcStubs.o
                0x08006f24                _open
 .text._lseek   0x08006f40       0x1c Lib/System_LibcStubs.o
                0x08006f40                _lseek
 .text._read    0x08006f5c       0x1c Lib/System_LibcStubs.o
                0x08006f5c                _read
 .text._write   0x08006f78       0x1c Lib/System_LibcStubs.o
                0x08006f78                _write
 .text._close   0x08006f94       0x10 Lib/System_LibcStubs.o
                0x08006f94                _close
 .text._fstat   0x08006fa4       0x28 Lib/System_LibcStubs.o
                0x08006fa4                _fstat
 .text._link    0x08006fcc       0x28 Lib/System_LibcStubs.o
                0x08006fcc                _link
 .text._unlink  0x08006ff4       0x18 Lib/System_LibcStubs.o
                0x08006ff4                _unlink
 .text._sbrk    0x0800700c       0xa0 Lib/System_LibcStubs.o
                0x0800700c                _sbrk
 .text._times   0x080070ac       0x18 Lib/System_LibcStubs.o
                0x080070ac                _times
 .text._wait    0x080070c4       0x18 Lib/System_LibcStubs.o
                0x080070c4                _wait
 .text._kill    0x080070dc       0x1c Lib/System_LibcStubs.o
                0x080070dc                _kill
 .text._fork    0x080070f8       0x10 Lib/System_LibcStubs.o
                0x080070f8                _fork
 .text._getpid  0x08007108       0x10 Lib/System_LibcStubs.o
                0x08007108                _getpid
 .text._exit    0x08007118        0xc Lib/System_LibcStubs.o
                0x08007118                _exit
 .text._init    0x08007124        0xc Lib/System_LibcStubs.o
                0x08007124                _init
 .text._isatty  0x08007130       0x18 Lib/System_LibcStubs.o
                0x08007130                _isatty
 .text          0x08007148        0x0 Dave/Generated/src/USBVC001/Descriptors.o
 .text.CALLBACK_USB_GetDescriptor
                0x08007148       0x70 Dave/Generated/src/USBVC001/Descriptors.o
                0x08007148                CALLBACK_USB_GetDescriptor
 .text          0x080071b8        0x0 Dave/Generated/src/USBVC001/USBVC001_Conf.o
 .text          0x080071b8        0x0 Dave/Generated/src/USBVC001/usbvc001.o
 .text.NVIC_EnableIRQ
                0x080071b8       0x38 Dave/Generated/src/USBVC001/usbvc001.o
 .text.NVIC_DisableIRQ
                0x080071f0       0x3c Dave/Generated/src/USBVC001/usbvc001.o
 .text.USBVC001_Init
                0x0800722c       0x54 Dave/Generated/src/USBVC001/usbvc001.o
                0x0800722c                USBVC001_Init
 .text.USBVC001_SendByte
                0x08007280       0x50 Dave/Generated/src/USBVC001/usbvc001.o
                0x08007280                USBVC001_SendByte
 .text.USBVC001_SendData
                0x080072d0       0x64 Dave/Generated/src/USBVC001/usbvc001.o
                0x080072d0                USBVC001_SendData
 .text.USBVC001_SendString
                0x08007334       0x50 Dave/Generated/src/USBVC001/usbvc001.o
                0x08007334                USBVC001_SendString
 .text.USBVC001_ReceiveByte
                0x08007384       0x44 Dave/Generated/src/USBVC001/usbvc001.o
                0x08007384                USBVC001_ReceiveByte
 .text.USBVC001_ReceiveData
                0x080073c8       0x60 Dave/Generated/src/USBVC001/usbvc001.o
                0x080073c8                USBVC001_ReceiveData
 .text.USBVC001_GetLineEncoding
                0x08007428       0x64 Dave/Generated/src/USBVC001/usbvc001.o
                0x08007428                USBVC001_GetLineEncoding
 .text.USBVC001_BytesReceived
                0x0800748c       0x44 Dave/Generated/src/USBVC001/usbvc001.o
                0x0800748c                USBVC001_BytesReceived
 .text.EVENT_USB_Device_Connect
                0x080074d0       0x18 Dave/Generated/src/USBVC001/usbvc001.o
                0x080074d0                EVENT_USB_Device_Connect
 .text.EVENT_USB_Device_Disconnect
                0x080074e8       0x18 Dave/Generated/src/USBVC001/usbvc001.o
                0x080074e8                EVENT_USB_Device_Disconnect
 .text.EVENT_USB_Device_ConfigurationChanged
                0x08007500       0x38 Dave/Generated/src/USBVC001/usbvc001.o
                0x08007500                EVENT_USB_Device_ConfigurationChanged
 .text.EVENT_USB_Device_ControlRequest
                0x08007538       0x30 Dave/Generated/src/USBVC001/usbvc001.o
                0x08007538                EVENT_USB_Device_ControlRequest
 .text.EVENT_USB_Device_SetAddress
                0x08007568       0x18 Dave/Generated/src/USBVC001/usbvc001.o
                0x08007568                EVENT_USB_Device_SetAddress
 .text          0x08007580        0x0 Dave/Generated/src/USBLD001/usbld001_Conf.o
 .text          0x08007580        0x0 Dave/Generated/src/USBLD001/usbld001_delay.o
 .text.USBLD001_Timer_CallBack
                0x08007580       0x20 Dave/Generated/src/USBLD001/usbld001_delay.o
                0x08007580                USBLD001_Timer_CallBack
 .text.USBLD001_lDelay
                0x080075a0       0x70 Dave/Generated/src/USBLD001/usbld001_delay.o
                0x080075a0                USBLD001_lDelay
 .text          0x08007610        0x0 Dave/Generated/src/USBLD001/dwc_common_port/dwc_common_linux.o
 .text.NVIC_EnableIRQ
                0x08007610       0x38 Dave/Generated/src/USBLD001/dwc_common_port/dwc_common_linux.o
 .text.NVIC_DisableIRQ
                0x08007648       0x3c Dave/Generated/src/USBLD001/dwc_common_port/dwc_common_linux.o
 .text.DWC_MEMSET
                0x08007684       0x28 Dave/Generated/src/USBLD001/dwc_common_port/dwc_common_linux.o
                0x08007684                DWC_MEMSET
 .text.DWC_MEMCPY
                0x080076ac       0x24 Dave/Generated/src/USBLD001/dwc_common_port/dwc_common_linux.o
                0x080076ac                DWC_MEMCPY
 .text.DWC_MEMMOVE
                0x080076d0       0x24 Dave/Generated/src/USBLD001/dwc_common_port/dwc_common_linux.o
                0x080076d0                DWC_MEMMOVE
 .text.DWC_MEMCMP
                0x080076f4       0x24 Dave/Generated/src/USBLD001/dwc_common_port/dwc_common_linux.o
                0x080076f4                DWC_MEMCMP
 .text.DWC_STRNCMP
                0x08007718       0x24 Dave/Generated/src/USBLD001/dwc_common_port/dwc_common_linux.o
                0x08007718                DWC_STRNCMP
 .text.DWC_STRCMP
                0x0800773c       0x20 Dave/Generated/src/USBLD001/dwc_common_port/dwc_common_linux.o
                0x0800773c                DWC_STRCMP
 .text.DWC_STRLEN
                0x0800775c       0x1c Dave/Generated/src/USBLD001/dwc_common_port/dwc_common_linux.o
                0x0800775c                DWC_STRLEN
 .text.DWC_STRCPY
                0x08007778       0x20 Dave/Generated/src/USBLD001/dwc_common_port/dwc_common_linux.o
                0x08007778                DWC_STRCPY
 .text.DWC_STRDUP
                0x08007798       0x48 Dave/Generated/src/USBLD001/dwc_common_port/dwc_common_linux.o
                0x08007798                DWC_STRDUP
 .text.__DWC_DMA_ALLOC
                0x080077e0       0x30 Dave/Generated/src/USBLD001/dwc_common_port/dwc_common_linux.o
                0x080077e0                __DWC_DMA_ALLOC
 .text.__DWC_DMA_ALLOC_ATOMIC
                0x08007810       0x1c Dave/Generated/src/USBLD001/dwc_common_port/dwc_common_linux.o
                0x08007810                __DWC_DMA_ALLOC_ATOMIC
 .text.__DWC_DMA_FREE
                0x0800782c       0x18 Dave/Generated/src/USBLD001/dwc_common_port/dwc_common_linux.o
                0x0800782c                __DWC_DMA_FREE
 .text.__DWC_ALLOC
                0x08007844       0x38 Dave/Generated/src/USBLD001/dwc_common_port/dwc_common_linux.o
                0x08007844                __DWC_ALLOC
 .text.__DWC_ALLOC_ATOMIC
                0x0800787c       0x1c Dave/Generated/src/USBLD001/dwc_common_port/dwc_common_linux.o
                0x0800787c                __DWC_ALLOC_ATOMIC
 .text.__DWC_FREE
                0x08007898       0x18 Dave/Generated/src/USBLD001/dwc_common_port/dwc_common_linux.o
                0x08007898                __DWC_FREE
 .text.DWC_CPU_TO_LE32
                0x080078b0       0x48 Dave/Generated/src/USBLD001/dwc_common_port/dwc_common_linux.o
                0x080078b0                DWC_CPU_TO_LE32
 .text.DWC_CPU_TO_BE32
                0x080078f8       0x48 Dave/Generated/src/USBLD001/dwc_common_port/dwc_common_linux.o
                0x080078f8                DWC_CPU_TO_BE32
 .text.DWC_LE32_TO_CPU
                0x08007940       0x48 Dave/Generated/src/USBLD001/dwc_common_port/dwc_common_linux.o
                0x08007940                DWC_LE32_TO_CPU
 .text.DWC_BE32_TO_CPU
                0x08007988       0x48 Dave/Generated/src/USBLD001/dwc_common_port/dwc_common_linux.o
                0x08007988                DWC_BE32_TO_CPU
 .text.DWC_CPU_TO_LE16
                0x080079d0       0x34 Dave/Generated/src/USBLD001/dwc_common_port/dwc_common_linux.o
                0x080079d0                DWC_CPU_TO_LE16
 .text.DWC_CPU_TO_BE16
                0x08007a04       0x34 Dave/Generated/src/USBLD001/dwc_common_port/dwc_common_linux.o
                0x08007a04                DWC_CPU_TO_BE16
 .text.DWC_LE16_TO_CPU
                0x08007a38       0x34 Dave/Generated/src/USBLD001/dwc_common_port/dwc_common_linux.o
                0x08007a38                DWC_LE16_TO_CPU
 .text.DWC_BE16_TO_CPU
                0x08007a6c       0x34 Dave/Generated/src/USBLD001/dwc_common_port/dwc_common_linux.o
                0x08007a6c                DWC_BE16_TO_CPU
 .text.DWC_READ_REG32
                0x08007aa0       0x18 Dave/Generated/src/USBLD001/dwc_common_port/dwc_common_linux.o
                0x08007aa0                DWC_READ_REG32
 .text.DWC_WRITE_REG32
                0x08007ab8       0x1c Dave/Generated/src/USBLD001/dwc_common_port/dwc_common_linux.o
                0x08007ab8                DWC_WRITE_REG32
 .text.DWC_MODIFY_REG32
                0x08007ad4       0x30 Dave/Generated/src/USBLD001/dwc_common_port/dwc_common_linux.o
                0x08007ad4                DWC_MODIFY_REG32
 .text.DWC_SPINLOCK_ALLOC
                0x08007b04       0x10 Dave/Generated/src/USBLD001/dwc_common_port/dwc_common_linux.o
                0x08007b04                DWC_SPINLOCK_ALLOC
 .text.DWC_SPINLOCK_FREE
                0x08007b14       0x14 Dave/Generated/src/USBLD001/dwc_common_port/dwc_common_linux.o
                0x08007b14                DWC_SPINLOCK_FREE
 .text.DWC_SPINLOCK
                0x08007b28       0x14 Dave/Generated/src/USBLD001/dwc_common_port/dwc_common_linux.o
                0x08007b28                DWC_SPINLOCK
 .text.DWC_SPINUNLOCK
                0x08007b3c       0x14 Dave/Generated/src/USBLD001/dwc_common_port/dwc_common_linux.o
                0x08007b3c                DWC_SPINUNLOCK
 .text.DWC_SPINLOCK_IRQSAVE
                0x08007b50       0x1c Dave/Generated/src/USBLD001/dwc_common_port/dwc_common_linux.o
                0x08007b50                DWC_SPINLOCK_IRQSAVE
 .text.DWC_SPINUNLOCK_IRQRESTORE
                0x08007b6c       0x1c Dave/Generated/src/USBLD001/dwc_common_port/dwc_common_linux.o
                0x08007b6c                DWC_SPINUNLOCK_IRQRESTORE
 .text.DWC_MUTEX_ALLOC
                0x08007b88       0x10 Dave/Generated/src/USBLD001/dwc_common_port/dwc_common_linux.o
                0x08007b88                DWC_MUTEX_ALLOC
 .text.DWC_MUTEX_FREE
                0x08007b98       0x14 Dave/Generated/src/USBLD001/dwc_common_port/dwc_common_linux.o
                0x08007b98                DWC_MUTEX_FREE
 .text.DWC_MUTEX_LOCK
                0x08007bac       0x18 Dave/Generated/src/USBLD001/dwc_common_port/dwc_common_linux.o
                0x08007bac                DWC_MUTEX_LOCK
 .text.DWC_MUTEX_TRYLOCK
                0x08007bc4       0x18 Dave/Generated/src/USBLD001/dwc_common_port/dwc_common_linux.o
                0x08007bc4                DWC_MUTEX_TRYLOCK
 .text.DWC_MUTEX_UNLOCK
                0x08007bdc       0x18 Dave/Generated/src/USBLD001/dwc_common_port/dwc_common_linux.o
                0x08007bdc                DWC_MUTEX_UNLOCK
 .text.DWC_UDELAY
                0x08007bf4       0x44 Dave/Generated/src/USBLD001/dwc_common_port/dwc_common_linux.o
                0x08007bf4                DWC_UDELAY
 .text.DWC_MDELAY
                0x08007c38       0x18 Dave/Generated/src/USBLD001/dwc_common_port/dwc_common_linux.o
                0x08007c38                DWC_MDELAY
 .text.DWC_MSLEEP
                0x08007c50       0x1c Dave/Generated/src/USBLD001/dwc_common_port/dwc_common_linux.o
                0x08007c50                DWC_MSLEEP
 .text.DWC_TIME
                0x08007c6c       0x10 Dave/Generated/src/USBLD001/dwc_common_port/dwc_common_linux.o
                0x08007c6c                DWC_TIME
 .text.DWC_TIMER_ALLOC
                0x08007c7c       0x40 Dave/Generated/src/USBLD001/dwc_common_port/dwc_common_linux.o
                0x08007c7c                DWC_TIMER_ALLOC
 .text.DWC_TIMER_FREE
                0x08007cbc       0x20 Dave/Generated/src/USBLD001/dwc_common_port/dwc_common_linux.o
                0x08007cbc                DWC_TIMER_FREE
 .text.DWC_TIMER_SCHEDULE
                0x08007cdc       0x14 Dave/Generated/src/USBLD001/dwc_common_port/dwc_common_linux.o
                0x08007cdc                DWC_TIMER_SCHEDULE
 .text.DWC_TIMER_CANCEL
                0x08007cf0       0x14 Dave/Generated/src/USBLD001/dwc_common_port/dwc_common_linux.o
                0x08007cf0                DWC_TIMER_CANCEL
 .text.DWC_WAITQ_ALLOC
                0x08007d04       0x10 Dave/Generated/src/USBLD001/dwc_common_port/dwc_common_linux.o
                0x08007d04                DWC_WAITQ_ALLOC
 .text.DWC_WAITQ_FREE
                0x08007d14       0x14 Dave/Generated/src/USBLD001/dwc_common_port/dwc_common_linux.o
                0x08007d14                DWC_WAITQ_FREE
 .text.DWC_WAITQ_WAIT
                0x08007d28       0x1c Dave/Generated/src/USBLD001/dwc_common_port/dwc_common_linux.o
                0x08007d28                DWC_WAITQ_WAIT
 .text.DWC_WAITQ_WAIT_TIMEOUT
                0x08007d44       0x20 Dave/Generated/src/USBLD001/dwc_common_port/dwc_common_linux.o
                0x08007d44                DWC_WAITQ_WAIT_TIMEOUT
 .text.DWC_WAITQ_TRIGGER
                0x08007d64       0x14 Dave/Generated/src/USBLD001/dwc_common_port/dwc_common_linux.o
                0x08007d64                DWC_WAITQ_TRIGGER
 .text.DWC_WAITQ_ABORT
                0x08007d78       0x14 Dave/Generated/src/USBLD001/dwc_common_port/dwc_common_linux.o
                0x08007d78                DWC_WAITQ_ABORT
 .text.DWC_THREAD_RUN
                0x08007d8c       0x1c Dave/Generated/src/USBLD001/dwc_common_port/dwc_common_linux.o
                0x08007d8c                DWC_THREAD_RUN
 .text.DWC_THREAD_STOP
                0x08007da8       0x18 Dave/Generated/src/USBLD001/dwc_common_port/dwc_common_linux.o
                0x08007da8                DWC_THREAD_STOP
 .text.DWC_THREAD_SHOULD_STOP
                0x08007dc0       0x10 Dave/Generated/src/USBLD001/dwc_common_port/dwc_common_linux.o
                0x08007dc0                DWC_THREAD_SHOULD_STOP
 .text.DWC_TASK_ALLOC
                0x08007dd0       0x38 Dave/Generated/src/USBLD001/dwc_common_port/dwc_common_linux.o
                0x08007dd0                DWC_TASK_ALLOC
 .text.DWC_TASK_FREE
                0x08007e08       0x20 Dave/Generated/src/USBLD001/dwc_common_port/dwc_common_linux.o
                0x08007e08                DWC_TASK_FREE
 .text.DWC_TASK_SCHEDULE
                0x08007e28       0x14 Dave/Generated/src/USBLD001/dwc_common_port/dwc_common_linux.o
                0x08007e28                DWC_TASK_SCHEDULE
 .text.DWC_WORKQ_WAIT_WORK_DONE
                0x08007e3c       0x1c Dave/Generated/src/USBLD001/dwc_common_port/dwc_common_linux.o
                0x08007e3c                DWC_WORKQ_WAIT_WORK_DONE
 .text.DWC_WORKQ_ALLOC
                0x08007e58       0x30 Dave/Generated/src/USBLD001/dwc_common_port/dwc_common_linux.o
                0x08007e58                DWC_WORKQ_ALLOC
 .text.DWC_WORKQ_FREE
                0x08007e88       0x20 Dave/Generated/src/USBLD001/dwc_common_port/dwc_common_linux.o
                0x08007e88                DWC_WORKQ_FREE
 .text.DWC_WORKQ_SCHEDULE
                0x08007ea8       0x1c Dave/Generated/src/USBLD001/dwc_common_port/dwc_common_linux.o
                0x08007ea8                DWC_WORKQ_SCHEDULE
 .text.DWC_WORKQ_SCHEDULE_DELAYED
                0x08007ec4       0x18 Dave/Generated/src/USBLD001/dwc_common_port/dwc_common_linux.o
                0x08007ec4                DWC_WORKQ_SCHEDULE_DELAYED
 .text.DWC_WORKQ_PENDING
                0x08007edc       0x18 Dave/Generated/src/USBLD001/dwc_common_port/dwc_common_linux.o
                0x08007edc                DWC_WORKQ_PENDING
 .text          0x08007ef4        0x0 Dave/Generated/src/USBLD001/driver/dwc_otg_adp.o
 .text.dwc_otg_read_hprt0
                0x08007ef4       0x44 Dave/Generated/src/USBLD001/driver/dwc_otg_adp.o
 .text.cil_hcd_start
                0x08007f38       0x34 Dave/Generated/src/USBLD001/driver/dwc_otg_adp.o
 .text.cil_hcd_session_start
                0x08007f6c       0x34 Dave/Generated/src/USBLD001/driver/dwc_otg_adp.o
 .text.cil_pcd_start
                0x08007fa0       0x34 Dave/Generated/src/USBLD001/driver/dwc_otg_adp.o
 .text.dwc_otg_adp_write_reg
                0x08007fd4       0x54 Dave/Generated/src/USBLD001/driver/dwc_otg_adp.o
                0x08007fd4                dwc_otg_adp_write_reg
 .text.dwc_otg_adp_read_reg
                0x08008028       0x58 Dave/Generated/src/USBLD001/driver/dwc_otg_adp.o
                0x08008028                dwc_otg_adp_read_reg
 .text.dwc_otg_adp_modify_reg
                0x08008080       0x30 Dave/Generated/src/USBLD001/driver/dwc_otg_adp.o
                0x08008080                dwc_otg_adp_modify_reg
 .text.adp_sense_timeout
                0x080080b0       0x34 Dave/Generated/src/USBLD001/driver/dwc_otg_adp.o
 .text.adp_vbuson_timeout
                0x080080e4      0x14c Dave/Generated/src/USBLD001/driver/dwc_otg_adp.o
 .text.dwc_otg_adp_vbuson_timer_start
                0x08008230       0x2c Dave/Generated/src/USBLD001/driver/dwc_otg_adp.o
                0x08008230                dwc_otg_adp_vbuson_timer_start
 .text.mask_all_interrupts
                0x0800825c      0x29c Dave/Generated/src/USBLD001/driver/dwc_otg_adp.o
 .text.unmask_sess_req_intr
                0x080084f8       0x30 Dave/Generated/src/USBLD001/driver/dwc_otg_adp.o
 .text.dwc_otg_adp_probe_start
                0x08008528       0xc4 Dave/Generated/src/USBLD001/driver/dwc_otg_adp.o
                0x08008528                dwc_otg_adp_probe_start
 .text.dwc_otg_adp_sense_timer_start
                0x080085ec       0x2c Dave/Generated/src/USBLD001/driver/dwc_otg_adp.o
                0x080085ec                dwc_otg_adp_sense_timer_start
 .text.dwc_otg_adp_sense_start
                0x08008618       0x78 Dave/Generated/src/USBLD001/driver/dwc_otg_adp.o
                0x08008618                dwc_otg_adp_sense_start
 .text.dwc_otg_adp_probe_stop
                0x08008690       0x5c Dave/Generated/src/USBLD001/driver/dwc_otg_adp.o
                0x08008690                dwc_otg_adp_probe_stop
 .text.dwc_otg_adp_sense_stop
                0x080086ec       0x5c Dave/Generated/src/USBLD001/driver/dwc_otg_adp.o
                0x080086ec                dwc_otg_adp_sense_stop
 .text.dwc_otg_adp_turnon_vbus
                0x08008748       0x38 Dave/Generated/src/USBLD001/driver/dwc_otg_adp.o
                0x08008748                dwc_otg_adp_turnon_vbus
 .text.dwc_otg_adp_start
                0x08008780       0xdc Dave/Generated/src/USBLD001/driver/dwc_otg_adp.o
                0x08008780                dwc_otg_adp_start
 .text.dwc_otg_adp_init
                0x0800885c       0x9c Dave/Generated/src/USBLD001/driver/dwc_otg_adp.o
                0x0800885c                dwc_otg_adp_init
 .text.dwc_otg_adp_remove
                0x080088f8       0x28 Dave/Generated/src/USBLD001/driver/dwc_otg_adp.o
                0x080088f8                dwc_otg_adp_remove
 .text.set_timer_value
                0x08008920       0x54 Dave/Generated/src/USBLD001/driver/dwc_otg_adp.o
 .text.compare_timer_values
                0x08008974       0x30 Dave/Generated/src/USBLD001/driver/dwc_otg_adp.o
 .text.dwc_otg_adp_handle_prb_tmout_intr
                0x080089a4      0x25c Dave/Generated/src/USBLD001/driver/dwc_otg_adp.o
 .text.dwc_otg_adp_handle_sns_intr
                0x08008c00       0x28 Dave/Generated/src/USBLD001/driver/dwc_otg_adp.o
 .text.dwc_otg_adp_handle_intr
                0x08008c28       0xb8 Dave/Generated/src/USBLD001/driver/dwc_otg_adp.o
                0x08008c28                dwc_otg_adp_handle_intr
 .text.dwc_otg_adp_handle_srp_intr
                0x08008ce0      0x12c Dave/Generated/src/USBLD001/driver/dwc_otg_adp.o
                0x08008ce0                dwc_otg_adp_handle_srp_intr
 .text          0x08008e0c        0x0 Dave/Generated/src/USBLD001/driver/dwc_otg_cil.o
 .text.dwc_otg_read_hprt0
                0x08008e0c       0x44 Dave/Generated/src/USBLD001/driver/dwc_otg_cil.o
 .text.dwc_otg_mode
                0x08008e50       0x28 Dave/Generated/src/USBLD001/driver/dwc_otg_cil.o
 .text.dwc_otg_cil_init
                0x08008e78      0x2ec Dave/Generated/src/USBLD001/driver/dwc_otg_cil.o
                0x08008e78                dwc_otg_cil_init
 .text.dwc_otg_cil_remove
                0x08009164       0xd8 Dave/Generated/src/USBLD001/driver/dwc_otg_cil.o
                0x08009164                dwc_otg_cil_remove
 .text.dwc_otg_enable_global_interrupts
                0x0800923c       0x34 Dave/Generated/src/USBLD001/driver/dwc_otg_cil.o
                0x0800923c                dwc_otg_enable_global_interrupts
 .text.dwc_otg_disable_global_interrupts
                0x08009270       0x34 Dave/Generated/src/USBLD001/driver/dwc_otg_cil.o
                0x08009270                dwc_otg_disable_global_interrupts
 .text.dwc_otg_enable_common_interrupts
                0x080092a4       0x90 Dave/Generated/src/USBLD001/driver/dwc_otg_cil.o
 .text.dwc_otg_device_hibernation_restore
                0x08009334      0x384 Dave/Generated/src/USBLD001/driver/dwc_otg_cil.o
                0x08009334                dwc_otg_device_hibernation_restore
 .text.dwc_otg_host_hibernation_restore
                0x080096b8      0x3e4 Dave/Generated/src/USBLD001/driver/dwc_otg_cil.o
                0x080096b8                dwc_otg_host_hibernation_restore
 .text.dwc_otg_save_global_regs
                0x08009a9c      0x148 Dave/Generated/src/USBLD001/driver/dwc_otg_cil.o
                0x08009a9c                dwc_otg_save_global_regs
 .text.dwc_otg_save_gintmsk_reg
                0x08009be4       0x60 Dave/Generated/src/USBLD001/driver/dwc_otg_cil.o
                0x08009be4                dwc_otg_save_gintmsk_reg
 .text.dwc_otg_save_dev_regs
                0x08009c44      0x1bc Dave/Generated/src/USBLD001/driver/dwc_otg_cil.o
                0x08009c44                dwc_otg_save_dev_regs
 .text.dwc_otg_save_host_regs
                0x08009e00       0xfc Dave/Generated/src/USBLD001/driver/dwc_otg_cil.o
                0x08009e00                dwc_otg_save_host_regs
 .text.dwc_otg_restore_global_regs
                0x08009efc      0x13c Dave/Generated/src/USBLD001/driver/dwc_otg_cil.o
                0x08009efc                dwc_otg_restore_global_regs
 .text.dwc_otg_restore_dev_regs
                0x0800a038      0x174 Dave/Generated/src/USBLD001/driver/dwc_otg_cil.o
                0x0800a038                dwc_otg_restore_dev_regs
 .text.dwc_otg_restore_host_regs
                0x0800a1ac       0x9c Dave/Generated/src/USBLD001/driver/dwc_otg_cil.o
                0x0800a1ac                dwc_otg_restore_host_regs
 .text.restore_lpm_i2c_regs
                0x0800a248       0x34 Dave/Generated/src/USBLD001/driver/dwc_otg_cil.o
                0x0800a248                restore_lpm_i2c_regs
 .text.restore_essential_regs
                0x0800a27c      0x214 Dave/Generated/src/USBLD001/driver/dwc_otg_cil.o
                0x0800a27c                restore_essential_regs
 .text.init_fslspclksel
                0x0800a490       0x8c Dave/Generated/src/USBLD001/driver/dwc_otg_cil.o
 .text.init_devspd
                0x0800a51c       0x9c Dave/Generated/src/USBLD001/driver/dwc_otg_cil.o
 .text.calc_num_in_eps
                0x0800a5b8       0x90 Dave/Generated/src/USBLD001/driver/dwc_otg_cil.o
 .text.calc_num_out_eps
                0x0800a648       0x68 Dave/Generated/src/USBLD001/driver/dwc_otg_cil.o
 .text.dwc_otg_core_init
                0x0800a6b0      0x724 Dave/Generated/src/USBLD001/driver/dwc_otg_cil.o
                0x0800a6b0                dwc_otg_core_init
 .text.dwc_otg_enable_device_interrupts
                0x0800add4       0x9c Dave/Generated/src/USBLD001/driver/dwc_otg_cil.o
                0x0800add4                dwc_otg_enable_device_interrupts
 .text.dwc_otg_core_dev_init
                0x0800ae70      0x6bc Dave/Generated/src/USBLD001/driver/dwc_otg_cil.o
                0x0800ae70                dwc_otg_core_dev_init
 .text.dwc_otg_enable_host_interrupts
                0x0800b52c       0x84 Dave/Generated/src/USBLD001/driver/dwc_otg_cil.o
                0x0800b52c                dwc_otg_enable_host_interrupts
 .text.dwc_otg_disable_host_interrupts
                0x0800b5b0       0x58 Dave/Generated/src/USBLD001/driver/dwc_otg_cil.o
                0x0800b5b0                dwc_otg_disable_host_interrupts
 .text.dwc_otg_core_host_init
                0x0800b608      0x3a0 Dave/Generated/src/USBLD001/driver/dwc_otg_cil.o
                0x0800b608                dwc_otg_core_host_init
 .text.dwc_otg_hc_init
                0x0800b9a8      0x3c4 Dave/Generated/src/USBLD001/driver/dwc_otg_cil.o
                0x0800b9a8                dwc_otg_hc_init
 .text.dwc_otg_hc_halt
                0x0800bd6c      0x168 Dave/Generated/src/USBLD001/driver/dwc_otg_cil.o
                0x0800bd6c                dwc_otg_hc_halt
 .text.dwc_otg_hc_cleanup
                0x0800bed4       0x4c Dave/Generated/src/USBLD001/driver/dwc_otg_cil.o
                0x0800bed4                dwc_otg_hc_cleanup
 .text.hc_set_even_odd_frame
                0x0800bf20       0x60 Dave/Generated/src/USBLD001/driver/dwc_otg_cil.o
 .text.set_pid_isoc
                0x0800bf80       0xa8 Dave/Generated/src/USBLD001/driver/dwc_otg_cil.o
                0x0800bf80                set_pid_isoc
 .text.dwc_otg_hc_start_transfer
                0x0800c028      0x364 Dave/Generated/src/USBLD001/driver/dwc_otg_cil.o
                0x0800c028                dwc_otg_hc_start_transfer
 .text.dwc_otg_hc_start_transfer_ddma
                0x0800c38c      0x11c Dave/Generated/src/USBLD001/driver/dwc_otg_cil.o
                0x0800c38c                dwc_otg_hc_start_transfer_ddma
 .text.dwc_otg_hc_continue_transfer
                0x0800c4a8      0x120 Dave/Generated/src/USBLD001/driver/dwc_otg_cil.o
                0x0800c4a8                dwc_otg_hc_continue_transfer
 .text.dwc_otg_hc_do_ping
                0x0800c5c8       0x78 Dave/Generated/src/USBLD001/driver/dwc_otg_cil.o
                0x0800c5c8                dwc_otg_hc_do_ping
 .text.dwc_otg_hc_write_packet
                0x0800c640      0x110 Dave/Generated/src/USBLD001/driver/dwc_otg_cil.o
                0x0800c640                dwc_otg_hc_write_packet
 .text.dwc_otg_get_frame_number
                0x0800c750       0x30 Dave/Generated/src/USBLD001/driver/dwc_otg_cil.o
                0x0800c750                dwc_otg_get_frame_number
 .text.calc_frame_interval
                0x0800c780      0x1a8 Dave/Generated/src/USBLD001/driver/dwc_otg_cil.o
                0x0800c780                calc_frame_interval
 .text.dwc_otg_read_setup_packet
                0x0800c928       0x38 Dave/Generated/src/USBLD001/driver/dwc_otg_cil.o
                0x0800c928                dwc_otg_read_setup_packet
 .text.dwc_otg_ep0_activate
                0x0800c960       0xb8 Dave/Generated/src/USBLD001/driver/dwc_otg_cil.o
                0x0800c960                dwc_otg_ep0_activate
 .text.dwc_otg_ep_activate
                0x0800ca18      0x1d8 Dave/Generated/src/USBLD001/driver/dwc_otg_cil.o
                0x0800ca18                dwc_otg_ep_activate
 .text.dwc_otg_ep_deactivate
                0x0800cbf0      0x148 Dave/Generated/src/USBLD001/driver/dwc_otg_cil.o
                0x0800cbf0                dwc_otg_ep_deactivate
 .text.init_dma_desc_chain
                0x0800cd38      0x1b4 Dave/Generated/src/USBLD001/driver/dwc_otg_cil.o
 .text.dwc_otg_ep_start_transfer
                0x0800ceec      0x43c Dave/Generated/src/USBLD001/driver/dwc_otg_cil.o
                0x0800ceec                dwc_otg_ep_start_transfer
 .text.dwc_otg_ep_start_zl_transfer
                0x0800d328      0x224 Dave/Generated/src/USBLD001/driver/dwc_otg_cil.o
                0x0800d328                dwc_otg_ep_start_zl_transfer
 .text.dwc_otg_ep0_start_transfer
                0x0800d54c      0x3b8 Dave/Generated/src/USBLD001/driver/dwc_otg_cil.o
                0x0800d54c                dwc_otg_ep0_start_transfer
 .text.dwc_otg_ep0_continue_transfer
                0x0800d904      0x384 Dave/Generated/src/USBLD001/driver/dwc_otg_cil.o
                0x0800d904                dwc_otg_ep0_continue_transfer
 .text.dwc_otg_ep_write_packet
                0x0800dc88      0x104 Dave/Generated/src/USBLD001/driver/dwc_otg_cil.o
                0x0800dc88                dwc_otg_ep_write_packet
 .text.dwc_otg_ep_set_stall
                0x0800dd8c       0x98 Dave/Generated/src/USBLD001/driver/dwc_otg_cil.o
                0x0800dd8c                dwc_otg_ep_set_stall
 .text.dwc_otg_ep_clear_stall
                0x0800de24       0x8c Dave/Generated/src/USBLD001/driver/dwc_otg_cil.o
                0x0800de24                dwc_otg_ep_clear_stall
 .text.dwc_otg_read_packet
                0x0800deb0       0x64 Dave/Generated/src/USBLD001/driver/dwc_otg_cil.o
                0x0800deb0                dwc_otg_read_packet
 .text.dwc_otg_dump_dev_registers
                0x0800df14       0x14 Dave/Generated/src/USBLD001/driver/dwc_otg_cil.o
                0x0800df14                dwc_otg_dump_dev_registers
 .text.dwc_otg_dump_spram
                0x0800df28       0x4c Dave/Generated/src/USBLD001/driver/dwc_otg_cil.o
                0x0800df28                dwc_otg_dump_spram
 .text.dwc_otg_dump_host_registers
                0x0800df74       0x14 Dave/Generated/src/USBLD001/driver/dwc_otg_cil.o
                0x0800df74                dwc_otg_dump_host_registers
 .text.dwc_otg_dump_global_registers
                0x0800df88       0x14 Dave/Generated/src/USBLD001/driver/dwc_otg_cil.o
                0x0800df88                dwc_otg_dump_global_registers
 .text.dwc_otg_flush_tx_fifo
                0x0800df9c       0x90 Dave/Generated/src/USBLD001/driver/dwc_otg_cil.o
                0x0800df9c                dwc_otg_flush_tx_fifo
 .text.dwc_otg_flush_rx_fifo
                0x0800e02c       0x7c Dave/Generated/src/USBLD001/driver/dwc_otg_cil.o
                0x0800e02c                dwc_otg_flush_rx_fifo
 .text.dwc_otg_core_reset
                0x0800e0a8       0xbc Dave/Generated/src/USBLD001/driver/dwc_otg_cil.o
                0x0800e0a8                dwc_otg_core_reset
 .text.dwc_otg_is_device_mode
                0x0800e164       0x24 Dave/Generated/src/USBLD001/driver/dwc_otg_cil.o
                0x0800e164                dwc_otg_is_device_mode
 .text.dwc_otg_is_host_mode
                0x0800e188       0x24 Dave/Generated/src/USBLD001/driver/dwc_otg_cil.o
                0x0800e188                dwc_otg_is_host_mode
 .text.dwc_otg_cil_register_hcd_callbacks
                0x0800e1ac       0x24 Dave/Generated/src/USBLD001/driver/dwc_otg_cil.o
                0x0800e1ac                dwc_otg_cil_register_hcd_callbacks
 .text.dwc_otg_cil_register_pcd_callbacks
                0x0800e1d0       0x24 Dave/Generated/src/USBLD001/driver/dwc_otg_cil.o
                0x0800e1d0                dwc_otg_cil_register_pcd_callbacks
 .text.dwc_otg_set_uninitialized
                0x0800e1f4       0x3c Dave/Generated/src/USBLD001/driver/dwc_otg_cil.o
 .text.dwc_otg_param_initialized
                0x0800e230       0x24 Dave/Generated/src/USBLD001/driver/dwc_otg_cil.o
 .text.dwc_otg_setup_params
                0x0800e254      0x214 Dave/Generated/src/USBLD001/driver/dwc_otg_cil.o
 .text.dwc_otg_is_dma_enable
                0x0800e468       0x1c Dave/Generated/src/USBLD001/driver/dwc_otg_cil.o
                0x0800e468                dwc_otg_is_dma_enable
 .text.dwc_otg_set_param_otg_cap
                0x0800e484      0x11c Dave/Generated/src/USBLD001/driver/dwc_otg_cil.o
                0x0800e484                dwc_otg_set_param_otg_cap
 .text.dwc_otg_get_param_otg_cap
                0x0800e5a0       0x1c Dave/Generated/src/USBLD001/driver/dwc_otg_cil.o
                0x0800e5a0                dwc_otg_get_param_otg_cap
 .text.dwc_otg_set_param_opt
                0x0800e5bc       0x34 Dave/Generated/src/USBLD001/driver/dwc_otg_cil.o
                0x0800e5bc                dwc_otg_set_param_opt
 .text.dwc_otg_get_param_opt
                0x0800e5f0       0x1c Dave/Generated/src/USBLD001/driver/dwc_otg_cil.o
                0x0800e5f0                dwc_otg_get_param_opt
 .text.dwc_otg_set_param_dma_enable
                0x0800e60c       0x74 Dave/Generated/src/USBLD001/driver/dwc_otg_cil.o
                0x0800e60c                dwc_otg_set_param_dma_enable
 .text.dwc_otg_get_param_dma_enable
                0x0800e680       0x1c Dave/Generated/src/USBLD001/driver/dwc_otg_cil.o
                0x0800e680                dwc_otg_get_param_dma_enable
 .text.dwc_otg_set_param_dma_desc_enable
                0x0800e69c       0x70 Dave/Generated/src/USBLD001/driver/dwc_otg_cil.o
                0x0800e69c                dwc_otg_set_param_dma_desc_enable
 .text.dwc_otg_get_param_dma_desc_enable
                0x0800e70c       0x1c Dave/Generated/src/USBLD001/driver/dwc_otg_cil.o
                0x0800e70c                dwc_otg_get_param_dma_desc_enable
 .text.dwc_otg_set_param_host_support_fs_ls_low_power
                0x0800e728       0x34 Dave/Generated/src/USBLD001/driver/dwc_otg_cil.o
                0x0800e728                dwc_otg_set_param_host_support_fs_ls_low_power
 .text.dwc_otg_get_param_host_support_fs_ls_low_power
                0x0800e75c       0x1c Dave/Generated/src/USBLD001/driver/dwc_otg_cil.o
                0x0800e75c                dwc_otg_get_param_host_support_fs_ls_low_power
 .text.dwc_otg_set_param_enable_dynamic_fifo
                0x0800e778       0x64 Dave/Generated/src/USBLD001/driver/dwc_otg_cil.o
                0x0800e778                dwc_otg_set_param_enable_dynamic_fifo
 .text.dwc_otg_get_param_enable_dynamic_fifo
                0x0800e7dc       0x1c Dave/Generated/src/USBLD001/driver/dwc_otg_cil.o
                0x0800e7dc                dwc_otg_get_param_enable_dynamic_fifo
 .text.dwc_otg_set_param_data_fifo_size
                0x0800e7f8       0x60 Dave/Generated/src/USBLD001/driver/dwc_otg_cil.o
                0x0800e7f8                dwc_otg_set_param_data_fifo_size
 .text.dwc_otg_get_param_data_fifo_size
                0x0800e858       0x1c Dave/Generated/src/USBLD001/driver/dwc_otg_cil.o
                0x0800e858                dwc_otg_get_param_data_fifo_size
 .text.dwc_otg_set_param_dev_rx_fifo_size
                0x0800e874       0x74 Dave/Generated/src/USBLD001/driver/dwc_otg_cil.o
                0x0800e874                dwc_otg_set_param_dev_rx_fifo_size
 .text.dwc_otg_get_param_dev_rx_fifo_size
                0x0800e8e8       0x1c Dave/Generated/src/USBLD001/driver/dwc_otg_cil.o
                0x0800e8e8                dwc_otg_get_param_dev_rx_fifo_size
 .text.dwc_otg_set_param_dev_nperio_tx_fifo_size
                0x0800e904       0x7c Dave/Generated/src/USBLD001/driver/dwc_otg_cil.o
                0x0800e904                dwc_otg_set_param_dev_nperio_tx_fifo_size
 .text.dwc_otg_get_param_dev_nperio_tx_fifo_size
                0x0800e980       0x1c Dave/Generated/src/USBLD001/driver/dwc_otg_cil.o
                0x0800e980                dwc_otg_get_param_dev_nperio_tx_fifo_size
 .text.dwc_otg_set_param_host_rx_fifo_size
                0x0800e99c       0x74 Dave/Generated/src/USBLD001/driver/dwc_otg_cil.o
                0x0800e99c                dwc_otg_set_param_host_rx_fifo_size
 .text.dwc_otg_get_param_host_rx_fifo_size
                0x0800ea10       0x1c Dave/Generated/src/USBLD001/driver/dwc_otg_cil.o
                0x0800ea10                dwc_otg_get_param_host_rx_fifo_size
 .text.dwc_otg_set_param_host_nperio_tx_fifo_size
                0x0800ea2c       0x7c Dave/Generated/src/USBLD001/driver/dwc_otg_cil.o
                0x0800ea2c                dwc_otg_set_param_host_nperio_tx_fifo_size
 .text.dwc_otg_get_param_host_nperio_tx_fifo_size
                0x0800eaa8       0x1c Dave/Generated/src/USBLD001/driver/dwc_otg_cil.o
                0x0800eaa8                dwc_otg_get_param_host_nperio_tx_fifo_size
 .text.dwc_otg_set_param_host_perio_tx_fifo_size
                0x0800eac4       0x7c Dave/Generated/src/USBLD001/driver/dwc_otg_cil.o
                0x0800eac4                dwc_otg_set_param_host_perio_tx_fifo_size
 .text.dwc_otg_get_param_host_perio_tx_fifo_size
                0x0800eb40       0x1c Dave/Generated/src/USBLD001/driver/dwc_otg_cil.o
                0x0800eb40                dwc_otg_get_param_host_perio_tx_fifo_size
 .text.dwc_otg_set_param_max_transfer_size
                0x0800eb5c       0x8c Dave/Generated/src/USBLD001/driver/dwc_otg_cil.o
                0x0800eb5c                dwc_otg_set_param_max_transfer_size
 .text.dwc_otg_get_param_max_transfer_size
                0x0800ebe8       0x1c Dave/Generated/src/USBLD001/driver/dwc_otg_cil.o
                0x0800ebe8                dwc_otg_get_param_max_transfer_size
 .text.dwc_otg_set_param_max_packet_count
                0x0800ec04       0x88 Dave/Generated/src/USBLD001/driver/dwc_otg_cil.o
                0x0800ec04                dwc_otg_set_param_max_packet_count
 .text.dwc_otg_get_param_max_packet_count
                0x0800ec8c       0x1c Dave/Generated/src/USBLD001/driver/dwc_otg_cil.o
                0x0800ec8c                dwc_otg_get_param_max_packet_count
 .text.dwc_otg_set_param_host_channels
                0x0800eca8       0x70 Dave/Generated/src/USBLD001/driver/dwc_otg_cil.o
                0x0800eca8                dwc_otg_set_param_host_channels
 .text.dwc_otg_get_param_host_channels
                0x0800ed18       0x1c Dave/Generated/src/USBLD001/driver/dwc_otg_cil.o
                0x0800ed18                dwc_otg_get_param_host_channels
 .text.dwc_otg_set_param_dev_endpoints
                0x0800ed34       0x70 Dave/Generated/src/USBLD001/driver/dwc_otg_cil.o
                0x0800ed34                dwc_otg_set_param_dev_endpoints
 .text.dwc_otg_get_param_dev_endpoints
                0x0800eda4       0x1c Dave/Generated/src/USBLD001/driver/dwc_otg_cil.o
                0x0800eda4                dwc_otg_get_param_dev_endpoints
 .text.dwc_otg_set_param_phy_type
                0x0800edc0      0x110 Dave/Generated/src/USBLD001/driver/dwc_otg_cil.o
                0x0800edc0                dwc_otg_set_param_phy_type
 .text.dwc_otg_get_param_phy_type
                0x0800eed0       0x1c Dave/Generated/src/USBLD001/driver/dwc_otg_cil.o
                0x0800eed0                dwc_otg_get_param_phy_type
 .text.dwc_otg_set_param_speed
                0x0800eeec       0x70 Dave/Generated/src/USBLD001/driver/dwc_otg_cil.o
                0x0800eeec                dwc_otg_set_param_speed
 .text.dwc_otg_get_param_speed
                0x0800ef5c       0x1c Dave/Generated/src/USBLD001/driver/dwc_otg_cil.o
                0x0800ef5c                dwc_otg_get_param_speed
 .text.dwc_otg_set_param_host_ls_low_power_phy_clk
                0x0800ef78       0x70 Dave/Generated/src/USBLD001/driver/dwc_otg_cil.o
                0x0800ef78                dwc_otg_set_param_host_ls_low_power_phy_clk
 .text.dwc_otg_get_param_host_ls_low_power_phy_clk
                0x0800efe8       0x1c Dave/Generated/src/USBLD001/driver/dwc_otg_cil.o
                0x0800efe8                dwc_otg_get_param_host_ls_low_power_phy_clk
 .text.dwc_otg_set_param_phy_ulpi_ddr
                0x0800f004       0x38 Dave/Generated/src/USBLD001/driver/dwc_otg_cil.o
                0x0800f004                dwc_otg_set_param_phy_ulpi_ddr
 .text.dwc_otg_get_param_phy_ulpi_ddr
                0x0800f03c       0x1c Dave/Generated/src/USBLD001/driver/dwc_otg_cil.o
                0x0800f03c                dwc_otg_get_param_phy_ulpi_ddr
 .text.dwc_otg_set_param_phy_ulpi_ext_vbus
                0x0800f058       0x38 Dave/Generated/src/USBLD001/driver/dwc_otg_cil.o
                0x0800f058                dwc_otg_set_param_phy_ulpi_ext_vbus
 .text.dwc_otg_get_param_phy_ulpi_ext_vbus
                0x0800f090       0x1c Dave/Generated/src/USBLD001/driver/dwc_otg_cil.o
                0x0800f090                dwc_otg_get_param_phy_ulpi_ext_vbus
 .text.dwc_otg_set_param_phy_utmi_width
                0x0800f0ac       0x44 Dave/Generated/src/USBLD001/driver/dwc_otg_cil.o
                0x0800f0ac                dwc_otg_set_param_phy_utmi_width
 .text.dwc_otg_get_param_phy_utmi_width
                0x0800f0f0       0x1c Dave/Generated/src/USBLD001/driver/dwc_otg_cil.o
                0x0800f0f0                dwc_otg_get_param_phy_utmi_width
 .text.dwc_otg_set_param_ulpi_fs_ls
                0x0800f10c       0x38 Dave/Generated/src/USBLD001/driver/dwc_otg_cil.o
                0x0800f10c                dwc_otg_set_param_ulpi_fs_ls
 .text.dwc_otg_get_param_ulpi_fs_ls
                0x0800f144       0x1c Dave/Generated/src/USBLD001/driver/dwc_otg_cil.o
                0x0800f144                dwc_otg_get_param_ulpi_fs_ls
 .text.dwc_otg_set_param_ts_dline
                0x0800f160       0x38 Dave/Generated/src/USBLD001/driver/dwc_otg_cil.o
                0x0800f160                dwc_otg_set_param_ts_dline
 .text.dwc_otg_get_param_ts_dline
                0x0800f198       0x1c Dave/Generated/src/USBLD001/driver/dwc_otg_cil.o
                0x0800f198                dwc_otg_get_param_ts_dline
 .text.dwc_otg_set_param_i2c_enable
                0x0800f1b4       0x68 Dave/Generated/src/USBLD001/driver/dwc_otg_cil.o
                0x0800f1b4                dwc_otg_set_param_i2c_enable
 .text.dwc_otg_get_param_i2c_enable
                0x0800f21c       0x1c Dave/Generated/src/USBLD001/driver/dwc_otg_cil.o
                0x0800f21c                dwc_otg_get_param_i2c_enable
 .text.dwc_otg_set_param_dev_perio_tx_fifo_size
                0x0800f238       0x9c Dave/Generated/src/USBLD001/driver/dwc_otg_cil.o
                0x0800f238                dwc_otg_set_param_dev_perio_tx_fifo_size
 .text.dwc_otg_get_param_dev_perio_tx_fifo_size
                0x0800f2d4       0x24 Dave/Generated/src/USBLD001/driver/dwc_otg_cil.o
                0x0800f2d4                dwc_otg_get_param_dev_perio_tx_fifo_size
 .text.dwc_otg_set_param_en_multiple_tx_fifo
                0x0800f2f8       0x68 Dave/Generated/src/USBLD001/driver/dwc_otg_cil.o
                0x0800f2f8                dwc_otg_set_param_en_multiple_tx_fifo
 .text.dwc_otg_get_param_en_multiple_tx_fifo
                0x0800f360       0x1c Dave/Generated/src/USBLD001/driver/dwc_otg_cil.o
                0x0800f360                dwc_otg_get_param_en_multiple_tx_fifo
 .text.dwc_otg_set_param_dev_tx_fifo_size
                0x0800f37c       0x9c Dave/Generated/src/USBLD001/driver/dwc_otg_cil.o
                0x0800f37c                dwc_otg_set_param_dev_tx_fifo_size
 .text.dwc_otg_get_param_dev_tx_fifo_size
                0x0800f418       0x24 Dave/Generated/src/USBLD001/driver/dwc_otg_cil.o
                0x0800f418                dwc_otg_get_param_dev_tx_fifo_size
 .text.dwc_otg_set_param_thr_ctl
                0x0800f43c       0x74 Dave/Generated/src/USBLD001/driver/dwc_otg_cil.o
                0x0800f43c                dwc_otg_set_param_thr_ctl
 .text.dwc_otg_get_param_thr_ctl
                0x0800f4b0       0x1c Dave/Generated/src/USBLD001/driver/dwc_otg_cil.o
                0x0800f4b0                dwc_otg_get_param_thr_ctl
 .text.dwc_otg_set_param_lpm_enable
                0x0800f4cc       0x68 Dave/Generated/src/USBLD001/driver/dwc_otg_cil.o
                0x0800f4cc                dwc_otg_set_param_lpm_enable
 .text.dwc_otg_get_param_lpm_enable
                0x0800f534       0x1c Dave/Generated/src/USBLD001/driver/dwc_otg_cil.o
                0x0800f534                dwc_otg_get_param_lpm_enable
 .text.dwc_otg_set_param_tx_thr_length
                0x0800f550       0x38 Dave/Generated/src/USBLD001/driver/dwc_otg_cil.o
                0x0800f550                dwc_otg_set_param_tx_thr_length
 .text.dwc_otg_get_param_tx_thr_length
                0x0800f588       0x1c Dave/Generated/src/USBLD001/driver/dwc_otg_cil.o
                0x0800f588                dwc_otg_get_param_tx_thr_length
 .text.dwc_otg_set_param_rx_thr_length
                0x0800f5a4       0x38 Dave/Generated/src/USBLD001/driver/dwc_otg_cil.o
                0x0800f5a4                dwc_otg_set_param_rx_thr_length
 .text.dwc_otg_get_param_rx_thr_length
                0x0800f5dc       0x1c Dave/Generated/src/USBLD001/driver/dwc_otg_cil.o
                0x0800f5dc                dwc_otg_get_param_rx_thr_length
 .text.dwc_otg_set_param_dma_burst_size
                0x0800f5f8       0x8c Dave/Generated/src/USBLD001/driver/dwc_otg_cil.o
                0x0800f5f8                dwc_otg_set_param_dma_burst_size
 .text.dwc_otg_get_param_dma_burst_size
                0x0800f684       0x1c Dave/Generated/src/USBLD001/driver/dwc_otg_cil.o
                0x0800f684                dwc_otg_get_param_dma_burst_size
 .text.dwc_otg_set_param_pti_enable
                0x0800f6a0       0x68 Dave/Generated/src/USBLD001/driver/dwc_otg_cil.o
                0x0800f6a0                dwc_otg_set_param_pti_enable
 .text.dwc_otg_get_param_pti_enable
                0x0800f708       0x1c Dave/Generated/src/USBLD001/driver/dwc_otg_cil.o
                0x0800f708                dwc_otg_get_param_pti_enable
 .text.dwc_otg_set_param_mpi_enable
                0x0800f724       0x68 Dave/Generated/src/USBLD001/driver/dwc_otg_cil.o
                0x0800f724                dwc_otg_set_param_mpi_enable
 .text.dwc_otg_get_param_mpi_enable
                0x0800f78c       0x1c Dave/Generated/src/USBLD001/driver/dwc_otg_cil.o
                0x0800f78c                dwc_otg_get_param_mpi_enable
 .text.dwc_otg_set_param_adp_enable
                0x0800f7a8       0x68 Dave/Generated/src/USBLD001/driver/dwc_otg_cil.o
                0x0800f7a8                dwc_otg_set_param_adp_enable
 .text.dwc_otg_get_param_adp_enable
                0x0800f810       0x1c Dave/Generated/src/USBLD001/driver/dwc_otg_cil.o
                0x0800f810                dwc_otg_get_param_adp_enable
 .text.dwc_otg_set_param_ic_usb_cap
                0x0800f82c       0x68 Dave/Generated/src/USBLD001/driver/dwc_otg_cil.o
                0x0800f82c                dwc_otg_set_param_ic_usb_cap
 .text.dwc_otg_get_param_ic_usb_cap
                0x0800f894       0x1c Dave/Generated/src/USBLD001/driver/dwc_otg_cil.o
                0x0800f894                dwc_otg_get_param_ic_usb_cap
 .text.dwc_otg_set_param_ahb_thr_ratio
                0x0800f8b0       0xb0 Dave/Generated/src/USBLD001/driver/dwc_otg_cil.o
                0x0800f8b0                dwc_otg_set_param_ahb_thr_ratio
 .text.dwc_otg_get_param_ahb_thr_ratio
                0x0800f960       0x1c Dave/Generated/src/USBLD001/driver/dwc_otg_cil.o
                0x0800f960                dwc_otg_get_param_ahb_thr_ratio
 .text.dwc_otg_set_param_power_down
                0x0800f97c       0x7c Dave/Generated/src/USBLD001/driver/dwc_otg_cil.o
                0x0800f97c                dwc_otg_set_param_power_down
 .text.dwc_otg_get_param_power_down
                0x0800f9f8       0x1c Dave/Generated/src/USBLD001/driver/dwc_otg_cil.o
                0x0800f9f8                dwc_otg_get_param_power_down
 .text.dwc_otg_set_param_reload_ctl
                0x0800fa14       0x7c Dave/Generated/src/USBLD001/driver/dwc_otg_cil.o
                0x0800fa14                dwc_otg_set_param_reload_ctl
 .text.dwc_otg_get_param_reload_ctl
                0x0800fa90       0x1c Dave/Generated/src/USBLD001/driver/dwc_otg_cil.o
                0x0800fa90                dwc_otg_get_param_reload_ctl
 .text.dwc_otg_set_param_otg_ver
                0x0800faac       0x68 Dave/Generated/src/USBLD001/driver/dwc_otg_cil.o
                0x0800faac                dwc_otg_set_param_otg_ver
 .text.dwc_otg_get_param_otg_ver
                0x0800fb14       0x1c Dave/Generated/src/USBLD001/driver/dwc_otg_cil.o
                0x0800fb14                dwc_otg_get_param_otg_ver
 .text.dwc_otg_get_hnpstatus
                0x0800fb30       0x28 Dave/Generated/src/USBLD001/driver/dwc_otg_cil.o
                0x0800fb30                dwc_otg_get_hnpstatus
 .text.dwc_otg_get_srpstatus
                0x0800fb58       0x28 Dave/Generated/src/USBLD001/driver/dwc_otg_cil.o
                0x0800fb58                dwc_otg_get_srpstatus
 .text.dwc_otg_set_hnpreq
                0x0800fb80       0x44 Dave/Generated/src/USBLD001/driver/dwc_otg_cil.o
                0x0800fb80                dwc_otg_set_hnpreq
 .text.dwc_otg_get_gsnpsid
                0x0800fbc4       0x18 Dave/Generated/src/USBLD001/driver/dwc_otg_cil.o
                0x0800fbc4                dwc_otg_get_gsnpsid
 .text.dwc_otg_get_mode
                0x0800fbdc       0x2c Dave/Generated/src/USBLD001/driver/dwc_otg_cil.o
                0x0800fbdc                dwc_otg_get_mode
 .text.dwc_otg_get_hnpcapable
                0x0800fc08       0x2c Dave/Generated/src/USBLD001/driver/dwc_otg_cil.o
                0x0800fc08                dwc_otg_get_hnpcapable
 .text.dwc_otg_set_hnpcapable
                0x0800fc34       0x48 Dave/Generated/src/USBLD001/driver/dwc_otg_cil.o
                0x0800fc34                dwc_otg_set_hnpcapable
 .text.dwc_otg_get_srpcapable
                0x0800fc7c       0x2c Dave/Generated/src/USBLD001/driver/dwc_otg_cil.o
                0x0800fc7c                dwc_otg_get_srpcapable
 .text.dwc_otg_set_srpcapable
                0x0800fca8       0x48 Dave/Generated/src/USBLD001/driver/dwc_otg_cil.o
                0x0800fca8                dwc_otg_set_srpcapable
 .text.dwc_otg_get_devspeed
                0x0800fcf0       0x2c Dave/Generated/src/USBLD001/driver/dwc_otg_cil.o
                0x0800fcf0                dwc_otg_get_devspeed
 .text.dwc_otg_set_devspeed
                0x0800fd1c       0x48 Dave/Generated/src/USBLD001/driver/dwc_otg_cil.o
                0x0800fd1c                dwc_otg_set_devspeed
 .text.dwc_otg_get_busconnected
                0x0800fd64       0x2c Dave/Generated/src/USBLD001/driver/dwc_otg_cil.o
                0x0800fd64                dwc_otg_get_busconnected
 .text.dwc_otg_get_enumspeed
                0x0800fd90       0x30 Dave/Generated/src/USBLD001/driver/dwc_otg_cil.o
                0x0800fd90                dwc_otg_get_enumspeed
 .text.dwc_otg_get_prtpower
                0x0800fdc0       0x2c Dave/Generated/src/USBLD001/driver/dwc_otg_cil.o
                0x0800fdc0                dwc_otg_get_prtpower
 .text.dwc_otg_get_core_state
                0x0800fdec       0x1c Dave/Generated/src/USBLD001/driver/dwc_otg_cil.o
                0x0800fdec                dwc_otg_get_core_state
 .text.dwc_otg_set_prtpower
                0x0800fe08       0x40 Dave/Generated/src/USBLD001/driver/dwc_otg_cil.o
                0x0800fe08                dwc_otg_set_prtpower
 .text.dwc_otg_get_prtsuspend
                0x0800fe48       0x2c Dave/Generated/src/USBLD001/driver/dwc_otg_cil.o
                0x0800fe48                dwc_otg_get_prtsuspend
 .text.dwc_otg_set_prtsuspend
                0x0800fe74       0x40 Dave/Generated/src/USBLD001/driver/dwc_otg_cil.o
                0x0800fe74                dwc_otg_set_prtsuspend
 .text.dwc_otg_get_fr_interval
                0x0800feb4       0x28 Dave/Generated/src/USBLD001/driver/dwc_otg_cil.o
                0x0800feb4                dwc_otg_get_fr_interval
 .text.dwc_otg_set_fr_interval
                0x0800fedc      0x114 Dave/Generated/src/USBLD001/driver/dwc_otg_cil.o
                0x0800fedc                dwc_otg_set_fr_interval
 .text.dwc_otg_get_mode_ch_tim
                0x0800fff0       0x2c Dave/Generated/src/USBLD001/driver/dwc_otg_cil.o
                0x0800fff0                dwc_otg_get_mode_ch_tim
 .text.dwc_otg_set_mode_ch_tim
                0x0801001c       0x48 Dave/Generated/src/USBLD001/driver/dwc_otg_cil.o
                0x0801001c                dwc_otg_set_mode_ch_tim
 .text.dwc_otg_set_prtresume
                0x08010064       0x40 Dave/Generated/src/USBLD001/driver/dwc_otg_cil.o
                0x08010064                dwc_otg_set_prtresume
 .text.dwc_otg_get_remotewakesig
                0x080100a4       0x30 Dave/Generated/src/USBLD001/driver/dwc_otg_cil.o
                0x080100a4                dwc_otg_get_remotewakesig
 .text.dwc_otg_get_lpm_portsleepstatus
                0x080100d4       0x2c Dave/Generated/src/USBLD001/driver/dwc_otg_cil.o
                0x080100d4                dwc_otg_get_lpm_portsleepstatus
 .text.dwc_otg_get_lpm_remotewakeenabled
                0x08010100       0x2c Dave/Generated/src/USBLD001/driver/dwc_otg_cil.o
                0x08010100                dwc_otg_get_lpm_remotewakeenabled
 .text.dwc_otg_get_lpmresponse
                0x0801012c       0x2c Dave/Generated/src/USBLD001/driver/dwc_otg_cil.o
                0x0801012c                dwc_otg_get_lpmresponse
 .text.dwc_otg_set_lpmresponse
                0x08010158       0x48 Dave/Generated/src/USBLD001/driver/dwc_otg_cil.o
                0x08010158                dwc_otg_set_lpmresponse
 .text.dwc_otg_get_hsic_connect
                0x080101a0       0x2c Dave/Generated/src/USBLD001/driver/dwc_otg_cil.o
                0x080101a0                dwc_otg_get_hsic_connect
 .text.dwc_otg_set_hsic_connect
                0x080101cc       0x48 Dave/Generated/src/USBLD001/driver/dwc_otg_cil.o
                0x080101cc                dwc_otg_set_hsic_connect
 .text.dwc_otg_get_inv_sel_hsic
                0x08010214       0x2c Dave/Generated/src/USBLD001/driver/dwc_otg_cil.o
                0x08010214                dwc_otg_get_inv_sel_hsic
 .text.dwc_otg_set_inv_sel_hsic
                0x08010240       0x48 Dave/Generated/src/USBLD001/driver/dwc_otg_cil.o
                0x08010240                dwc_otg_set_inv_sel_hsic
 .text.dwc_otg_get_gotgctl
                0x08010288       0x20 Dave/Generated/src/USBLD001/driver/dwc_otg_cil.o
                0x08010288                dwc_otg_get_gotgctl
 .text.dwc_otg_set_gotgctl
                0x080102a8       0x20 Dave/Generated/src/USBLD001/driver/dwc_otg_cil.o
                0x080102a8                dwc_otg_set_gotgctl
 .text.dwc_otg_get_gusbcfg
                0x080102c8       0x24 Dave/Generated/src/USBLD001/driver/dwc_otg_cil.o
                0x080102c8                dwc_otg_get_gusbcfg
 .text.dwc_otg_set_gusbcfg
                0x080102ec       0x24 Dave/Generated/src/USBLD001/driver/dwc_otg_cil.o
                0x080102ec                dwc_otg_set_gusbcfg
 .text.dwc_otg_get_grxfsiz
                0x08010310       0x24 Dave/Generated/src/USBLD001/driver/dwc_otg_cil.o
                0x08010310                dwc_otg_get_grxfsiz
 .text.dwc_otg_set_grxfsiz
                0x08010334       0x24 Dave/Generated/src/USBLD001/driver/dwc_otg_cil.o
                0x08010334                dwc_otg_set_grxfsiz
 .text.dwc_otg_get_gnptxfsiz
                0x08010358       0x24 Dave/Generated/src/USBLD001/driver/dwc_otg_cil.o
                0x08010358                dwc_otg_get_gnptxfsiz
 .text.dwc_otg_set_gnptxfsiz
                0x0801037c       0x24 Dave/Generated/src/USBLD001/driver/dwc_otg_cil.o
                0x0801037c                dwc_otg_set_gnptxfsiz
 .text.dwc_otg_get_gpvndctl
                0x080103a0       0x24 Dave/Generated/src/USBLD001/driver/dwc_otg_cil.o
                0x080103a0                dwc_otg_get_gpvndctl
 .text.dwc_otg_set_gpvndctl
                0x080103c4       0x24 Dave/Generated/src/USBLD001/driver/dwc_otg_cil.o
                0x080103c4                dwc_otg_set_gpvndctl
 .text.dwc_otg_get_ggpio
                0x080103e8       0x24 Dave/Generated/src/USBLD001/driver/dwc_otg_cil.o
                0x080103e8                dwc_otg_get_ggpio
 .text.dwc_otg_set_ggpio
                0x0801040c       0x24 Dave/Generated/src/USBLD001/driver/dwc_otg_cil.o
                0x0801040c                dwc_otg_set_ggpio
 .text.dwc_otg_get_hprt0
                0x08010430       0x20 Dave/Generated/src/USBLD001/driver/dwc_otg_cil.o
                0x08010430                dwc_otg_get_hprt0
 .text.dwc_otg_set_hprt0
                0x08010450       0x20 Dave/Generated/src/USBLD001/driver/dwc_otg_cil.o
                0x08010450                dwc_otg_set_hprt0
 .text.dwc_otg_get_guid
                0x08010470       0x24 Dave/Generated/src/USBLD001/driver/dwc_otg_cil.o
                0x08010470                dwc_otg_get_guid
 .text.dwc_otg_set_guid
                0x08010494       0x24 Dave/Generated/src/USBLD001/driver/dwc_otg_cil.o
                0x08010494                dwc_otg_set_guid
 .text.dwc_otg_get_hptxfsiz
                0x080104b8       0x24 Dave/Generated/src/USBLD001/driver/dwc_otg_cil.o
                0x080104b8                dwc_otg_get_hptxfsiz
 .text.dwc_otg_get_otg_version
                0x080104dc       0x28 Dave/Generated/src/USBLD001/driver/dwc_otg_cil.o
                0x080104dc                dwc_otg_get_otg_version
 .text.dwc_otg_pcd_start_srp_timer
                0x08010504       0x28 Dave/Generated/src/USBLD001/driver/dwc_otg_cil.o
                0x08010504                dwc_otg_pcd_start_srp_timer
 .text.dwc_otg_initiate_srp
                0x0801052c       0x50 Dave/Generated/src/USBLD001/driver/dwc_otg_cil.o
                0x0801052c                dwc_otg_initiate_srp
 .text          0x0801057c        0x0 Dave/Generated/src/USBLD001/driver/dwc_otg_cil_intr.o
 .text.dwc_otg_read_hprt0
                0x0801057c       0x44 Dave/Generated/src/USBLD001/driver/dwc_otg_cil_intr.o
 .text.cil_hcd_start
                0x080105c0       0x34 Dave/Generated/src/USBLD001/driver/dwc_otg_cil_intr.o
 .text.cil_hcd_disconnect
                0x080105f4       0x34 Dave/Generated/src/USBLD001/driver/dwc_otg_cil_intr.o
 .text.cil_hcd_session_start
                0x08010628       0x34 Dave/Generated/src/USBLD001/driver/dwc_otg_cil_intr.o
 .text.cil_hcd_resume
                0x0801065c       0x34 Dave/Generated/src/USBLD001/driver/dwc_otg_cil_intr.o
 .text.cil_pcd_start
                0x08010690       0x34 Dave/Generated/src/USBLD001/driver/dwc_otg_cil_intr.o
 .text.cil_pcd_stop
                0x080106c4       0x34 Dave/Generated/src/USBLD001/driver/dwc_otg_cil_intr.o
 .text.cil_pcd_suspend
                0x080106f8       0x34 Dave/Generated/src/USBLD001/driver/dwc_otg_cil_intr.o
 .text.cil_pcd_resume
                0x0801072c       0x34 Dave/Generated/src/USBLD001/driver/dwc_otg_cil_intr.o
 .text.dwc_otg_handle_mode_mismatch_intr
                0x08010760       0x38 Dave/Generated/src/USBLD001/driver/dwc_otg_cil_intr.o
                0x08010760                dwc_otg_handle_mode_mismatch_intr
 .text.dwc_otg_handle_otg_intr
                0x08010798      0x2f4 Dave/Generated/src/USBLD001/driver/dwc_otg_cil_intr.o
                0x08010798                dwc_otg_handle_otg_intr
 .text.w_conn_id_status_change
                0x08010a8c       0xd0 Dave/Generated/src/USBLD001/driver/dwc_otg_cil_intr.o
                0x08010a8c                w_conn_id_status_change
 .text.dwc_otg_handle_conn_id_status_change_intr
                0x08010b5c       0x90 Dave/Generated/src/USBLD001/driver/dwc_otg_cil_intr.o
                0x08010b5c                dwc_otg_handle_conn_id_status_change_intr
 .text.dwc_otg_handle_session_req_intr
                0x08010bec       0x6c Dave/Generated/src/USBLD001/driver/dwc_otg_cil_intr.o
                0x08010bec                dwc_otg_handle_session_req_intr
 .text.w_wakeup_detected
                0x08010c58       0x4c Dave/Generated/src/USBLD001/driver/dwc_otg_cil_intr.o
                0x08010c58                w_wakeup_detected
 .text.dwc_otg_handle_wakeup_detected_intr
                0x08010ca4      0x138 Dave/Generated/src/USBLD001/driver/dwc_otg_cil_intr.o
                0x08010ca4                dwc_otg_handle_wakeup_detected_intr
 .text.dwc_otg_handle_pwrdn_disconnect_intr
                0x08010ddc      0x188 Dave/Generated/src/USBLD001/driver/dwc_otg_cil_intr.o
 .text.dwc_otg_handle_pwrdn_wakeup_detected_intr
                0x08010f64       0x90 Dave/Generated/src/USBLD001/driver/dwc_otg_cil_intr.o
 .text.dwc_otg_handle_pwrdn_idsts_change
                0x08010ff4      0x1c0 Dave/Generated/src/USBLD001/driver/dwc_otg_cil_intr.o
 .text.dwc_otg_handle_pwrdn_session_change
                0x080111b4      0x1b4 Dave/Generated/src/USBLD001/driver/dwc_otg_cil_intr.o
 .text.dwc_otg_handle_pwrdn_stschng_intr
                0x08011368       0x88 Dave/Generated/src/USBLD001/driver/dwc_otg_cil_intr.o
 .text.dwc_otg_handle_pwrdn_srp_intr
                0x080113f0      0x168 Dave/Generated/src/USBLD001/driver/dwc_otg_cil_intr.o
 .text.dwc_otg_handle_restore_done_intr
                0x08011558       0x54 Dave/Generated/src/USBLD001/driver/dwc_otg_cil_intr.o
                0x08011558                dwc_otg_handle_restore_done_intr
 .text.dwc_otg_handle_disconnect_intr
                0x080115ac       0x40 Dave/Generated/src/USBLD001/driver/dwc_otg_cil_intr.o
                0x080115ac                dwc_otg_handle_disconnect_intr
 .text.dwc_otg_handle_usb_suspend_intr
                0x080115ec      0x298 Dave/Generated/src/USBLD001/driver/dwc_otg_cil_intr.o
                0x080115ec                dwc_otg_handle_usb_suspend_intr
 .text.dwc_otg_read_common_intr
                0x08011884       0x90 Dave/Generated/src/USBLD001/driver/dwc_otg_cil_intr.o
 .text.dwc_otg_handle_common_intr
                0x08011914      0x3d0 Dave/Generated/src/USBLD001/driver/dwc_otg_cil_intr.o
                0x08011914                dwc_otg_handle_common_intr
 .text          0x08011ce4        0x0 Dave/Generated/src/USBLD001/driver/dwc_otg_hcd.o
 .text          0x08011ce4        0x0 Dave/Generated/src/USBLD001/driver/dwc_otg_hcd_ddma.o
 .text          0x08011ce4        0x0 Dave/Generated/src/USBLD001/driver/dwc_otg_hcd_intr.o
 .text          0x08011ce4        0x0 Dave/Generated/src/USBLD001/driver/dwc_otg_hcd_queue.o
 .text          0x08011ce4        0x0 Dave/Generated/src/USBLD001/driver/dwc_otg_pcd.o
 .text.cil_pcd_start
                0x08011ce4       0x34 Dave/Generated/src/USBLD001/driver/dwc_otg_pcd.o
 .text.get_ep_from_handle
                0x08011d18       0xb4 Dave/Generated/src/USBLD001/driver/dwc_otg_pcd.o
 .text.dwc_otg_request_done
                0x08011dcc       0xd8 Dave/Generated/src/USBLD001/driver/dwc_otg_pcd.o
                0x08011dcc                dwc_otg_request_done
 .text.dwc_otg_request_nuke
                0x08011ea4       0x40 Dave/Generated/src/USBLD001/driver/dwc_otg_pcd.o
                0x08011ea4                dwc_otg_request_nuke
 .text.dwc_otg_pcd_start
                0x08011ee4       0x1c Dave/Generated/src/USBLD001/driver/dwc_otg_pcd.o
                0x08011ee4                dwc_otg_pcd_start
 .text.dwc_otg_pcd_start_cb
                0x08011f00       0x40 Dave/Generated/src/USBLD001/driver/dwc_otg_pcd.o
 .text.dwc_otg_pcd_resume_cb
                0x08011f40       0x6c Dave/Generated/src/USBLD001/driver/dwc_otg_pcd.o
 .text.dwc_otg_pcd_suspend_cb
                0x08011fac       0x48 Dave/Generated/src/USBLD001/driver/dwc_otg_pcd.o
 .text.dwc_otg_pcd_stop_cb
                0x08011ff4       0x20 Dave/Generated/src/USBLD001/driver/dwc_otg_pcd.o
 .text.dwc_otg_ep_alloc_desc_chain
                0x08012014       0x28 Dave/Generated/src/USBLD001/driver/dwc_otg_pcd.o
                0x08012014                dwc_otg_ep_alloc_desc_chain
 .text.dwc_otg_ep_free_desc_chain
                0x0801203c       0x28 Dave/Generated/src/USBLD001/driver/dwc_otg_pcd.o
                0x0801203c                dwc_otg_ep_free_desc_chain
 .text.dwc_otg_pcd_init_ep
                0x08012064       0xfc Dave/Generated/src/USBLD001/driver/dwc_otg_pcd.o
 .text.dwc_otg_pcd_reinit
                0x08012160      0x174 Dave/Generated/src/USBLD001/driver/dwc_otg_pcd.o
 .text.srp_timeout
                0x080122d4      0x164 Dave/Generated/src/USBLD001/driver/dwc_otg_pcd.o
 .text.start_xfer_tasklet_func
                0x08012438       0xc4 Dave/Generated/src/USBLD001/driver/dwc_otg_pcd.o
 .text.dwc_otg_pcd_init
                0x080124fc      0x334 Dave/Generated/src/USBLD001/driver/dwc_otg_pcd.o
                0x080124fc                dwc_otg_pcd_init
 .text.dwc_otg_pcd_remove
                0x08012830      0x110 Dave/Generated/src/USBLD001/driver/dwc_otg_pcd.o
                0x08012830                dwc_otg_pcd_remove
 .text.dwc_otg_pcd_is_dualspeed
                0x08012940       0x5c Dave/Generated/src/USBLD001/driver/dwc_otg_pcd.o
                0x08012940                dwc_otg_pcd_is_dualspeed
 .text.dwc_otg_pcd_is_otg
                0x0801299c       0x54 Dave/Generated/src/USBLD001/driver/dwc_otg_pcd.o
                0x0801299c                dwc_otg_pcd_is_otg
 .text.assign_tx_fifo
                0x080129f0       0x6c Dave/Generated/src/USBLD001/driver/dwc_otg_pcd.o
 .text.assign_perio_tx_fifo
                0x08012a5c       0x6c Dave/Generated/src/USBLD001/driver/dwc_otg_pcd.o
 .text.release_perio_tx_fifo
                0x08012ac8       0x30 Dave/Generated/src/USBLD001/driver/dwc_otg_pcd.o
 .text.release_tx_fifo
                0x08012af8       0x30 Dave/Generated/src/USBLD001/driver/dwc_otg_pcd.o
 .text.dwc_otg_pcd_ep_enable
                0x08012b28      0x370 Dave/Generated/src/USBLD001/driver/dwc_otg_pcd.o
                0x08012b28                dwc_otg_pcd_ep_enable
 .text.dwc_otg_pcd_ep_disable
                0x08012e98      0x198 Dave/Generated/src/USBLD001/driver/dwc_otg_pcd.o
                0x08012e98                dwc_otg_pcd_ep_disable
 .text.dwc_otg_pcd_ep_queue
                0x08013030      0x488 Dave/Generated/src/USBLD001/driver/dwc_otg_pcd.o
                0x08013030                dwc_otg_pcd_ep_queue
 .text.dwc_otg_pcd_ep_dequeue
                0x080134b8       0xe4 Dave/Generated/src/USBLD001/driver/dwc_otg_pcd.o
                0x080134b8                dwc_otg_pcd_ep_dequeue
 .text.dwc_otg_pcd_ep_halt
                0x0801359c      0x1b4 Dave/Generated/src/USBLD001/driver/dwc_otg_pcd.o
                0x0801359c                dwc_otg_pcd_ep_halt
 .text.dwc_otg_pcd_rem_wkup_from_suspend
                0x08013750      0x100 Dave/Generated/src/USBLD001/driver/dwc_otg_pcd.o
                0x08013750                dwc_otg_pcd_rem_wkup_from_suspend
 .text.dwc_otg_pcd_remote_wakeup
                0x08013850       0x50 Dave/Generated/src/USBLD001/driver/dwc_otg_pcd.o
                0x08013850                dwc_otg_pcd_remote_wakeup
 .text.dwc_otg_pcd_disconnect_us
                0x080138a0       0x6c Dave/Generated/src/USBLD001/driver/dwc_otg_pcd.o
                0x080138a0                dwc_otg_pcd_disconnect_us
 .text.dwc_otg_pcd_wakeup
                0x0801390c       0x68 Dave/Generated/src/USBLD001/driver/dwc_otg_pcd.o
                0x0801390c                dwc_otg_pcd_wakeup
 .text.dwc_otg_pcd_initiate_srp
                0x08013974       0x3c Dave/Generated/src/USBLD001/driver/dwc_otg_pcd.o
                0x08013974                dwc_otg_pcd_initiate_srp
 .text.dwc_otg_pcd_get_frame_number
                0x080139b0       0x20 Dave/Generated/src/USBLD001/driver/dwc_otg_pcd.o
                0x080139b0                dwc_otg_pcd_get_frame_number
 .text.dwc_otg_pcd_is_lpm_enabled
                0x080139d0       0x20 Dave/Generated/src/USBLD001/driver/dwc_otg_pcd.o
                0x080139d0                dwc_otg_pcd_is_lpm_enabled
 .text.get_b_hnp_enable
                0x080139f0       0x20 Dave/Generated/src/USBLD001/driver/dwc_otg_pcd.o
                0x080139f0                get_b_hnp_enable
 .text.get_a_hnp_support
                0x08013a10       0x20 Dave/Generated/src/USBLD001/driver/dwc_otg_pcd.o
                0x08013a10                get_a_hnp_support
 .text.get_a_alt_hnp_support
                0x08013a30       0x20 Dave/Generated/src/USBLD001/driver/dwc_otg_pcd.o
                0x08013a30                get_a_alt_hnp_support
 .text.dwc_otg_pcd_get_rmwkup_enable
                0x08013a50       0x20 Dave/Generated/src/USBLD001/driver/dwc_otg_pcd.o
                0x08013a50                dwc_otg_pcd_get_rmwkup_enable
 .text          0x08013a70        0x0 Dave/Generated/src/USBLD001/driver/dwc_otg_pcd_intr.o
 .text.dwc_otg_read_core_intr
                0x08013a70       0x34 Dave/Generated/src/USBLD001/driver/dwc_otg_pcd_intr.o
 .text.dwc_otg_read_dev_all_in_ep_intr
                0x08013aa4       0x78 Dave/Generated/src/USBLD001/driver/dwc_otg_pcd_intr.o
 .text.dwc_otg_read_dev_all_out_ep_intr
                0x08013b1c       0x74 Dave/Generated/src/USBLD001/driver/dwc_otg_pcd_intr.o
 .text.dwc_otg_read_dev_in_ep_intr
                0x08013b90       0xe0 Dave/Generated/src/USBLD001/driver/dwc_otg_pcd_intr.o
 .text.dwc_otg_read_dev_out_ep_intr
                0x08013c70       0xc4 Dave/Generated/src/USBLD001/driver/dwc_otg_pcd_intr.o
 .text.dwc_otg_pcd_update_otg
                0x08013d34       0x4c Dave/Generated/src/USBLD001/driver/dwc_otg_pcd_intr.o
 .text.print_ep0_state
                0x08013d80       0x14 Dave/Generated/src/USBLD001/driver/dwc_otg_pcd_intr.o
 .text.get_in_ep
                0x08013d94       0x84 Dave/Generated/src/USBLD001/driver/dwc_otg_pcd_intr.o
 .text.get_out_ep
                0x08013e18       0x88 Dave/Generated/src/USBLD001/driver/dwc_otg_pcd_intr.o
 .text.get_ep_by_addr
                0x08013ea0       0x78 Dave/Generated/src/USBLD001/driver/dwc_otg_pcd_intr.o
                0x08013ea0                get_ep_by_addr
 .text.start_next_request
                0x08013f18      0x18c Dave/Generated/src/USBLD001/driver/dwc_otg_pcd_intr.o
                0x08013f18                start_next_request
 .text.dwc_otg_pcd_handle_sof_intr
                0x080140a4       0x3c Dave/Generated/src/USBLD001/driver/dwc_otg_pcd_intr.o
                0x080140a4                dwc_otg_pcd_handle_sof_intr
 .text.dwc_otg_pcd_handle_rx_status_q_level_intr
                0x080140e0      0x168 Dave/Generated/src/USBLD001/driver/dwc_otg_pcd_intr.o