   1              		.syntax unified
   2              		.cpu cortex-m4
   3              		.eabi_attribute 27, 3
   4              		.fpu fpv4-sp-d16
   5              		.eabi_attribute 20, 1
   6              		.eabi_attribute 21, 1
   7              		.eabi_attribute 23, 3
   8              		.eabi_attribute 24, 1
   9              		.eabi_attribute 25, 1
  10              		.eabi_attribute 26, 1
  11              		.eabi_attribute 30, 6
  12              		.eabi_attribute 34, 1
  13              		.eabi_attribute 18, 4
  14              		.thumb
  15              		.file	"BluetoothProtocol.c"
  16              		.text
  17              	.Ltext0:
  18              		.cfi_sections	.debug_frame
  19              		.comm	control_value,28,4
  20              		.comm	dpacket,43,4
  21              		.comm	ReadBufBT,4,4
  22              		.section	.text.initBluetoothStorage,"ax",%progbits
  23              		.align	2
  24              		.global	initBluetoothStorage
  25              		.thumb
  26              		.thumb_func
  28              	initBluetoothStorage:
  29              	.LFB120:
  30              		.file 1 "../_Quadrocopter/RemoteControl/BluetoothProtocol/BluetoothProtocol.c"
   1:../_Quadrocopter/RemoteControl/BluetoothProtocol/BluetoothProtocol.c **** /*
   2:../_Quadrocopter/RemoteControl/BluetoothProtocol/BluetoothProtocol.c ****  * BluetoothProtocol.c
   3:../_Quadrocopter/RemoteControl/BluetoothProtocol/BluetoothProtocol.c ****  *
   4:../_Quadrocopter/RemoteControl/BluetoothProtocol/BluetoothProtocol.c ****  *  Created on: 30.01.2015
   5:../_Quadrocopter/RemoteControl/BluetoothProtocol/BluetoothProtocol.c ****  *  modified on: 08.04.2016
   6:../_Quadrocopter/RemoteControl/BluetoothProtocol/BluetoothProtocol.c ****  *      Author: SteurerE
   7:../_Quadrocopter/RemoteControl/BluetoothProtocol/BluetoothProtocol.c ****  */
   8:../_Quadrocopter/RemoteControl/BluetoothProtocol/BluetoothProtocol.c **** #include "BluetoothProtocol.h"
   9:../_Quadrocopter/RemoteControl/BluetoothProtocol/BluetoothProtocol.c **** 
  10:../_Quadrocopter/RemoteControl/BluetoothProtocol/BluetoothProtocol.c **** ControlValue control_value;
  11:../_Quadrocopter/RemoteControl/BluetoothProtocol/BluetoothProtocol.c **** DataPacket dpacket;
  12:../_Quadrocopter/RemoteControl/BluetoothProtocol/BluetoothProtocol.c **** uint8_t* ReadBufBT;
  13:../_Quadrocopter/RemoteControl/BluetoothProtocol/BluetoothProtocol.c **** 
  14:../_Quadrocopter/RemoteControl/BluetoothProtocol/BluetoothProtocol.c **** void initBluetoothStorage()
  15:../_Quadrocopter/RemoteControl/BluetoothProtocol/BluetoothProtocol.c **** {
  31              		.loc 1 15 0
  32              		.cfi_startproc
  33              		@ args = 0, pretend = 0, frame = 0
  34              		@ frame_needed = 1, uses_anonymous_args = 0
  35 0000 80B5     		push	{r7, lr}
  36              	.LCFI0:
  37              		.cfi_def_cfa_offset 8
  38              		.cfi_offset 7, -8
  39              		.cfi_offset 14, -4
  40 0002 00AF     		add	r7, sp, #0
  41              	.LCFI1:
  42              		.cfi_def_cfa_register 7
  16:../_Quadrocopter/RemoteControl/BluetoothProtocol/BluetoothProtocol.c **** 	ReadBufBT = malloc(sizeof(uint8_t)*BLUETOOTH_INPUT_BUFFER);
  43              		.loc 1 16 0
  44 0004 4FF02000 		mov	r0, #32
  45 0008 FFF7FEFF 		bl	malloc
  46 000c 0346     		mov	r3, r0
  47 000e 1A46     		mov	r2, r3
  48 0010 40F20003 		movw	r3, #:lower16:ReadBufBT
  49 0014 C0F20003 		movt	r3, #:upper16:ReadBufBT
  50 0018 1A60     		str	r2, [r3, #0]
  17:../_Quadrocopter/RemoteControl/BluetoothProtocol/BluetoothProtocol.c **** 	control_value.header = malloc(sizeof(uint8_t));
  51              		.loc 1 17 0
  52 001a 4FF00100 		mov	r0, #1
  53 001e FFF7FEFF 		bl	malloc
  54 0022 0346     		mov	r3, r0
  55 0024 1A46     		mov	r2, r3
  56 0026 40F20003 		movw	r3, #:lower16:control_value
  57 002a C0F20003 		movt	r3, #:upper16:control_value
  58 002e 1A60     		str	r2, [r3, #0]
  18:../_Quadrocopter/RemoteControl/BluetoothProtocol/BluetoothProtocol.c **** 	control_value.height_control = malloc(sizeof(uint8_t));
  59              		.loc 1 18 0
  60 0030 4FF00100 		mov	r0, #1
  61 0034 FFF7FEFF 		bl	malloc
  62 0038 0346     		mov	r3, r0
  63 003a 1A46     		mov	r2, r3
  64 003c 40F20003 		movw	r3, #:lower16:control_value
  65 0040 C0F20003 		movt	r3, #:upper16:control_value
  66 0044 5A60     		str	r2, [r3, #4]
  19:../_Quadrocopter/RemoteControl/BluetoothProtocol/BluetoothProtocol.c **** 	control_value.speed = malloc(sizeof(uint8_t));
  67              		.loc 1 19 0
  68 0046 4FF00100 		mov	r0, #1
  69 004a FFF7FEFF 		bl	malloc
  70 004e 0346     		mov	r3, r0
  71 0050 1A46     		mov	r2, r3
  72 0052 40F20003 		movw	r3, #:lower16:control_value
  73 0056 C0F20003 		movt	r3, #:upper16:control_value
  74 005a 9A60     		str	r2, [r3, #8]
  20:../_Quadrocopter/RemoteControl/BluetoothProtocol/BluetoothProtocol.c **** 	control_value.x_pitch = malloc(sizeof(float));
  75              		.loc 1 20 0
  76 005c 4FF00400 		mov	r0, #4
  77 0060 FFF7FEFF 		bl	malloc
  78 0064 0346     		mov	r3, r0
  79 0066 1A46     		mov	r2, r3
  80 0068 40F20003 		movw	r3, #:lower16:control_value
  81 006c C0F20003 		movt	r3, #:upper16:control_value
  82 0070 1A61     		str	r2, [r3, #16]
  21:../_Quadrocopter/RemoteControl/BluetoothProtocol/BluetoothProtocol.c **** 	control_value.y_roll = malloc(sizeof(float));
  83              		.loc 1 21 0
  84 0072 4FF00400 		mov	r0, #4
  85 0076 FFF7FEFF 		bl	malloc
  86 007a 0346     		mov	r3, r0
  87 007c 1A46     		mov	r2, r3
  88 007e 40F20003 		movw	r3, #:lower16:control_value
  89 0082 C0F20003 		movt	r3, #:upper16:control_value
  90 0086 5A61     		str	r2, [r3, #20]
  22:../_Quadrocopter/RemoteControl/BluetoothProtocol/BluetoothProtocol.c **** 	control_value.z_rotate = malloc(sizeof(float));
  91              		.loc 1 22 0
  92 0088 4FF00400 		mov	r0, #4
  93 008c FFF7FEFF 		bl	malloc
  94 0090 0346     		mov	r3, r0
  95 0092 1A46     		mov	r2, r3
  96 0094 40F20003 		movw	r3, #:lower16:control_value
  97 0098 C0F20003 		movt	r3, #:upper16:control_value
  98 009c DA60     		str	r2, [r3, #12]
  23:../_Quadrocopter/RemoteControl/BluetoothProtocol/BluetoothProtocol.c **** 	control_value.checksum = malloc(sizeof(uint32_t));
  99              		.loc 1 23 0
 100 009e 4FF00400 		mov	r0, #4
 101 00a2 FFF7FEFF 		bl	malloc
 102 00a6 0346     		mov	r3, r0
 103 00a8 1A46     		mov	r2, r3
 104 00aa 40F20003 		movw	r3, #:lower16:control_value
 105 00ae C0F20003 		movt	r3, #:upper16:control_value
 106 00b2 9A61     		str	r2, [r3, #24]
  24:../_Quadrocopter/RemoteControl/BluetoothProtocol/BluetoothProtocol.c **** }
 107              		.loc 1 24 0
 108 00b4 80BD     		pop	{r7, pc}
 109              		.cfi_endproc
 110              	.LFE120:
 112 00b6 00BF     		.section	.text.maintainBluetoothInputBuffer,"ax",%progbits
 113              		.align	2
 114              		.global	maintainBluetoothInputBuffer
 115              		.thumb
 116              		.thumb_func
 118              	maintainBluetoothInputBuffer:
 119              	.LFB121:
  25:../_Quadrocopter/RemoteControl/BluetoothProtocol/BluetoothProtocol.c **** 
  26:../_Quadrocopter/RemoteControl/BluetoothProtocol/BluetoothProtocol.c **** status_t maintainBluetoothInputBuffer(
  27:../_Quadrocopter/RemoteControl/BluetoothProtocol/BluetoothProtocol.c **** 		uint8_t input_buffer[BLUETOOTH_INPUT_BUFFER],
  28:../_Quadrocopter/RemoteControl/BluetoothProtocol/BluetoothProtocol.c **** 		ControlValue *control_value, DataPacket* packet)
  29:../_Quadrocopter/RemoteControl/BluetoothProtocol/BluetoothProtocol.c **** {
 120              		.loc 1 29 0
 121              		.cfi_startproc
 122              		@ args = 0, pretend = 0, frame = 40
 123              		@ frame_needed = 1, uses_anonymous_args = 0
 124 0000 80B5     		push	{r7, lr}
 125              	.LCFI2:
 126              		.cfi_def_cfa_offset 8
 127              		.cfi_offset 7, -8
 128              		.cfi_offset 14, -4
 129 0002 8AB0     		sub	sp, sp, #40
 130              	.LCFI3:
 131              		.cfi_def_cfa_offset 48
 132 0004 00AF     		add	r7, sp, #0
 133              	.LCFI4:
 134              		.cfi_def_cfa_register 7
 135 0006 F860     		str	r0, [r7, #12]
 136 0008 B960     		str	r1, [r7, #8]
 137 000a 7A60     		str	r2, [r7, #4]
  30:../_Quadrocopter/RemoteControl/BluetoothProtocol/BluetoothProtocol.c **** 	static int packet_counter = 0;
  31:../_Quadrocopter/RemoteControl/BluetoothProtocol/BluetoothProtocol.c **** 	static int packets_to_be_received = 0;
  32:../_Quadrocopter/RemoteControl/BluetoothProtocol/BluetoothProtocol.c **** 	uint32_t checksum;
  33:../_Quadrocopter/RemoteControl/BluetoothProtocol/BluetoothProtocol.c **** 	checksum = input_buffer[0];
 138              		.loc 1 33 0
 139 000c FB68     		ldr	r3, [r7, #12]
 140 000e 1B78     		ldrb	r3, [r3, #0]	@ zero_extendqisi2
 141 0010 7B62     		str	r3, [r7, #36]
  34:../_Quadrocopter/RemoteControl/BluetoothProtocol/BluetoothProtocol.c **** 	checksum ^= ((input_buffer[1] << 8 | input_buffer[2]) & 0xFFFF);
 142              		.loc 1 34 0
 143 0012 FB68     		ldr	r3, [r7, #12]
 144 0014 03F10103 		add	r3, r3, #1
 145 0018 1B78     		ldrb	r3, [r3, #0]	@ zero_extendqisi2
 146 001a 4FEA0322 		lsl	r2, r3, #8
 147 001e FB68     		ldr	r3, [r7, #12]
 148 0020 03F10203 		add	r3, r3, #2
 149 0024 1B78     		ldrb	r3, [r3, #0]	@ zero_extendqisi2
 150 0026 1343     		orrs	r3, r3, r2
 151 0028 4FEA0343 		lsl	r3, r3, #16
 152 002c 4FEA1343 		lsr	r3, r3, #16
 153 0030 7A6A     		ldr	r2, [r7, #36]
 154 0032 5340     		eors	r3, r3, r2
 155 0034 7B62     		str	r3, [r7, #36]
 156              	.LBB2:
  35:../_Quadrocopter/RemoteControl/BluetoothProtocol/BluetoothProtocol.c **** 	for (int i = 3; i < (PACKET_SIZE - PACKET_CHECKSUM) - 1; i += 4)
 157              		.loc 1 35 0
 158 0036 4FF00303 		mov	r3, #3
 159 003a 3B62     		str	r3, [r7, #32]
 160 003c 25E0     		b	.L3
 161              	.L4:
  36:../_Quadrocopter/RemoteControl/BluetoothProtocol/BluetoothProtocol.c **** 	{
  37:../_Quadrocopter/RemoteControl/BluetoothProtocol/BluetoothProtocol.c **** 		checksum ^= (input_buffer[i] << 24 | input_buffer[i + 1] << 16
 162              		.loc 1 37 0 discriminator 2
 163 003e 3B6A     		ldr	r3, [r7, #32]
 164 0040 FA68     		ldr	r2, [r7, #12]
 165 0042 D318     		adds	r3, r2, r3
 166 0044 1B78     		ldrb	r3, [r3, #0]	@ zero_extendqisi2
 167 0046 4FEA0362 		lsl	r2, r3, #24
 168 004a 3B6A     		ldr	r3, [r7, #32]
 169 004c 03F10103 		add	r3, r3, #1
 170 0050 F968     		ldr	r1, [r7, #12]
 171 0052 CB18     		adds	r3, r1, r3
 172 0054 1B78     		ldrb	r3, [r3, #0]	@ zero_extendqisi2
 173 0056 4FEA0343 		lsl	r3, r3, #16
 174 005a 1A43     		orrs	r2, r2, r3
  38:../_Quadrocopter/RemoteControl/BluetoothProtocol/BluetoothProtocol.c **** 				| input_buffer[i + 2] << 8 | input_buffer[i + 3]);
 175              		.loc 1 38 0 discriminator 2
 176 005c 3B6A     		ldr	r3, [r7, #32]
 177 005e 03F10203 		add	r3, r3, #2
 178 0062 F968     		ldr	r1, [r7, #12]
 179 0064 CB18     		adds	r3, r1, r3
 180 0066 1B78     		ldrb	r3, [r3, #0]	@ zero_extendqisi2
 181 0068 4FEA0323 		lsl	r3, r3, #8
 182 006c 1A43     		orrs	r2, r2, r3
 183 006e 3B6A     		ldr	r3, [r7, #32]
 184 0070 03F10303 		add	r3, r3, #3
 185 0074 F968     		ldr	r1, [r7, #12]
 186 0076 CB18     		adds	r3, r1, r3
 187 0078 1B78     		ldrb	r3, [r3, #0]	@ zero_extendqisi2
 188 007a 1343     		orrs	r3, r3, r2
  37:../_Quadrocopter/RemoteControl/BluetoothProtocol/BluetoothProtocol.c **** 		checksum ^= (input_buffer[i] << 24 | input_buffer[i + 1] << 16
 189              		.loc 1 37 0 discriminator 2
 190 007c 7A6A     		ldr	r2, [r7, #36]
 191 007e 5340     		eors	r3, r3, r2
 192 0080 7B62     		str	r3, [r7, #36]
  35:../_Quadrocopter/RemoteControl/BluetoothProtocol/BluetoothProtocol.c **** 	for (int i = 3; i < (PACKET_SIZE - PACKET_CHECKSUM) - 1; i += 4)
 193              		.loc 1 35 0 discriminator 2
 194 0082 3B6A     		ldr	r3, [r7, #32]
 195 0084 03F10403 		add	r3, r3, #4
 196 0088 3B62     		str	r3, [r7, #32]
 197              	.L3:
  35:../_Quadrocopter/RemoteControl/BluetoothProtocol/BluetoothProtocol.c **** 	for (int i = 3; i < (PACKET_SIZE - PACKET_CHECKSUM) - 1; i += 4)
 198              		.loc 1 35 0 is_stmt 0 discriminator 1
 199 008a 3B6A     		ldr	r3, [r7, #32]
 200 008c 0D2B     		cmp	r3, #13
 201 008e D6DD     		ble	.L4
 202              	.LBE2:
 203              	.LBB3:
  39:../_Quadrocopter/RemoteControl/BluetoothProtocol/BluetoothProtocol.c **** 	}
  40:../_Quadrocopter/RemoteControl/BluetoothProtocol/BluetoothProtocol.c **** 	for(int j = 0;j < 4;j++)
 204              		.loc 1 40 0 is_stmt 1
 205 0090 4FF00003 		mov	r3, #0
 206 0094 FB61     		str	r3, [r7, #28]
 207 0096 10E0     		b	.L5
 208              	.L6:
  41:../_Quadrocopter/RemoteControl/BluetoothProtocol/BluetoothProtocol.c **** 	{
  42:../_Quadrocopter/RemoteControl/BluetoothProtocol/BluetoothProtocol.c **** 		*((uint8_t*)(control_value->checksum) + 3-j) = input_buffer[15+j];
 209              		.loc 1 42 0 discriminator 2
 210 0098 BB68     		ldr	r3, [r7, #8]
 211 009a 9A69     		ldr	r2, [r3, #24]
 212 009c FB69     		ldr	r3, [r7, #28]
 213 009e C3F10303 		rsb	r3, r3, #3
 214 00a2 D318     		adds	r3, r2, r3
 215 00a4 FA69     		ldr	r2, [r7, #28]
 216 00a6 02F10F02 		add	r2, r2, #15
 217 00aa F968     		ldr	r1, [r7, #12]
 218 00ac 8A18     		adds	r2, r1, r2
 219 00ae 1278     		ldrb	r2, [r2, #0]	@ zero_extendqisi2
 220 00b0 1A70     		strb	r2, [r3, #0]
  40:../_Quadrocopter/RemoteControl/BluetoothProtocol/BluetoothProtocol.c **** 	for(int j = 0;j < 4;j++)
 221              		.loc 1 40 0 discriminator 2
 222 00b2 FB69     		ldr	r3, [r7, #28]
 223 00b4 03F10103 		add	r3, r3, #1
 224 00b8 FB61     		str	r3, [r7, #28]
 225              	.L5:
  40:../_Quadrocopter/RemoteControl/BluetoothProtocol/BluetoothProtocol.c **** 	for(int j = 0;j < 4;j++)
 226              		.loc 1 40 0 is_stmt 0 discriminator 1
 227 00ba FB69     		ldr	r3, [r7, #28]
 228 00bc 032B     		cmp	r3, #3
 229 00be EBDD     		ble	.L6
 230              	.LBE3:
  43:../_Quadrocopter/RemoteControl/BluetoothProtocol/BluetoothProtocol.c **** 	}
  44:../_Quadrocopter/RemoteControl/BluetoothProtocol/BluetoothProtocol.c **** 	control_value->header = (uint8_t*)&input_buffer[0];
 231              		.loc 1 44 0 is_stmt 1
 232 00c0 BB68     		ldr	r3, [r7, #8]
 233 00c2 FA68     		ldr	r2, [r7, #12]
 234 00c4 1A60     		str	r2, [r3, #0]
  45:../_Quadrocopter/RemoteControl/BluetoothProtocol/BluetoothProtocol.c **** 	if (*(control_value->checksum) == checksum)
 235              		.loc 1 45 0
 236 00c6 BB68     		ldr	r3, [r7, #8]
 237 00c8 9B69     		ldr	r3, [r3, #24]
 238 00ca 1A68     		ldr	r2, [r3, #0]
 239 00cc 7B6A     		ldr	r3, [r7, #36]
 240 00ce 9A42     		cmp	r2, r3
 241 00d0 40F0B280 		bne	.L7
  46:../_Quadrocopter/RemoteControl/BluetoothProtocol/BluetoothProtocol.c **** 	{
  47:../_Quadrocopter/RemoteControl/BluetoothProtocol/BluetoothProtocol.c **** 		if (*control_value->header)//Got a valid Data-Package
 242              		.loc 1 47 0
 243 00d4 BB68     		ldr	r3, [r7, #8]
 244 00d6 1B68     		ldr	r3, [r3, #0]
 245 00d8 1B78     		ldrb	r3, [r3, #0]	@ zero_extendqisi2
 246 00da 002B     		cmp	r3, #0
 247 00dc 6DD0     		beq	.L8
 248              	.LBB4:
  48:../_Quadrocopter/RemoteControl/BluetoothProtocol/BluetoothProtocol.c **** 			{
  49:../_Quadrocopter/RemoteControl/BluetoothProtocol/BluetoothProtocol.c **** 			if (packets_to_be_received == 0)
 249              		.loc 1 49 0
 250 00de 40F20003 		movw	r3, #:lower16:packets_to_be_received.11160
 251 00e2 C0F20003 		movt	r3, #:upper16:packets_to_be_received.11160
 252 00e6 1B68     		ldr	r3, [r3, #0]
 253 00e8 002B     		cmp	r3, #0
 254 00ea 07D1     		bne	.L9
  50:../_Quadrocopter/RemoteControl/BluetoothProtocol/BluetoothProtocol.c **** 			{
  51:../_Quadrocopter/RemoteControl/BluetoothProtocol/BluetoothProtocol.c **** 				packets_to_be_received = input_buffer[0];
 255              		.loc 1 51 0
 256 00ec FB68     		ldr	r3, [r7, #12]
 257 00ee 1B78     		ldrb	r3, [r3, #0]	@ zero_extendqisi2
 258 00f0 1A46     		mov	r2, r3
 259 00f2 40F20003 		movw	r3, #:lower16:packets_to_be_received.11160
 260 00f6 C0F20003 		movt	r3, #:upper16:packets_to_be_received.11160
 261 00fa 1A60     		str	r2, [r3, #0]
 262              	.L9:
  52:../_Quadrocopter/RemoteControl/BluetoothProtocol/BluetoothProtocol.c **** 			}
  53:../_Quadrocopter/RemoteControl/BluetoothProtocol/BluetoothProtocol.c **** 			int current_val = packet_counter;
 263              		.loc 1 53 0
 264 00fc 40F20003 		movw	r3, #:lower16:packet_counter.11159
 265 0100 C0F20003 		movt	r3, #:upper16:packet_counter.11159
 266 0104 1B68     		ldr	r3, [r3, #0]
 267 0106 7B61     		str	r3, [r7, #20]
  54:../_Quadrocopter/RemoteControl/BluetoothProtocol/BluetoothProtocol.c **** 			for (; packet_counter < (current_val + DATA_SIZE);
 268              		.loc 1 54 0
 269 0108 1EE0     		b	.L10
 270              	.L11:
  55:../_Quadrocopter/RemoteControl/BluetoothProtocol/BluetoothProtocol.c **** 				packet_counter++)
  56:../_Quadrocopter/RemoteControl/BluetoothProtocol/BluetoothProtocol.c **** 			{
  57:../_Quadrocopter/RemoteControl/BluetoothProtocol/BluetoothProtocol.c **** 				packet->cmd[packet_counter] = input_buffer[packet_counter
 271              		.loc 1 57 0
 272 010a 40F20003 		movw	r3, #:lower16:packet_counter.11159
 273 010e C0F20003 		movt	r3, #:upper16:packet_counter.11159
 274 0112 1A68     		ldr	r2, [r3, #0]
  58:../_Quadrocopter/RemoteControl/BluetoothProtocol/BluetoothProtocol.c **** 						- current_val + PACKET_HEADER];
 275              		.loc 1 58 0
 276 0114 40F20003 		movw	r3, #:lower16:packet_counter.11159
 277 0118 C0F20003 		movt	r3, #:upper16:packet_counter.11159
 278 011c 1968     		ldr	r1, [r3, #0]
 279 011e 7B69     		ldr	r3, [r7, #20]
 280 0120 CB1A     		subs	r3, r1, r3
  57:../_Quadrocopter/RemoteControl/BluetoothProtocol/BluetoothProtocol.c **** 				packet->cmd[packet_counter] = input_buffer[packet_counter
 281              		.loc 1 57 0
 282 0122 03F10103 		add	r3, r3, #1
 283 0126 F968     		ldr	r1, [r7, #12]
 284 0128 CB18     		adds	r3, r1, r3
 285 012a 1978     		ldrb	r1, [r3, #0]	@ zero_extendqisi2
 286 012c 7B68     		ldr	r3, [r7, #4]
 287 012e 9954     		strb	r1, [r3, r2]
  55:../_Quadrocopter/RemoteControl/BluetoothProtocol/BluetoothProtocol.c **** 				packet_counter++)
 288              		.loc 1 55 0
 289 0130 40F20003 		movw	r3, #:lower16:packet_counter.11159
 290 0134 C0F20003 		movt	r3, #:upper16:packet_counter.11159
 291 0138 1B68     		ldr	r3, [r3, #0]
 292 013a 03F10102 		add	r2, r3, #1
 293 013e 40F20003 		movw	r3, #:lower16:packet_counter.11159
 294 0142 C0F20003 		movt	r3, #:upper16:packet_counter.11159
 295 0146 1A60     		str	r2, [r3, #0]
 296              	.L10:
  54:../_Quadrocopter/RemoteControl/BluetoothProtocol/BluetoothProtocol.c **** 			for (; packet_counter < (current_val + DATA_SIZE);
 297              		.loc 1 54 0 discriminator 1
 298 0148 7B69     		ldr	r3, [r7, #20]
 299 014a 03F10E02 		add	r2, r3, #14
 300 014e 40F20003 		movw	r3, #:lower16:packet_counter.11159
 301 0152 C0F20003 		movt	r3, #:upper16:packet_counter.11159
 302 0156 1B68     		ldr	r3, [r3, #0]
 303 0158 9A42     		cmp	r2, r3
 304 015a D6DC     		bgt	.L11
  59:../_Quadrocopter/RemoteControl/BluetoothProtocol/BluetoothProtocol.c **** 			}
  60:../_Quadrocopter/RemoteControl/BluetoothProtocol/BluetoothProtocol.c **** 			if ((input_buffer[0]
 305              		.loc 1 60 0
 306 015c FB68     		ldr	r3, [r7, #12]
 307 015e 1B78     		ldrb	r3, [r3, #0]	@ zero_extendqisi2
 308 0160 0E2B     		cmp	r3, #14
 309 0162 20D8     		bhi	.L12
  61:../_Quadrocopter/RemoteControl/BluetoothProtocol/BluetoothProtocol.c **** 					<= (PACKET_SIZE - PACKET_HEADER - PACKET_CHECKSUM)))
  62:../_Quadrocopter/RemoteControl/BluetoothProtocol/BluetoothProtocol.c **** 			{ //all cmd-bytes are within this data-package
  63:../_Quadrocopter/RemoteControl/BluetoothProtocol/BluetoothProtocol.c **** 				packet->character_count = packets_to_be_received;
 310              		.loc 1 63 0
 311 0164 40F20003 		movw	r3, #:lower16:packets_to_be_received.11160
 312 0168 C0F20003 		movt	r3, #:upper16:packets_to_be_received.11160
 313 016c 1B68     		ldr	r3, [r3, #0]
 314 016e DAB2     		uxtb	r2, r3
 315 0170 7B68     		ldr	r3, [r7, #4]
 316 0172 83F82A20 		strb	r2, [r3, #42]
  64:../_Quadrocopter/RemoteControl/BluetoothProtocol/BluetoothProtocol.c **** 				packet_counter = 0;
 317              		.loc 1 64 0
 318 0176 40F20003 		movw	r3, #:lower16:packet_counter.11159
 319 017a C0F20003 		movt	r3, #:upper16:packet_counter.11159
 320 017e 4FF00002 		mov	r2, #0
 321 0182 1A60     		str	r2, [r3, #0]
  65:../_Quadrocopter/RemoteControl/BluetoothProtocol/BluetoothProtocol.c **** 				packets_to_be_received = 0;
 322              		.loc 1 65 0
 323 0184 40F20003 		movw	r3, #:lower16:packets_to_be_received.11160
 324 0188 C0F20003 		movt	r3, #:upper16:packets_to_be_received.11160
 325 018c 4FF00002 		mov	r2, #0
 326 0190 1A60     		str	r2, [r3, #0]
  66:../_Quadrocopter/RemoteControl/BluetoothProtocol/BluetoothProtocol.c **** 				//Cleanup Buffer//
  67:../_Quadrocopter/RemoteControl/BluetoothProtocol/BluetoothProtocol.c **** 				memset(input_buffer, 0x00,PACKET_SIZE);
 327              		.loc 1 67 0
 328 0192 F868     		ldr	r0, [r7, #12]
 329 0194 4FF00001 		mov	r1, #0
 330 0198 4FF01302 		mov	r2, #19
 331 019c FFF7FEFF 		bl	memset
  68:../_Quadrocopter/RemoteControl/BluetoothProtocol/BluetoothProtocol.c **** 				return RECEIVED_DATA_PACKET; //Got a complete and valid Data-Package
 332              		.loc 1 68 0
 333 01a0 4FF00103 		mov	r3, #1
 334 01a4 58E0     		b	.L13
 335              	.L12:
  69:../_Quadrocopter/RemoteControl/BluetoothProtocol/BluetoothProtocol.c **** 			} else {
  70:../_Quadrocopter/RemoteControl/BluetoothProtocol/BluetoothProtocol.c **** 				memset(input_buffer, 0x00,PACKET_SIZE);
 336              		.loc 1 70 0
 337 01a6 F868     		ldr	r0, [r7, #12]
 338 01a8 4FF00001 		mov	r1, #0
 339 01ac 4FF01302 		mov	r2, #19
 340 01b0 FFF7FEFF 		bl	memset
  71:../_Quadrocopter/RemoteControl/BluetoothProtocol/BluetoothProtocol.c **** 				return RECEIVED_DATA_PACKET_N_C; //must do another read operation
 341              		.loc 1 71 0
 342 01b4 4FF00203 		mov	r3, #2
 343 01b8 4EE0     		b	.L13
 344              	.L8:
 345              	.LBE4:
  72:../_Quadrocopter/RemoteControl/BluetoothProtocol/BluetoothProtocol.c **** 			}
  73:../_Quadrocopter/RemoteControl/BluetoothProtocol/BluetoothProtocol.c **** 		} else
  74:../_Quadrocopter/RemoteControl/BluetoothProtocol/BluetoothProtocol.c **** 		{
  75:../_Quadrocopter/RemoteControl/BluetoothProtocol/BluetoothProtocol.c **** 			*((uint8_t*)(control_value->height_control)) = input_buffer[1];
 346              		.loc 1 75 0
 347 01ba BB68     		ldr	r3, [r7, #8]
 348 01bc 5B68     		ldr	r3, [r3, #4]
 349 01be FA68     		ldr	r2, [r7, #12]
 350 01c0 5278     		ldrb	r2, [r2, #1]	@ zero_extendqisi2
 351 01c2 1A70     		strb	r2, [r3, #0]
  76:../_Quadrocopter/RemoteControl/BluetoothProtocol/BluetoothProtocol.c **** 			*((uint8_t*)(control_value->speed)) = input_buffer[2];
 352              		.loc 1 76 0
 353 01c4 BB68     		ldr	r3, [r7, #8]
 354 01c6 9B68     		ldr	r3, [r3, #8]
 355 01c8 FA68     		ldr	r2, [r7, #12]
 356 01ca 9278     		ldrb	r2, [r2, #2]	@ zero_extendqisi2
 357 01cc 1A70     		strb	r2, [r3, #0]
 358              	.LBB5:
  77:../_Quadrocopter/RemoteControl/BluetoothProtocol/BluetoothProtocol.c **** 			for(int k = 0;k < 4;k++)
 359              		.loc 1 77 0
 360 01ce 4FF00003 		mov	r3, #0
 361 01d2 BB61     		str	r3, [r7, #24]
 362 01d4 2AE0     		b	.L14
 363              	.L15:
  78:../_Quadrocopter/RemoteControl/BluetoothProtocol/BluetoothProtocol.c **** 			{
  79:../_Quadrocopter/RemoteControl/BluetoothProtocol/BluetoothProtocol.c **** 				*((uint8_t*)(control_value->z_rotate) + 3-k) = input_buffer[3+k];
 364              		.loc 1 79 0 discriminator 2
 365 01d6 BB68     		ldr	r3, [r7, #8]
 366 01d8 DA68     		ldr	r2, [r3, #12]
 367 01da BB69     		ldr	r3, [r7, #24]
 368 01dc C3F10303 		rsb	r3, r3, #3
 369 01e0 D318     		adds	r3, r2, r3
 370 01e2 BA69     		ldr	r2, [r7, #24]
 371 01e4 02F10302 		add	r2, r2, #3
 372 01e8 F968     		ldr	r1, [r7, #12]
 373 01ea 8A18     		adds	r2, r1, r2
 374 01ec 1278     		ldrb	r2, [r2, #0]	@ zero_extendqisi2
 375 01ee 1A70     		strb	r2, [r3, #0]
  80:../_Quadrocopter/RemoteControl/BluetoothProtocol/BluetoothProtocol.c **** 				*((uint8_t*)(control_value->x_pitch) + 3-k) = input_buffer[7+k];
 376              		.loc 1 80 0 discriminator 2
 377 01f0 BB68     		ldr	r3, [r7, #8]
 378 01f2 1A69     		ldr	r2, [r3, #16]
 379 01f4 BB69     		ldr	r3, [r7, #24]
 380 01f6 C3F10303 		rsb	r3, r3, #3
 381 01fa D318     		adds	r3, r2, r3
 382 01fc BA69     		ldr	r2, [r7, #24]
 383 01fe 02F10702 		add	r2, r2, #7
 384 0202 F968     		ldr	r1, [r7, #12]
 385 0204 8A18     		adds	r2, r1, r2
 386 0206 1278     		ldrb	r2, [r2, #0]	@ zero_extendqisi2
 387 0208 1A70     		strb	r2, [r3, #0]
  81:../_Quadrocopter/RemoteControl/BluetoothProtocol/BluetoothProtocol.c **** 				*((uint8_t*)(control_value->y_roll) + 3-k) = input_buffer[11+k];
 388              		.loc 1 81 0 discriminator 2
 389 020a BB68     		ldr	r3, [r7, #8]
 390 020c 5A69     		ldr	r2, [r3, #20]
 391 020e BB69     		ldr	r3, [r7, #24]
 392 0210 C3F10303 		rsb	r3, r3, #3
 393 0214 D318     		adds	r3, r2, r3
 394 0216 BA69     		ldr	r2, [r7, #24]
 395 0218 02F10B02 		add	r2, r2, #11
 396 021c F968     		ldr	r1, [r7, #12]
 397 021e 8A18     		adds	r2, r1, r2
 398 0220 1278     		ldrb	r2, [r2, #0]	@ zero_extendqisi2
 399 0222 1A70     		strb	r2, [r3, #0]
  77:../_Quadrocopter/RemoteControl/BluetoothProtocol/BluetoothProtocol.c **** 			for(int k = 0;k < 4;k++)
 400              		.loc 1 77 0 discriminator 2
 401 0224 BB69     		ldr	r3, [r7, #24]
 402 0226 03F10103 		add	r3, r3, #1
 403 022a BB61     		str	r3, [r7, #24]
 404              	.L14:
  77:../_Quadrocopter/RemoteControl/BluetoothProtocol/BluetoothProtocol.c **** 			for(int k = 0;k < 4;k++)
 405              		.loc 1 77 0 is_stmt 0 discriminator 1
 406 022c BB69     		ldr	r3, [r7, #24]
 407 022e 032B     		cmp	r3, #3
 408 0230 D1DD     		ble	.L15
 409              	.LBE5:
  82:../_Quadrocopter/RemoteControl/BluetoothProtocol/BluetoothProtocol.c **** 			}
  83:../_Quadrocopter/RemoteControl/BluetoothProtocol/BluetoothProtocol.c **** 			return RECEIVED_CONTROL_PACKET; //Got a valid Control-Package
 410              		.loc 1 83 0 is_stmt 1
 411 0232 4FF00003 		mov	r3, #0
 412 0236 0FE0     		b	.L13
 413              	.L7:
  84:../_Quadrocopter/RemoteControl/BluetoothProtocol/BluetoothProtocol.c **** 		}
  85:../_Quadrocopter/RemoteControl/BluetoothProtocol/BluetoothProtocol.c **** 	} else {
  86:../_Quadrocopter/RemoteControl/BluetoothProtocol/BluetoothProtocol.c **** 			packet_counter = 0; //if it happens between data-packages...
 414              		.loc 1 86 0
 415 0238 40F20003 		movw	r3, #:lower16:packet_counter.11159
 416 023c C0F20003 		movt	r3, #:upper16:packet_counter.11159
 417 0240 4FF00002 		mov	r2, #0
 418 0244 1A60     		str	r2, [r3, #0]
  87:../_Quadrocopter/RemoteControl/BluetoothProtocol/BluetoothProtocol.c **** 			//Cleanup Buffer//
  88:../_Quadrocopter/RemoteControl/BluetoothProtocol/BluetoothProtocol.c **** 			memset(input_buffer, 0x00,PACKET_SIZE);
 419              		.loc 1 88 0
 420 0246 F868     		ldr	r0, [r7, #12]
 421 0248 4FF00001 		mov	r1, #0
 422 024c 4FF01302 		mov	r2, #19
 423 0250 FFF7FEFF 		bl	memset
  89:../_Quadrocopter/RemoteControl/BluetoothProtocol/BluetoothProtocol.c **** 			return CHECKSUM_ERROR; //Wrong checksum
 424              		.loc 1 89 0
 425 0254 4FF0FF33 		mov	r3, #-1
 426              	.L13:
  90:../_Quadrocopter/RemoteControl/BluetoothProtocol/BluetoothProtocol.c **** 	}
  91:../_Quadrocopter/RemoteControl/BluetoothProtocol/BluetoothProtocol.c **** 	return UNDEFINED_ERROR; //error by default but in fact never reachable
  92:../_Quadrocopter/RemoteControl/BluetoothProtocol/BluetoothProtocol.c **** }
 427              		.loc 1 92 0
 428 0258 1846     		mov	r0, r3
 429 025a 07F12807 		add	r7, r7, #40
 430 025e BD46     		mov	sp, r7
 431 0260 80BD     		pop	{r7, pc}
 432              		.cfi_endproc
 433              	.LFE121:
 435 0262 00BF     		.bss
 436              		.align	2
 437              	packets_to_be_received.11160:
 438 0000 00000000 		.space	4
 439              		.align	2
 440              	packet_counter.11159:
 441 0004 00000000 		.space	4
 442              		.text
 443              	.Letext0:
 444              		.file 2 "c:\\dave-3.1.10\\arm-gcc\\bin\\../lib/gcc/arm-none-eabi/4.7.4/../../../../arm-none-eabi/i
 445              		.file 3 "E:\\GitHub\\Flying-PCB\\Software\\LARIX Flightcontroller\\CORE_Larix_V1.0\\Dave\\Generate
 446              		.file 4 "../_Quadrocopter/RemoteControl/BluetoothProtocol/BluetoothProtocol.h"
 447              		.file 5 "C:\\DAVE-3.1.10\\eclipse\\/../CMSIS/Include/core_cm4.h"
 448              		.file 6 "E:\\GitHub\\Flying-PCB\\Software\\LARIX Flightcontroller\\CORE_Larix_V1.0\\Dave\\Generate
DEFINED SYMBOLS
                            *ABS*:00000000 BluetoothProtocol.c
                            *COM*:0000001c control_value
                            *COM*:0000002b dpacket
                            *COM*:00000004 ReadBufBT
C:\Users\Mya\AppData\Local\Temp\ccg7aKgn.s:23     .text.initBluetoothStorage:00000000 $t
C:\Users\Mya\AppData\Local\Temp\ccg7aKgn.s:28     .text.initBluetoothStorage:00000000 initBluetoothStorage
C:\Users\Mya\AppData\Local\Temp\ccg7aKgn.s:113    .text.maintainBluetoothInputBuffer:00000000 $t
C:\Users\Mya\AppData\Local\Temp\ccg7aKgn.s:118    .text.maintainBluetoothInputBuffer:00000000 maintainBluetoothInputBuffer
C:\Users\Mya\AppData\Local\Temp\ccg7aKgn.s:437    .bss:00000000 packets_to_be_received.11160
C:\Users\Mya\AppData\Local\Temp\ccg7aKgn.s:440    .bss:00000004 packet_counter.11159
C:\Users\Mya\AppData\Local\Temp\ccg7aKgn.s:436    .bss:00000000 $d
                     .debug_frame:00000010 $d
                           .group:00000000 wm4.1.84cfd71c6d2dc0bd4021712beaa9efd8
                           .group:00000000 wm4.XMC4500.h.45.215f4b8c79f46c7645c15373868d08c0
                           .group:00000000 wm4.core_cm4.h.47.41af406cb4cda82c972f112a9cd0a024
                           .group:00000000 wm4.newlib.h.8.a9901dc52d1357e3e94003403d43f8b5
                           .group:00000000 wm4.features.h.22.b72b3baab2bb2eab3661375590100b6b
                           .group:00000000 wm4.config.h.193.5fb8ef056cdff92dec3dee9552839d8c
                           .group:00000000 wm4._ansi.h.23.7aefdac4826acebbfc9f3822a0aeb14c
                           .group:00000000 wm4.stdint.h.20.54ad762faa59e3c05491630641c8d8bf
                           .group:00000000 wm4.core_cmInstr.h.39.3d3d1b4a79aef37532666dc6ee87c6ac
                           .group:00000000 wm4.core_cm4_simd.h.43.b5d1d38735af6366227b4256d330cf13
                           .group:00000000 wm4.core_cm4.h.178.e5ef5ce66d198d7f00f9d0076e267c41
                           .group:00000000 wm4.system_XMC4500.h.29.827f68baa362c84f2abae4ab67dde7c9
                           .group:00000000 wm4.XMC4500.h.198.8e022f279ff353ed081df898dc7b9cf3
                           .group:00000000 wm4.stddef.h.40.50cf36416e06376af8a9dca28536f2e4
                           .group:00000000 wm4.types.h.60.e75c47576398c648cdcf9000ace5e3d8
                           .group:00000000 wm4.MULTIPLEXER.h.46.4a863fbae1c79f0db26da3ce2dc30d02
                           .group:00000000 wm4.CCU8PWMLIB.h.74.725ec81203769525cc7a424597055f47
                           .group:00000000 wm4.MOTORLIB.h.62.951091d95913dd2ff36d761323a1771d
                           .group:00000000 wm4.DBG001.h.116.d6d9e7459a0faa3905c97c1d2edb339d
                           .group:00000000 wm4.uc_id.h.35.fa57ecd9f559d2767f56c96da2848c12
                           .group:00000000 wm4.CLK001_Const.h.50.e5e9c2ddc89f4cc9e7b93e9648fa94e4
                           .group:00000000 wm4.CLK001_Conf.h.81.851ac7a1268528f4d6739384c2f248a5
                           .group:00000000 wm4._default_types.h.6.5e12cd604db8ce00b62bb2f02708eaf3
                           .group:00000000 wm4.lock.h.2.9bc98482741e5e2a9450b12934a684ea
                           .group:00000000 wm4.stddef.h.161.c6104a0666cf681b6269ddc9b4f516d4
                           .group:00000000 wm4.types.h.2.e9cec8c90ab35f77d9f499e06ae02400
                           .group:00000000 wm4.types.h.80.1f2c84c0d57dd52dd9936095d9ac218e
                           .group:00000000 wm4.time.h.16.a4579e68956d2601c6113814b546764b
                           .group:00000000 wm4.RTC001.h.113.715d6fcab1863c6656b238bddd304166
                           .group:00000000 wm4.lmm001_debuglog.h.40.8031299705ecf04ad726bd19baff976d
                           .group:00000000 wm4.reent.h.11.a39e4126dcf3c6afd3054e0622577bae
                           .group:00000000 wm4.stddef.h.161.e50ff8a9d5d1abbc15641da28ac571bf
                           .group:00000000 wm4.string.h.86.d5c872ff52e2712c985b588a0ef39f3c
                           .group:00000000 wm4.LMM001.h.45.fa2df8bae969f45df5071221ac433ffa
                           .group:00000000 wm4.stdio.h.27.f2ac352bab34f31f9f478442827b2ba6
                           .group:00000000 wm4.stdarg.h.34.3a23a216c0c293b3d2ea2e89281481e6
                           .group:00000000 wm4.stdio.h.2.4aa87247282eca6c8f36f9de33d8df1a
                           .group:00000000 wm4.stdio.h.63.dfdea6580b080784d08faace69b6ed76
                           .group:00000000 wm4.stdlib.h.13.603ed7eb09a1561ab06840b7c0fcff58
                           .group:00000000 wm4.alloca.h.8.dfc0c703c47ec3e69746825b17d9e66d
                           .group:00000000 wm4.stdlib.h.53.c69c7609933ff56d59c757cec2d13230
                           .group:00000000 wm4.time.h.2.9857e62ad6ac99431e29d58067232314
                           .group:00000000 wm4.time.h.24.c499d4c1915694df17abb795fd34b719
                           .group:00000000 wm4.time.h.124.10ced469f846269cafc58b59c853e1bb
                           .group:00000000 wm4.errno.h.2.ba016d646105af6cad23be83630b6a3f
                           .group:00000000 wm4.errno.h.9.65044c2b5d8494e43f5986ab0a1d770f
                           .group:00000000 wm4.unistd.h.2.6ce1b91c4223f6078c1b210c7538c1d2
                           .group:00000000 wm4.unistd.h.251.605bc560cdc6c3b07b599bb71ac4e425
                           .group:00000000 wm4.malloc.h.4.62bd13b8107d5245f60bd92bb5994838
                           .group:00000000 wm4.malloc.h.148.73b7de3bd065dafbd594b04197a9466e
                           .group:00000000 wm4.reent.h.91.faac4d0ac97c0fcf23d10d0786197642
                           .group:00000000 wm4.SLTHA003.h.104.05371e300b30617373255b3cdb4765a2
                           .group:00000000 wm4.SYSTM001.h.64.6ecb31c49bc3e7691644fdcdfc11b5cd
                           .group:00000000 wm4.stdarg.h.31.fa591a4b1df9e413e9f5b8097f9ae89d
                           .group:00000000 wm4.Type_CM.h.61.3660c940695d7d5fef91de9c4081d0f0
                           .group:00000000 wm4.dwc_os.h.82.db2ca40c41e2f648d146b8942e5157d9
                           .group:00000000 wm4.dwc_otg_core_if.h.95.37e41eee47e9a4502e4044edf60ea92d
                           .group:00000000 wm4.usbcore001_device.h.107.6c032c9c28ac6c3f4e5e24a068720cd7
                           .group:00000000 wm4.USB.h.399.44a2bec94122294f06c4d854450494d3
                           .group:00000000 wm4.Common.h.102.bc881ac788d1d7ce84e651cbaa40f2c2
                           .group:00000000 wm4.Common.h.134.5069b632a0407201156f18fde915b80c
                           .group:00000000 wm4.USBMode.h.234.0cc9e23131c025605bb7c0db3ebb8ac9
                           .group:00000000 wm4.StdRequestType.h.93.4e19c7c655f990c2abedbb76a546fcde
                           .group:00000000 wm4.Endpoint.h.116.4ef46b127c9047ed49fe1e0df19e09b8
                           .group:00000000 wm4.StdDescriptors.h.120.0ce817e16dcc91b8cf4a79ba0e0e19b6
                           .group:00000000 wm4.CDC.h.103.7ce3e4692dde29e827f8736493eef7ef
                           .group:00000000 wm4.CDC.h.115.c83a7d6c5b6c8644b3dec6212d4ced09
                           .group:00000000 wm4.Descriptors.h.91.5cf84c2489ee54d154cabfe9e14b5c19
                           .group:00000000 wm4.Usic.h.54.8af9f733ba5771eeb374435d205ea54b
                           .group:00000000 wm4.UART001_Conf.h.53.fce01a2aa073e958cae0b1cc894db26c
                           .group:00000000 wm4.UART001.h.109.3e835815a7a59791d8bd39655f4d4cc9
                           .group:00000000 wm4.CCU4Global_Conf.h.63.10a5fc586e1563647b9633c45b1b739e
                           .group:00000000 wm4.PWMSP001.h.57.29b732b86baf3e81f49153f5f495912e
                           .group:00000000 wm4.NVIC002_Conf.h.63.85c8666caca8bd9e6c27dcbc8efe5043
                           .group:00000000 wm4.I2C001.h.97.5277d52889d6c741e048ea45ee1277b5
                           .group:00000000 wm4.I2C001_Conf.h.58.2b816ac2c964c55a6c88f9c406d78c9f
                           .group:00000000 wm4.ERU001_Conf.h.69.61c28b1ac8f55fb79ee064524d8b6415
                           .group:00000000 wm4.ERU002_Conf.h.49.449ecc05b9e62e9b43f2dc6ead06a5ce
                           .group:00000000 wm4.IO002_Conf.h.51.87e2c8c60b647393fe9ced2cae198f63
                           .group:00000000 wm4.ADCGROUP001.h.66.3ee81aba16709c201614af7d67499bdb
                           .group:00000000 wm4.IO001.h.49.4efcabb368feaef60c65bd7504b48505
                           .group:00000000 wm4.ADC001.h.72.a0f6b9479a18584b91fa95e6f862978d
                           .group:00000000 wm4.IO004.h.53.442ea5eb47ad9eedc675253aa35f3107
                           .group:00000000 wm4.BluetoothProtocol.h.15.5d0e6511d0a0b48dfdf591d0a2f8c5c0

UNDEFINED SYMBOLS
malloc
memset
