Archive member included because of file (symbol)

c:/dave-3.1.10/arm-gcc/bin/../lib/gcc/arm-none-eabi/4.7.4/armv7e-m\libgcc.a(_arm_addsubdf3.o)
                              _Quadrocopter/_HAL/Delay/util.o (__aeabi_dsub)
c:/dave-3.1.10/arm-gcc/bin/../lib/gcc/arm-none-eabi/4.7.4/armv7e-m\libgcc.a(_arm_muldivdf3.o)
                              _Quadrocopter/_HAL/Delay/util.o (__aeabi_dmul)
c:/dave-3.1.10/arm-gcc/bin/../lib/gcc/arm-none-eabi/4.7.4/armv7e-m\libgcc.a(_arm_cmpdf2.o)
                              _Quadrocopter/RemoteControl/RCReceive.o (__aeabi_dcmplt)
c:/dave-3.1.10/arm-gcc/bin/../lib/gcc/arm-none-eabi/4.7.4/armv7e-m\libgcc.a(_arm_fixdfsi.o)
                              _Quadrocopter/Sensors/DPS310/DPS310.o (__aeabi_d2iz)
c:/dave-3.1.10/arm-gcc/bin/../lib/gcc/arm-none-eabi/4.7.4/armv7e-m\libgcc.a(_arm_fixunsdfsi.o)
                              Main.o (__aeabi_d2uiz)
c:/dave-3.1.10/arm-gcc/bin/../lib/gcc/arm-none-eabi/4.7.4/armv7e-m\libgcc.a(_arm_truncdfsf2.o)
                              _Quadrocopter/_HAL/Delay/util.o (__aeabi_d2f)
c:/dave-3.1.10/arm-gcc/bin/../lib/gcc/arm-none-eabi/4.7.4/../../../../arm-none-eabi/lib/armv7e-m\libc.a(lib_a-init.o)
                              Startup/startup_XMC4500.o (__libc_init_array)
c:/dave-3.1.10/arm-gcc/bin/../lib/gcc/arm-none-eabi/4.7.4/../../../../arm-none-eabi/lib/armv7e-m\libc.a(lib_a-malloc.o)
                              _Quadrocopter/RemoteControl/BluetoothProtocol/BluetoothProtocol.o (malloc)
c:/dave-3.1.10/arm-gcc/bin/../lib/gcc/arm-none-eabi/4.7.4/../../../../arm-none-eabi/lib/armv7e-m\libc.a(lib_a-memcmp.o)
                              Dave/Generated/src/USBLD001/dwc_common_port/dwc_common_linux.o (memcmp)
c:/dave-3.1.10/arm-gcc/bin/../lib/gcc/arm-none-eabi/4.7.4/../../../../arm-none-eabi/lib/armv7e-m\libc.a(lib_a-memcpy.o)
                              _Quadrocopter/_HAL/Delay/util.o (memcpy)
c:/dave-3.1.10/arm-gcc/bin/../lib/gcc/arm-none-eabi/4.7.4/../../../../arm-none-eabi/lib/armv7e-m\libc.a(lib_a-memmove.o)
                              Dave/Generated/src/USBLD001/dwc_common_port/dwc_common_linux.o (memmove)
c:/dave-3.1.10/arm-gcc/bin/../lib/gcc/arm-none-eabi/4.7.4/../../../../arm-none-eabi/lib/armv7e-m\libc.a(lib_a-memset.o)
                              _Quadrocopter/RemoteControl/BluetoothProtocol/BluetoothProtocol.o (memset)
c:/dave-3.1.10/arm-gcc/bin/../lib/gcc/arm-none-eabi/4.7.4/../../../../arm-none-eabi/lib/armv7e-m\libc.a(lib_a-sprintf.o)
                              Main.o (sprintf)
c:/dave-3.1.10/arm-gcc/bin/../lib/gcc/arm-none-eabi/4.7.4/../../../../arm-none-eabi/lib/armv7e-m\libc.a(lib_a-strcmp.o)
                              Dave/Generated/src/USBLD001/dwc_common_port/dwc_common_linux.o (strcmp)
c:/dave-3.1.10/arm-gcc/bin/../lib/gcc/arm-none-eabi/4.7.4/../../../../arm-none-eabi/lib/armv7e-m\libc.a(lib_a-strcpy.o)
                              Dave/Generated/src/USBLD001/dwc_common_port/dwc_common_linux.o (strcpy)
c:/dave-3.1.10/arm-gcc/bin/../lib/gcc/arm-none-eabi/4.7.4/../../../../arm-none-eabi/lib/armv7e-m\libc.a(lib_a-strlen.o)
                              Dave/Generated/src/USBLD001/dwc_common_port/dwc_common_linux.o (strlen)
c:/dave-3.1.10/arm-gcc/bin/../lib/gcc/arm-none-eabi/4.7.4/../../../../arm-none-eabi/lib/armv7e-m\libc.a(lib_a-strncmp.o)
                              Dave/Generated/src/USBLD001/dwc_common_port/dwc_common_linux.o (strncmp)
c:/dave-3.1.10/arm-gcc/bin/../lib/gcc/arm-none-eabi/4.7.4/../../../../arm-none-eabi/lib/armv7e-m\libc.a(lib_a-svfprintf.o)
                              c:/dave-3.1.10/arm-gcc/bin/../lib/gcc/arm-none-eabi/4.7.4/../../../../arm-none-eabi/lib/armv7e-m\libc.a(lib_a-sprintf.o) (_svfprintf_r)
c:/dave-3.1.10/arm-gcc/bin/../lib/gcc/arm-none-eabi/4.7.4/../../../../arm-none-eabi/lib/armv7e-m\libc.a(lib_a-dtoa.o)
                              c:/dave-3.1.10/arm-gcc/bin/../lib/gcc/arm-none-eabi/4.7.4/../../../../arm-none-eabi/lib/armv7e-m\libc.a(lib_a-svfprintf.o) (_dtoa_r)
c:/dave-3.1.10/arm-gcc/bin/../lib/gcc/arm-none-eabi/4.7.4/../../../../arm-none-eabi/lib/armv7e-m\libc.a(lib_a-impure.o)
                              c:/dave-3.1.10/arm-gcc/bin/../lib/gcc/arm-none-eabi/4.7.4/../../../../arm-none-eabi/lib/armv7e-m\libc.a(lib_a-malloc.o) (_impure_ptr)
c:/dave-3.1.10/arm-gcc/bin/../lib/gcc/arm-none-eabi/4.7.4/../../../../arm-none-eabi/lib/armv7e-m\libc.a(lib_a-locale.o)
                              c:/dave-3.1.10/arm-gcc/bin/../lib/gcc/arm-none-eabi/4.7.4/../../../../arm-none-eabi/lib/armv7e-m\libc.a(lib_a-svfprintf.o) (_localeconv_r)
c:/dave-3.1.10/arm-gcc/bin/../lib/gcc/arm-none-eabi/4.7.4/../../../../arm-none-eabi/lib/armv7e-m\libc.a(lib_a-memchr.o)
                              c:/dave-3.1.10/arm-gcc/bin/../lib/gcc/arm-none-eabi/4.7.4/../../../../arm-none-eabi/lib/armv7e-m\libc.a(lib_a-svfprintf.o) (memchr)
c:/dave-3.1.10/arm-gcc/bin/../lib/gcc/arm-none-eabi/4.7.4/../../../../arm-none-eabi/lib/armv7e-m\libc.a(lib_a-mprec.o)
[...]
Memory Configuration

Name             Origin             Length             Attributes
FLASH_1_cached   0x08000000         0x00100000         xr
FLASH_1_uncached 0x0c000000         0x00100000         xr
PSRAM_1          0x10000000         0x00010000         !xr
DSRAM_1_system   0x20000000         0x00010000         !xr
DSRAM_2_comm     0x30000000         0x00008000         !xr
*default*        0x00000000         0xffffffff

Linker script and memory map

LOAD _Quadrocopter/_HAL/I2C/I2Cdev.o
LOAD _Quadrocopter/_HAL/Delay/util.o
LOAD _Quadrocopter/_FIR_Filter/FIR_Filter.o
LOAD _Quadrocopter/Sensors/MPU9X50/MPU9150.o
LOAD _Quadrocopter/Sensors/MPU9X50/Filter/QuaternionFilters.o
LOAD _Quadrocopter/Sensors/MPU9X50/Filter/kalman.o
LOAD _Quadrocopter/Sensors/DPS310/DPS310.o
LOAD _Quadrocopter/RemoteControl/RCReceive.o
LOAD _Quadrocopter/RemoteControl/BluetoothProtocol/BluetoothProtocol.o
LOAD _Quadrocopter/DaisyChain/DaisyChain.o
LOAD _Quadrocopter/BatterySafety/BatterySafety.o
LOAD _Quadrocopter/Attitude_Control/AttitudeController.o
LOAD Startup/startup_XMC4500.o
LOAD Startup/system_XMC4500.o
LOAD Main.o
LOAD Lib/System_LibcStubs.o
LOAD Dave/Generated/src/USBVC001/Descriptors.o
LOAD Dave/Generated/src/USBVC001/USBVC001_Conf.o
LOAD Dave/Generated/src/USBVC001/usbvc001.o
LOAD Dave/Generated/src/USBLD001/usbld001_Conf.o
LOAD Dave/Generated/src/USBLD001/usbld001_delay.o
LOAD Dave/Generated/src/USBLD001/dwc_common_port/dwc_common_linux.o
LOAD Dave/Generated/src/USBLD001/driver/dwc_otg_adp.o
LOAD Dave/Generated/src/USBLD001/driver/dwc_otg_cil.o
LOAD Dave/Generated/src/USBLD001/driver/dwc_otg_cil_intr.o
LOAD Dave/Generated/src/USBLD001/driver/dwc_otg_hcd.o
LOAD Dave/Generated/src/USBLD001/driver/dwc_otg_hcd_ddma.o
LOAD Dave/Generated/src/USBLD001/driver/dwc_otg_hcd_intr.o
LOAD Dave/Generated/src/USBLD001/driver/dwc_otg_hcd_queue.o
LOAD Dave/Generated/src/USBLD001/driver/dwc_otg_pcd.o
LOAD Dave/Generated/src/USBLD001/driver/dwc_otg_pcd_intr.o
LOAD Dave/Generated/src/USBCORE001/usbcore001.o
LOAD Dave/Generated/src/USBCORE001/usbcore001_Conf.o
LOAD Dave/Generated/src/USBCORE001/usbcore001_device.o
LOAD Dave/Generated/src/USBCORE001/usbcore001_host.o
LOAD Dave/Generated/src/USBCDC001/Drivers/USB/Core/USBTask.o
LOAD Dave/Generated/src/USBCDC001/Drivers/USB/Class/Device/CDC.o
LOAD Dave/Generated/src/UART001/UART001.o
LOAD Dave/Generated/src/UART001/UART001_Conf.o
LOAD Dave/Generated/src/SYSTM001/SYSTM001.o
LOAD Dave/Generated/src/SLTHA003/SLTHA003.o
LOAD Dave/Generated/src/SLTHA003/SLTHA003_Conf.o
LOAD Dave/Generated/src/RTC001/RTC001.o
LOAD Dave/Generated/src/RTC001/RTC001_Conf.o
LOAD Dave/Generated/src/RESET001/RESET001.o
LOAD Dave/Generated/src/PWMSP001/PWMSP001.o
LOAD Dave/Generated/src/PWMSP001/PWMSP001_Conf.o
LOAD Dave/Generated/src/NVIC_SCU001/NVIC_SCU001.o
LOAD Dave/Generated/src/NVIC002/NVIC002.o
LOAD Dave/Generated/src/NVIC002/NVIC002_Conf.o
LOAD Dave/Generated/src/LMM001/LMM001.o
LOAD Dave/Generated/src/LMM001/LMM001_Conf.o
LOAD Dave/Generated/src/LIBS/CCU8PWMLIB.o
LOAD Dave/Generated/src/LIBS/MOTORLIB.o
LOAD Dave/Generated/src/IO004/IO004.o
LOAD Dave/Generated/src/IO004/IO004_Conf.o
LOAD Dave/Generated/src/IO002/IO002.o
LOAD Dave/Generated/src/IO002/IO002_Conf.o
LOAD Dave/Generated/src/IO001/IO001.o
LOAD Dave/Generated/src/IO001/IO001_Conf.o
LOAD Dave/Generated/src/I2C001/I2C001.o
LOAD Dave/Generated/src/I2C001/I2C001_Conf.o
LOAD Dave/Generated/src/GMM001/GMM001.o
LOAD Dave/Generated/src/GMM001/GMM001_Conf.o
LOAD Dave/Generated/src/ERU002/ERU002.o
LOAD Dave/Generated/src/ERU002/ERU002_Conf.o
LOAD Dave/Generated/src/ERU001/ERU001.o
LOAD Dave/Generated/src/ERU001/ERU001_Conf.o
LOAD Dave/Generated/src/DAVESupport/DAVE3.o
LOAD Dave/Generated/src/DAVESupport/MULTIPLEXER.o
LOAD Dave/Generated/src/CLK001/CLK001.o
LOAD Dave/Generated/src/CCU4GLOBAL/CCU4GLOBAL.o
LOAD Dave/Generated/src/CCU4GLOBAL/CCU4GLOBAL_Conf.o
LOAD Dave/Generated/src/ADCGROUP001/ADCGroup001.o
LOAD Dave/Generated/src/ADCGROUP001/ADCGroup001_Conf.o
LOAD Dave/Generated/src/ADCGLOB001/ADCGlob001.o
LOAD Dave/Generated/src/ADCGLOB001/ADCGlob001_Conf.o
LOAD Dave/Generated/src/ADC001/ADC001.o
LOAD Dave/Generated/src/ADC001/ADC001_Conf.o
START GROUP
LOAD c:/dave-3.1.10/arm-gcc/bin/../lib/gcc/arm-none-eabi/4.7.4/armv7e-m\libgcc.a
LOAD c:/dave-3.1.10/arm-gcc/bin/../lib/gcc/arm-none-eabi/4.7.4/../../../../arm-none-eabi/lib/armv7e-m\libc.a
END GROUP
                0x00000800                stack_size = 0x800

.text           0x08000000    0x160e0 load address 0x0c000000
                0x08000000                sText = .
 *(.Xmc4500.reset)
 .Xmc4500.reset
                0x08000000      0x21c Startup/startup_XMC4500.o
                0x08000000                __Xmc4500_interrupt_vector_cortex_m
                0x08000200                __Xmc4500_reset_cortex_m
 *(.Xmc4500.postreset)
 .Xmc4500.postreset
                0x0800021c       0xa8 Startup/startup_XMC4500.o
 *(.XmcStartup)
 .XmcStartup    0x080002c4        0x4 Startup/startup_XMC4500.o
 *(.text .text.* .gnu.linkonce.t.*)
 .text          0x080002c8        0x0 _Quadrocopter/_HAL/I2C/I2Cdev.o
 .text.I2Cdev_writeBytes
                0x080002c8       0xca _Quadrocopter/_HAL/I2C/I2Cdev.o
                0x080002c8                I2Cdev_writeBytes
 .text.I2Cdev_writeByte
                0x08000392       0x14 _Quadrocopter/_HAL/I2C/I2Cdev.o
                0x08000392                I2Cdev_writeByte
 .text.I2Cdev_readBytes
                0x080003a6      0x140 _Quadrocopter/_HAL/I2C/I2Cdev.o
                0x080003a6                I2Cdev_readBytes
 .text.I2Cdev_readByte
                0x080004e6       0x24 _Quadrocopter/_HAL/I2C/I2Cdev.o
                0x080004e6                I2Cdev_readByte
 *fill*         0x0800050a        0x2 00
 .text.USIC2_2_IRQHandler
                0x0800050c       0x20 _Quadrocopter/_HAL/I2C/I2Cdev.o
                0x0800050c                USIC2_2_IRQHandler
 .text.USIC0_5_IRQHandler
                0x0800052c       0x20 _Quadrocopter/_HAL/I2C/I2Cdev.o
                0x0800052c                USIC0_5_IRQHandler
 .text          0x0800054c        0x0 _Quadrocopter/_HAL/Delay/util.o
 .text.CCU40_1_IRQHandler
                0x0800054c       0x10 _Quadrocopter/_HAL/Delay/util.o
                0x0800054c                CCU40_1_IRQHandler
 .text.delay    0x0800055c       0x14 _Quadrocopter/_HAL/Delay/util.o
                0x0800055c                delay
 .text.millis   0x08000570        0xc _Quadrocopter/_HAL/Delay/util.o
                0x08000570                millis
 .text.transformation
                0x0800057c       0x84 _Quadrocopter/_HAL/Delay/util.o
                0x0800057c                transformation
 .text.transformation_mag
                0x08000600       0xb8 _Quadrocopter/_HAL/Delay/util.o
                0x08000600                transformation_mag
 .text          0x080006b8        0x0 _Quadrocopter/_FIR_Filter/FIR_Filter.o
 .text.FIR_FILTER
                0x080006b8       0x80 _Quadrocopter/_FIR_Filter/FIR_Filter.o
                0x080006b8                FIR_FILTER
 .text.Initialize_FIR_Filter
                0x08000738       0x50 _Quadrocopter/_FIR_Filter/FIR_Filter.o
                0x08000738                Initialize_FIR_Filter
 .text          0x08000788        0x0 _Quadrocopter/Sensors/MPU9X50/MPU9150.o
 .text.MPU9150_InitAK8975A
                0x08000788       0xd0 _Quadrocopter/Sensors/MPU9X50/MPU9150.o
                0x08000788                MPU9150_InitAK8975A
 .text.MPU9150_Init
                0x08000858      0x1c0 _Quadrocopter/Sensors/MPU9X50/MPU9150.o
                0x08000858                MPU9150_Init
 .text.MPU9150_Calibrate
                0x08000a18      0x35c _Quadrocopter/Sensors/MPU9X50/MPU9150.o
                0x08000a18                MPU9150_Calibrate
 *fill*         0x08000d74        0x4 00
 .text.MPU9150_SelfTest
                0x08000d78      0x2f0 _Quadrocopter/Sensors/MPU9X50/MPU9150.o
                0x08000d78                MPU9150_SelfTest
 .text.MPU9150_Setup
                0x08001068       0x58 _Quadrocopter/Sensors/MPU9X50/MPU9150.o
                0x08001068                MPU9150_Setup
 .text.getGres  0x080010c0       0x3c _Quadrocopter/Sensors/MPU9X50/MPU9150.o
                0x080010c0                getGres
 .text.getAres  0x080010fc       0x34 _Quadrocopter/Sensors/MPU9X50/MPU9150.o
                0x080010fc                getAres
 .text.GetSensorCount
                0x08001130        0xc _Quadrocopter/Sensors/MPU9X50/MPU9150.o
                0x08001130                GetSensorCount
 *fill*         0x0800113c        0x4 00
 .text.GetAngles
                0x08001140       0xd8 _Quadrocopter/Sensors/MPU9X50/MPU9150.o
                0x08001140                GetAngles
 .text.GetMagData
                0x08001218       0x14 _Quadrocopter/Sensors/MPU9X50/MPU9150.o
                0x08001218                GetMagData
 .text.GetGyroData
                0x0800122c       0x34 _Quadrocopter/Sensors/MPU9X50/MPU9150.o
                0x0800122c                GetGyroData
 .text.GetAccData
                0x08001260       0x14 _Quadrocopter/Sensors/MPU9X50/MPU9150.o
                0x08001260                GetAccData
 .text.ERU1_0_IRQHandler
                0x08001274      0x29c _Quadrocopter/Sensors/MPU9X50/MPU9150.o
                0x08001274                ERU1_0_IRQHandler
 .text          0x08001510        0x0 _Quadrocopter/Sensors/MPU9X50/Filter/QuaternionFilters.o
 .text.MadgwickQuaternionUpdate
                0x08001510      0x40c _Quadrocopter/Sensors/MPU9X50/Filter/QuaternionFilters.o
                0x08001510                MadgwickQuaternionUpdate
 .text          0x0800191c        0x0 _Quadrocopter/Sensors/MPU9X50/Filter/kalman.o
 .text.KALMAN_getAngle
                0x0800191c       0xae _Quadrocopter/Sensors/MPU9X50/Filter/kalman.o
                0x0800191c                KALMAN_getAngle
 .text.KALMAN_Init
                0x080019ca       0x16 _Quadrocopter/Sensors/MPU9X50/Filter/kalman.o
                0x080019ca                KALMAN_Init
 .text.KALMAN_setAngle
                0x080019e0        0x4 _Quadrocopter/Sensors/MPU9X50/Filter/kalman.o
                0x080019e0                KALMAN_setAngle
 .text.KALMAN_getRate
                0x080019e4        0x4 _Quadrocopter/Sensors/MPU9X50/Filter/kalman.o
                0x080019e4                KALMAN_getRate
 .text.KALMAN_setQangle
                0x080019e8        0x4 _Quadrocopter/Sensors/MPU9X50/Filter/kalman.o
                0x080019e8                KALMAN_setQangle
 .text.KALMAN_setQbias
                0x080019ec        0x4 _Quadrocopter/Sensors/MPU9X50/Filter/kalman.o
                0x080019ec                KALMAN_setQbias
 .text.KALMAN_setRmeasure
                0x080019f0        0x4 _Quadrocopter/Sensors/MPU9X50/Filter/kalman.o
                0x080019f0                KALMAN_setRmeasure
 .text.KALMAN_getQangle
                0x080019f4        0x4 _Quadrocopter/Sensors/MPU9X50/Filter/kalman.o
                0x080019f4                KALMAN_getQangle
 .text.KALMAN_getQbias
                0x080019f8        0x4 _Quadrocopter/Sensors/MPU9X50/Filter/kalman.o
                0x080019f8                KALMAN_getQbias
 .text.KALMAN_getRmeasure
                0x080019fc        0x4 _Quadrocopter/Sensors/MPU9X50/Filter/kalman.o
                0x080019fc                KALMAN_getRmeasure
 .text          0x08001a00        0x0 _Quadrocopter/Sensors/DPS310/DPS310.o
 .text.getCoefficients
                0x08001a00      0x3f8 _Quadrocopter/Sensors/DPS310/DPS310.o
                0x08001a00                getCoefficients
 .text.getPressure
                0x08001df8       0x34 _Quadrocopter/Sensors/DPS310/DPS310.o
                0x08001df8                getPressure
 .text.getTemperature
                0x08001e2c       0x34 _Quadrocopter/Sensors/DPS310/DPS310.o
                0x08001e2c                getTemperature
 .text.updateValues
                0x08001e60      0x168 _Quadrocopter/Sensors/DPS310/DPS310.o
                0x08001e60                updateValues
 .text.ERU1_3_IRQHandler
                0x08001fc8       0x68 _Quadrocopter/Sensors/DPS310/DPS310.o
                0x08001fc8                ERU1_3_IRQHandler
 .text.setRegister
                0x08002030       0x40 _Quadrocopter/Sensors/DPS310/DPS310.o
                0x08002030                setRegister
 .text.setupDPS310
                0x08002070       0x94 _Quadrocopter/Sensors/DPS310/DPS310.o
                0x08002070                setupDPS310
 .text          0x08002104        0x0 _Quadrocopter/RemoteControl/RCReceive.o
 .text.WatchRC  0x08002104       0x30 _Quadrocopter/RemoteControl/RCReceive.o
                0x08002104                WatchRC
 .text.mergeBytes
                0x08002134        0x6 _Quadrocopter/RemoteControl/RCReceive.o
                0x08002134                mergeBytes
 *fill*         0x0800213a        0x2 00
 .text.CCU41_1_IRQHandler
                0x0800213c       0x18 _Quadrocopter/RemoteControl/RCReceive.o
                0x0800213c                CCU41_1_IRQHandler
 *fill*         0x08002154        0x4 00
 .text.USIC1_0_IRQHandler
                0x08002158      0x180 _Quadrocopter/RemoteControl/RCReceive.o
                0x08002158                USIC1_0_IRQHandler
 .text.USIC0_3_IRQHandler
                0x080022d8       0xc0 _Quadrocopter/RemoteControl/RCReceive.o
                0x080022d8                USIC0_3_IRQHandler
 .text.WatchRC_Init
                0x08002398       0x28 _Quadrocopter/RemoteControl/RCReceive.o
                0x08002398                WatchRC_Init
 .text.GetRCCount
                0x080023c0        0xc _Quadrocopter/RemoteControl/RCReceive.o
                0x080023c0                GetRCCount
 *fill*         0x080023cc        0x4 00
 .text.GetRCData
                0x080023d0      0x148 _Quadrocopter/RemoteControl/RCReceive.o
                0x080023d0                GetRCData
 .text.map      0x08002518       0x14 _Quadrocopter/RemoteControl/RCReceive.o
                0x08002518                map
 .text          0x0800252c        0x0 _Quadrocopter/RemoteControl/BluetoothProtocol/BluetoothProtocol.o
 .text.initBluetoothStorage
                0x0800252c       0x50 _Quadrocopter/RemoteControl/BluetoothProtocol/BluetoothProtocol.o
                0x0800252c                initBluetoothStorage
 .text.maintainBluetoothInputBuffer
                0x0800257c       0xf0 _Quadrocopter/RemoteControl/BluetoothProtocol/BluetoothProtocol.o
                0x0800257c                maintainBluetoothInputBuffer
 .text          0x0800266c        0x0 _Quadrocopter/DaisyChain/DaisyChain.o
 .text.SendDaisyData
                0x0800266c       0x44 _Quadrocopter/DaisyChain/DaisyChain.o
                0x0800266c                SendDaisyData
 .text          0x080026b0        0x0 _Quadrocopter/BatterySafety/BatterySafety.o
 .text.CCU41_0_IRQHandler
                0x080026b0        0xc _Quadrocopter/BatterySafety/BatterySafety.o
                0x080026b0                CCU41_0_IRQHandler
 *fill*         0x080026bc        0x4 00
 .text.VADC0_C0_2_IRQHandler
                0x080026c0      0x108 _Quadrocopter/BatterySafety/BatterySafety.o
                0x080026c0                VADC0_C0_2_IRQHandler
 .text          0x080027c8        0x0 _Quadrocopter/Attitude_Control/AttitudeController.o
 .text.AngleController
                0x080027c8       0xc8 _Quadrocopter/Attitude_Control/AttitudeController.o
                0x080027c8                AngleController
 .text.AngleRateController
                0x08002890       0x60 _Quadrocopter/Attitude_Control/AttitudeController.o
                0x08002890                AngleRateController
 .text.CreatePulseWidth
                0x080028f0      0x154 _Quadrocopter/Attitude_Control/AttitudeController.o
                0x080028f0                CreatePulseWidth
 .text          0x08002a44       0xe2 Startup/startup_XMC4500.o
                0x08002a44                NMI_Handler
                0x08002a46                HardFault_Handler
                0x08002a48                MemManage_Handler
                0x08002a4a                BusFault_Handler
                0x08002a4c                UsageFault_Handler
                0x08002a4e                SVC_Handler
                0x08002a50                DebugMon_Handler
                0x08002a52                PendSV_Handler
                0x08002a58                ERU0_0_IRQHandler
                0x08002a5a                ERU0_1_IRQHandler
                0x08002a5c                ERU0_2_IRQHandler
                0x08002a5e                ERU0_3_IRQHandler
                0x08002a62                ERU1_1_IRQHandler
                0x08002a64                ERU1_2_IRQHandler
                0x08002a68                PMU0_0_IRQHandler
                0x08002a6a                VADC0_C0_0_IRQHandler
                0x08002a6c                VADC0_C0_1_IRQHandler
                0x08002a70                VADC0_C0_3_IRQHandler
                0x08002a72                VADC0_G0_0_IRQHandler
                0x08002a74                VADC0_G0_1_IRQHandler
                0x08002a76                VADC0_G0_2_IRQHandler
                0x08002a78                VADC0_G0_3_IRQHandler
                0x08002a7a                VADC0_G1_0_IRQHandler
                0x08002a7c                VADC0_G1_1_IRQHandler
                0x08002a7e                VADC0_G1_2_IRQHandler
                0x08002a80                VADC0_G1_3_IRQHandler
                0x08002a82                VADC0_G2_0_IRQHandler
                0x08002a84                VADC0_G2_1_IRQHandler
                0x08002a86                VADC0_G2_2_IRQHandler
                0x08002a88                VADC0_G2_3_IRQHandler
                0x08002a8a                VADC0_G3_0_IRQHandler
                0x08002a8c                VADC0_G3_1_IRQHandler
                0x08002a8e                VADC0_G3_2_IRQHandler
                0x08002a90                VADC0_G3_3_IRQHandler
                0x08002a92                DSD0_0_IRQHandler
                0x08002a94                DSD0_1_IRQHandler
                0x08002a96                DSD0_2_IRQHandler
                0x08002a98                DSD0_3_IRQHandler
                0x08002a9a                DSD0_4_IRQHandler
                0x08002a9c                DSD0_5_IRQHandler
                0x08002a9e                DSD0_6_IRQHandler
                0x08002aa0                DSD0_7_IRQHandler
                0x08002aa2                DAC0_0_IRQHandler
                0x08002aa4                DAC0_1_IRQHandler
                0x08002aac                CCU40_3_IRQHandler
                0x08002ab2                CCU41_2_IRQHandler
                0x08002ab4                CCU41_3_IRQHandler
                0x08002ab6                CCU42_0_IRQHandler
                0x08002ab8                CCU42_1_IRQHandler
                0x08002aba                CCU42_2_IRQHandler
                0x08002abc                CCU42_3_IRQHandler
                0x08002abe                CCU43_0_IRQHandler
                0x08002ac0                CCU43_1_IRQHandler
                0x08002ac2                CCU43_2_IRQHandler
                0x08002ac4                CCU43_3_IRQHandler
                0x08002ac6                CCU80_0_IRQHandler
                0x08002ac8                CCU80_1_IRQHandler
                0x08002aca                CCU80_2_IRQHandler
                0x08002acc                CCU80_3_IRQHandler
                0x08002ace                CCU81_0_IRQHandler
                0x08002ad0                CCU81_1_IRQHandler
                0x08002ad2                CCU81_2_IRQHandler
                0x08002ad4                CCU81_3_IRQHandler
                0x08002ad6                POSIF0_0_IRQHandler
                0x08002ad8                POSIF0_1_IRQHandler
                0x08002ada                POSIF1_0_IRQHandler
                0x08002adc                POSIF1_1_IRQHandler
                0x08002ade                CAN0_0_IRQHandler
                0x08002ae0                CAN0_1_IRQHandler
                0x08002ae2                CAN0_2_IRQHandler
                0x08002ae4                CAN0_3_IRQHandler
                0x08002ae6                CAN0_4_IRQHandler
                0x08002ae8                CAN0_5_IRQHandler
                0x08002aea                CAN0_6_IRQHandler
                0x08002aec                CAN0_7_IRQHandler
                0x08002aee                USIC0_0_IRQHandler
                0x08002af0                USIC0_1_IRQHandler
                0x08002af2                USIC0_2_IRQHandler
                0x08002af6                USIC0_4_IRQHandler
                0x08002afc                USIC1_1_IRQHandler
                0x08002afe                USIC1_2_IRQHandler
                0x08002b00                USIC1_3_IRQHandler
                0x08002b02                USIC1_4_IRQHandler
                0x08002b04                USIC1_5_IRQHandler
                0x08002b06                USIC2_0_IRQHandler
                0x08002b08                USIC2_1_IRQHandler
                0x08002b0c                USIC2_3_IRQHandler
                0x08002b0e                USIC2_4_IRQHandler
                0x08002b10                USIC2_5_IRQHandler
                0x08002b12                LEDTS0_0_IRQHandler
                0x08002b14                FCE0_0_IRQHandler
                0x08002b16                GPDMA0_0_IRQHandler
                0x08002b18                SDMMC0_0_IRQHandler
                0x08002b1c                ETH0_0_IRQHandler
                0x08002b1e                GPDMA1_0_IRQHandler
 .text          0x08002b26        0x0 Startup/system_XMC4500.o
 *fill*         0x08002b26        0x2 00
 .text.SystemCoreClockUpdate
                0x08002b28       0x70 Startup/system_XMC4500.o
                0x08002b28                SystemCoreClockUpdate
 .text.SystemInit
                0x08002b98      0x204 Startup/system_XMC4500.o
                0x08002b98                SystemInit
 .text          0x08002d9c        0x0 Main.o
 *fill*         0x08002d9c        0x4 00
 .text.CCU40_2_IRQHandler
                0x08002da0      0x168 Main.o
                0x08002da0                CCU40_2_IRQHandler
 .text.Initialize
                0x08002f08       0xcc Main.o
                0x08002f08                Initialize
 .text.startup.main
                0x08002fd4      0x244 Main.o
                0x08002fd4                main
 .text.CCU40_0_IRQHandler
                0x08003218       0x50 Main.o
                0x08003218                CCU40_0_IRQHandler
 .text          0x08003268        0x0 Lib/System_LibcStubs.o
 .text._open    0x08003268        0x6 Lib/System_LibcStubs.o
                0x08003268                _open
 .text._lseek   0x0800326e        0x6 Lib/System_LibcStubs.o
                0x0800326e                _lseek
 .text._read    0x08003274        0x4 Lib/System_LibcStubs.o
                0x08003274                _read
 .text._write   0x08003278        0x6 Lib/System_LibcStubs.o
                0x08003278                _write
 .text._close   0x0800327e        0x6 Lib/System_LibcStubs.o
                0x0800327e                _close
 .text._fstat   0x08003284        0xe Lib/System_LibcStubs.o
                0x08003284                _fstat
 .text._link    0x08003292        0xe Lib/System_LibcStubs.o
                0x08003292                _link
 .text._unlink  0x080032a0        0x6 Lib/System_LibcStubs.o
                0x080032a0                _unlink
 *fill*         0x080032a6        0x2 00
 .text._sbrk    0x080032a8       0x38 Lib/System_LibcStubs.o
                0x080032a8                _sbrk
 .text._times   0x080032e0        0x6 Lib/System_LibcStubs.o
                0x080032e0                _times
 .text._wait    0x080032e6        0x6 Lib/System_LibcStubs.o
                0x080032e6                _wait
 .text._kill    0x080032ec        0x6 Lib/System_LibcStubs.o
                0x080032ec                _kill
 .text._fork    0x080032f2        0x6 Lib/System_LibcStubs.o
                0x080032f2                _fork
 .text._getpid  0x080032f8        0x6 Lib/System_LibcStubs.o
                0x080032f8                _getpid
 .text._exit    0x080032fe        0x2 Lib/System_LibcStubs.o
                0x080032fe                _exit
 .text._init    0x08003300        0x2 Lib/System_LibcStubs.o
                0x08003300                _init
 .text._isatty  0x08003302        0x6 Lib/System_LibcStubs.o
                0x08003302                _isatty
 .text          0x08003308        0x0 Dave/Generated/src/USBVC001/Descriptors.o
 .text.CALLBACK_USB_GetDescriptor
                0x08003308       0x24 Dave/Generated/src/USBVC001/Descriptors.o
                0x08003308                CALLBACK_USB_GetDescriptor
 .text          0x0800332c        0x0 Dave/Generated/src/USBVC001/USBVC001_Conf.o
 .text          0x0800332c        0x0 Dave/Generated/src/USBVC001/usbvc001.o
 .text.EVENT_USB_Device_Connect
                0x0800332c        0xc Dave/Generated/src/USBVC001/usbvc001.o
                0x0800332c                EVENT_USB_Device_Connect
 .text.EVENT_USB_Device_Disconnect
                0x08003338        0xc Dave/Generated/src/USBVC001/usbvc001.o
                0x08003338                EVENT_USB_Device_Disconnect
 .text.EVENT_USB_Device_SetAddress
                0x08003344        0xc Dave/Generated/src/USBVC001/usbvc001.o
                0x08003344                EVENT_USB_Device_SetAddress
 .text.EVENT_USB_Device_ControlRequest
                0x08003350       0x18 Dave/Generated/src/USBVC001/usbvc001.o
                0x08003350                EVENT_USB_Device_ControlRequest
 .text.EVENT_USB_Device_ConfigurationChanged
                0x08003368       0x18 Dave/Generated/src/USBVC001/usbvc001.o
                0x08003368                EVENT_USB_Device_ConfigurationChanged
 .text.USBVC001_Init
                0x08003380       0x24 Dave/Generated/src/USBVC001/usbvc001.o
                0x08003380                USBVC001_Init
 .text.USBVC001_SendByte
                0x080033a4       0x28 Dave/Generated/src/USBVC001/usbvc001.o
                0x080033a4                USBVC001_SendByte
 .text.USBVC001_SendData
                0x080033cc       0x30 Dave/Generated/src/USBVC001/usbvc001.o
                0x080033cc                USBVC001_SendData
 .text.USBVC001_SendString
                0x080033fc       0x24 Dave/Generated/src/USBVC001/usbvc001.o
                0x080033fc                USBVC001_SendString
 .text.USBVC001_ReceiveByte
                0x08003420       0x1c Dave/Generated/src/USBVC001/usbvc001.o
                0x08003420                USBVC001_ReceiveByte
 .text.USBVC001_ReceiveData
                0x0800343c       0x2e Dave/Generated/src/USBVC001/usbvc001.o
                0x0800343c                USBVC001_ReceiveData
 *fill*         0x0800346a        0x2 00
 .text.USBVC001_GetLineEncoding
                0x0800346c       0x2c Dave/Generated/src/USBVC001/usbvc001.o
                0x0800346c                USBVC001_GetLineEncoding
 .text.USBVC001_BytesReceived
                0x08003498       0x28 Dave/Generated/src/USBVC001/usbvc001.o
                0x08003498                USBVC001_BytesReceived
 .text          0x080034c0        0x0 Dave/Generated/src/USBLD001/usbld001_Conf.o
 .text          0x080034c0        0x0 Dave/Generated/src/USBLD001/usbld001_delay.o
 .text.USBLD001_Timer_CallBack
                0x080034c0        0xc Dave/Generated/src/USBLD001/usbld001_delay.o
                0x080034c0                USBLD001_Timer_CallBack
 .text.USBLD001_lDelay
                0x080034cc       0x40 Dave/Generated/src/USBLD001/usbld001_delay.o
                0x080034cc                USBLD001_lDelay
 .text          0x0800350c        0x0 Dave/Generated/src/USBLD001/dwc_common_port/dwc_common_linux.o
 .text.DWC_MEMSET
                0x0800350c        0x4 Dave/Generated/src/USBLD001/dwc_common_port/dwc_common_linux.o
                0x0800350c                DWC_MEMSET
 .text.DWC_MEMCPY
                0x08003510        0x4 Dave/Generated/src/USBLD001/dwc_common_port/dwc_common_linux.o
                0x08003510                DWC_MEMCPY
 .text.DWC_MEMMOVE
                0x08003514        0x4 Dave/Generated/src/USBLD001/dwc_common_port/dwc_common_linux.o
                0x08003514                DWC_MEMMOVE
 .text.DWC_MEMCMP
                0x08003518        0x4 Dave/Generated/src/USBLD001/dwc_common_port/dwc_common_linux.o
                0x08003518                DWC_MEMCMP
 .text.DWC_STRNCMP
                0x0800351c        0x4 Dave/Generated/src/USBLD001/dwc_common_port/dwc_common_linux.o
                0x0800351c                DWC_STRNCMP
 .text.DWC_STRCMP
                0x08003520        0x4 Dave/Generated/src/USBLD001/dwc_common_port/dwc_common_linux.o
                0x08003520                DWC_STRCMP
 .text.DWC_STRLEN
                0x08003524        0x4 Dave/Generated/src/USBLD001/dwc_common_port/dwc_common_linux.o
                0x08003524                DWC_STRLEN
 .text.DWC_STRCPY
                0x08003528        0x4 Dave/Generated/src/USBLD001/dwc_common_port/dwc_common_linux.o
                0x08003528                DWC_STRCPY
 .text.DWC_STRDUP
                0x0800352c       0x20 Dave/Generated/src/USBLD001/dwc_common_port/dwc_common_linux.o
                0x0800352c                DWC_STRDUP
 .text.__DWC_DMA_ALLOC_ATOMIC
                0x0800354c        0x4 Dave/Generated/src/USBLD001/dwc_common_port/dwc_common_linux.o
                0x0800354c                __DWC_DMA_ALLOC_ATOMIC
 .text.__DWC_DMA_FREE
                0x08003550        0x2 Dave/Generated/src/USBLD001/dwc_common_port/dwc_common_linux.o
                0x08003550                __DWC_DMA_FREE
 .text.__DWC_ALLOC
                0x08003552       0x1a Dave/Generated/src/USBLD001/dwc_common_port/dwc_common_linux.o
                0x08003552                __DWC_ALLOC
 .text.__DWC_DMA_ALLOC
                0x0800356c       0x10 Dave/Generated/src/USBLD001/dwc_common_port/dwc_common_linux.o
                0x0800356c                __DWC_DMA_ALLOC
 .text.__DWC_ALLOC_ATOMIC
                0x0800357c        0x6 Dave/Generated/src/USBLD001/dwc_common_port/dwc_common_linux.o
                0x0800357c                __DWC_ALLOC_ATOMIC
 .text.__DWC_FREE
                0x08003582        0x6 Dave/Generated/src/USBLD001/dwc_common_port/dwc_common_linux.o
                0x08003582                __DWC_FREE
 .text.DWC_CPU_TO_LE32
                0x08003588       0x16 Dave/Generated/src/USBLD001/dwc_common_port/dwc_common_linux.o
                0x08003588                DWC_CPU_TO_LE32
 .text.DWC_CPU_TO_BE32
                0x0800359e       0x16 Dave/Generated/src/USBLD001/dwc_common_port/dwc_common_linux.o
                0x0800359e                DWC_CPU_TO_BE32
 .text.DWC_LE32_TO_CPU
                0x080035b4       0x16 Dave/Generated/src/USBLD001/dwc_common_port/dwc_common_linux.o
                0x080035b4                DWC_LE32_TO_CPU
 .text.DWC_BE32_TO_CPU
                0x080035ca       0x16 Dave/Generated/src/USBLD001/dwc_common_port/dwc_common_linux.o
                0x080035ca                DWC_BE32_TO_CPU
 .text.DWC_CPU_TO_LE16
                0x080035e0        0xa Dave/Generated/src/USBLD001/dwc_common_port/dwc_common_linux.o
                0x080035e0                DWC_CPU_TO_LE16
 .text.DWC_CPU_TO_BE16
                0x080035ea        0xa Dave/Generated/src/USBLD001/dwc_common_port/dwc_common_linux.o
                0x080035ea                DWC_CPU_TO_BE16
 .text.DWC_LE16_TO_CPU
                0x080035f4        0xa Dave/Generated/src/USBLD001/dwc_common_port/dwc_common_linux.o
                0x080035f4                DWC_LE16_TO_CPU
 .text.DWC_BE16_TO_CPU
                0x080035fe        0xa Dave/Generated/src/USBLD001/dwc_common_port/dwc_common_linux.o
                0x080035fe                DWC_BE16_TO_CPU
 .text.DWC_READ_REG32
                0x08003608        0x4 Dave/Generated/src/USBLD001/dwc_common_port/dwc_common_linux.o
                0x08003608                DWC_READ_REG32
 .text.DWC_WRITE_REG32
                0x0800360c        0x4 Dave/Generated/src/USBLD001/dwc_common_port/dwc_common_linux.o
                0x0800360c                DWC_WRITE_REG32
 .text.DWC_MODIFY_REG32
                0x08003610        0xc Dave/Generated/src/USBLD001/dwc_common_port/dwc_common_linux.o
                0x08003610                DWC_MODIFY_REG32
 .text.DWC_SPINLOCK_ALLOC
                0x0800361c        0x4 Dave/Generated/src/USBLD001/dwc_common_port/dwc_common_linux.o
                0x0800361c                DWC_SPINLOCK_ALLOC
 .text.DWC_SPINLOCK_FREE
                0x08003620        0x2 Dave/Generated/src/USBLD001/dwc_common_port/dwc_common_linux.o
                0x08003620                DWC_SPINLOCK_FREE
 .text.DWC_SPINLOCK
                0x08003622        0x2 Dave/Generated/src/USBLD001/dwc_common_port/dwc_common_linux.o
                0x08003622                DWC_SPINLOCK
 .text.DWC_SPINUNLOCK
                0x08003624        0x2 Dave/Generated/src/USBLD001/dwc_common_port/dwc_common_linux.o
                0x08003624                DWC_SPINUNLOCK
 *fill*         0x08003626        0x2 00
 .text.DWC_SPINLOCK_IRQSAVE
                0x08003628       0x10 Dave/Generated/src/USBLD001/dwc_common_port/dwc_common_linux.o
                0x08003628                DWC_SPINLOCK_IRQSAVE
 .text.DWC_SPINUNLOCK_IRQRESTORE
                0x08003638       0x10 Dave/Generated/src/USBLD001/dwc_common_port/dwc_common_linux.o
                0x08003638                DWC_SPINUNLOCK_IRQRESTORE
 .text.DWC_MUTEX_ALLOC
                0x08003648        0x4 Dave/Generated/src/USBLD001/dwc_common_port/dwc_common_linux.o
                0x08003648                DWC_MUTEX_ALLOC
 .text.DWC_MUTEX_FREE
                0x0800364c        0x2 Dave/Generated/src/USBLD001/dwc_common_port/dwc_common_linux.o
                0x0800364c                DWC_MUTEX_FREE
 .text.DWC_MUTEX_LOCK
                0x0800364e        0x2 Dave/Generated/src/USBLD001/dwc_common_port/dwc_common_linux.o
                0x0800364e                DWC_MUTEX_LOCK
 .text.DWC_MUTEX_TRYLOCK
                0x08003650        0x4 Dave/Generated/src/USBLD001/dwc_common_port/dwc_common_linux.o
                0x08003650                DWC_MUTEX_TRYLOCK
 .text.DWC_MUTEX_UNLOCK
                0x08003654        0x2 Dave/Generated/src/USBLD001/dwc_common_port/dwc_common_linux.o
                0x08003654                DWC_MUTEX_UNLOCK
 .text.DWC_UDELAY
                0x08003656       0x22 Dave/Generated/src/USBLD001/dwc_common_port/dwc_common_linux.o
                0x08003656                DWC_UDELAY
 .text.DWC_MDELAY
                0x08003678        0x4 Dave/Generated/src/USBLD001/dwc_common_port/dwc_common_linux.o
                0x08003678                DWC_MDELAY
 .text.DWC_MSLEEP
                0x0800367c        0xc Dave/Generated/src/USBLD001/dwc_common_port/dwc_common_linux.o
                0x0800367c                DWC_MSLEEP
 .text.DWC_TIME
                0x08003688        0x4 Dave/Generated/src/USBLD001/dwc_common_port/dwc_common_linux.o
                0x08003688                DWC_TIME
 .text.DWC_TIMER_ALLOC
                0x0800368c       0x16 Dave/Generated/src/USBLD001/dwc_common_port/dwc_common_linux.o
                0x0800368c                DWC_TIMER_ALLOC
 .text.DWC_TIMER_FREE
                0x080036a2        0x4 Dave/Generated/src/USBLD001/dwc_common_port/dwc_common_linux.o
                0x080036a2                DWC_TIMER_FREE
 .text.DWC_TIMER_SCHEDULE
                0x080036a6        0x2 Dave/Generated/src/USBLD001/dwc_common_port/dwc_common_linux.o
                0x080036a6                DWC_TIMER_SCHEDULE
 .text.DWC_TIMER_CANCEL
                0x080036a8        0x2 Dave/Generated/src/USBLD001/dwc_common_port/dwc_common_linux.o
                0x080036a8                DWC_TIMER_CANCEL
 .text.DWC_WAITQ_ALLOC
                0x080036aa        0x4 Dave/Generated/src/USBLD001/dwc_common_port/dwc_common_linux.o
                0x080036aa                DWC_WAITQ_ALLOC
 .text.DWC_WAITQ_FREE
                0x080036ae        0x2 Dave/Generated/src/USBLD001/dwc_common_port/dwc_common_linux.o
                0x080036ae                DWC_WAITQ_FREE
 .text.DWC_WAITQ_WAIT
                0x080036b0        0x4 Dave/Generated/src/USBLD001/dwc_common_port/dwc_common_linux.o
                0x080036b0                DWC_WAITQ_WAIT
 .text.DWC_WAITQ_WAIT_TIMEOUT
                0x080036b4        0x4 Dave/Generated/src/USBLD001/dwc_common_port/dwc_common_linux.o
                0x080036b4                DWC_WAITQ_WAIT_TIMEOUT
 .text.DWC_WAITQ_TRIGGER
                0x080036b8        0x2 Dave/Generated/src/USBLD001/dwc_common_port/dwc_common_linux.o
                0x080036b8                DWC_WAITQ_TRIGGER
 .text.DWC_WAITQ_ABORT
                0x080036ba        0x2 Dave/Generated/src/USBLD001/dwc_common_port/dwc_common_linux.o
                0x080036ba                DWC_WAITQ_ABORT
 .text.DWC_THREAD_RUN
                0x080036bc        0x4 Dave/Generated/src/USBLD001/dwc_common_port/dwc_common_linux.o
                0x080036bc                DWC_THREAD_RUN
 .text.DWC_THREAD_STOP
                0x080036c0        0x4 Dave/Generated/src/USBLD001/dwc_common_port/dwc_common_linux.o
                0x080036c0                DWC_THREAD_STOP
 .text.DWC_THREAD_SHOULD_STOP
                0x080036c4        0x4 Dave/Generated/src/USBLD001/dwc_common_port/dwc_common_linux.o
                0x080036c4                DWC_THREAD_SHOULD_STOP
 .text.DWC_TASK_ALLOC
                0x080036c8       0x16 Dave/Generated/src/USBLD001/dwc_common_port/dwc_common_linux.o
                0x080036c8                DWC_TASK_ALLOC
 .text.DWC_TASK_FREE
                0x080036de        0x4 Dave/Generated/src/USBLD001/dwc_common_port/dwc_common_linux.o
                0x080036de                DWC_TASK_FREE
 .text.DWC_TASK_SCHEDULE
                0x080036e2        0x2 Dave/Generated/src/USBLD001/dwc_common_port/dwc_common_linux.o
                0x080036e2                DWC_TASK_SCHEDULE
 .text.DWC_WORKQ_WAIT_WORK_DONE
                0x080036e4        0x4 Dave/Generated/src/USBLD001/dwc_common_port/dwc_common_linux.o
                0x080036e4                DWC_WORKQ_WAIT_WORK_DONE
 .text.DWC_WORKQ_ALLOC
                0x080036e8        0x8 Dave/Generated/src/USBLD001/dwc_common_port/dwc_common_linux.o
                0x080036e8                DWC_WORKQ_ALLOC
 .text.DWC_WORKQ_FREE
                0x080036f0        0x4 Dave/Generated/src/USBLD001/dwc_common_port/dwc_common_linux.o
                0x080036f0                DWC_WORKQ_FREE
 .text.DWC_WORKQ_SCHEDULE
                0x080036f4        0x6 Dave/Generated/src/USBLD001/dwc_common_port/dwc_common_linux.o
                0x080036f4                DWC_WORKQ_SCHEDULE
 .text.DWC_WORKQ_SCHEDULE_DELAYED
                0x080036fa        0x2 Dave/Generated/src/USBLD001/dwc_common_port/dwc_common_linux.o
                0x080036fa                DWC_WORKQ_SCHEDULE_DELAYED
 .text.DWC_WORKQ_PENDING
                0x080036fc        0x4 Dave/Generated/src/USBLD001/dwc_common_port/dwc_common_linux.o
                0x080036fc                DWC_WORKQ_PENDING
 .text          0x08003700        0x0 Dave/Generated/src/USBLD001/driver/dwc_otg_adp.o
 .text.cil_hcd_start
                0x08003700       0x10 Dave/Generated/src/USBLD001/driver/dwc_otg_adp.o
 .text.cil_pcd_start
                0x08003710       0x10 Dave/Generated/src/USBLD001/driver/dwc_otg_adp.o
 .text.dwc_otg_adp_write_reg
                0x08003720       0x2e Dave/Generated/src/USBLD001/driver/dwc_otg_adp.o
                0x08003720                dwc_otg_adp_write_reg
 .text.dwc_otg_adp_read_reg
                0x0800374e       0x30 Dave/Generated/src/USBLD001/driver/dwc_otg_adp.o
                0x0800374e                dwc_otg_adp_read_reg
 .text.dwc_otg_adp_modify_reg
                0x0800377e       0x1c Dave/Generated/src/USBLD001/driver/dwc_otg_adp.o
                0x0800377e                dwc_otg_adp_modify_reg
 .text.dwc_otg_adp_vbuson_timer_start
                0x0800379a       0x12 Dave/Generated/src/USBLD001/driver/dwc_otg_adp.o
                0x0800379a                dwc_otg_adp_vbuson_timer_start
 .text.dwc_otg_adp_probe_start
                0x080037ac      0x1cc Dave/Generated/src/USBLD001/driver/dwc_otg_adp.o
                0x080037ac                dwc_otg_adp_probe_start
 .text.adp_vbuson_timeout
                0x08003978       0x80 Dave/Generated/src/USBLD001/driver/dwc_otg_adp.o
 .text.dwc_otg_adp_sense_timer_start
                0x080039f8       0x12 Dave/Generated/src/USBLD001/driver/dwc_otg_adp.o
                0x080039f8                dwc_otg_adp_sense_timer_start
 .text.dwc_otg_adp_sense_start
                0x08003a0a       0x42 Dave/Generated/src/USBLD001/driver/dwc_otg_adp.o
                0x08003a0a                dwc_otg_adp_sense_start
 .text.dwc_otg_adp_probe_stop
                0x08003a4c       0x3a Dave/Generated/src/USBLD001/driver/dwc_otg_adp.o
                0x08003a4c                dwc_otg_adp_probe_stop
 .text.dwc_otg_adp_sense_stop
                0x08003a86       0x3a Dave/Generated/src/USBLD001/driver/dwc_otg_adp.o
                0x08003a86                dwc_otg_adp_sense_stop
 .text.adp_sense_timeout
                0x08003ac0       0x20 Dave/Generated/src/USBLD001/driver/dwc_otg_adp.o
 .text.dwc_otg_adp_turnon_vbus
                0x08003ae0       0x1c Dave/Generated/src/USBLD001/driver/dwc_otg_adp.o
                0x08003ae0                dwc_otg_adp_turnon_vbus
 .text.dwc_otg_adp_start
                0x08003afc       0x7a Dave/Generated/src/USBLD001/driver/dwc_otg_adp.o
                0x08003afc                dwc_otg_adp_start
 *fill*         0x08003b76        0x2 00
 .text.dwc_otg_adp_init
                0x08003b78       0x5c Dave/Generated/src/USBLD001/driver/dwc_otg_adp.o
                0x08003b78                dwc_otg_adp_init
 .text.dwc_otg_adp_remove
                0x08003bd4       0x18 Dave/Generated/src/USBLD001/driver/dwc_otg_adp.o
                0x08003bd4                dwc_otg_adp_remove
 .text.dwc_otg_adp_handle_intr
                0x08003bec      0x1bc Dave/Generated/src/USBLD001/driver/dwc_otg_adp.o
                0x08003bec                dwc_otg_adp_handle_intr
 .text.dwc_otg_adp_handle_srp_intr
                0x08003da8       0xd0 Dave/Generated/src/USBLD001/driver/dwc_otg_adp.o
                0x08003da8                dwc_otg_adp_handle_srp_intr
 .text          0x08003e78        0x0 Dave/Generated/src/USBLD001/driver/dwc_otg_cil.o
 .text.dwc_otg_read_hprt0
                0x08003e78       0x10 Dave/Generated/src/USBLD001/driver/dwc_otg_cil.o
 .text.init_fslspclksel
                0x08003e88       0x46 Dave/Generated/src/USBLD001/driver/dwc_otg_cil.o
 .text.dwc_otg_enable_common_interrupts
                0x08003ece       0x38 Dave/Generated/src/USBLD001/driver/dwc_otg_cil.o
 .text.init_devspd
                0x08003f06       0x4a Dave/Generated/src/USBLD001/driver/dwc_otg_cil.o
 .text.init_dma_desc_chain.isra.0
                0x08003f50       0xbe Dave/Generated/src/USBLD001/driver/dwc_otg_cil.o
 .text.hc_set_even_odd_frame
                0x0800400e       0x2e Dave/Generated/src/USBLD001/driver/dwc_otg_cil.o
 .text.dwc_otg_cil_remove
                0x0800403c       0x72 Dave/Generated/src/USBLD001/driver/dwc_otg_cil.o
                0x0800403c                dwc_otg_cil_remove
 .text.dwc_otg_enable_global_interrupts
                0x080040ae        0xc Dave/Generated/src/USBLD001/driver/dwc_otg_cil.o
                0x080040ae                dwc_otg_enable_global_interrupts
 .text.dwc_otg_disable_global_interrupts
                0x080040ba        0xc Dave/Generated/src/USBLD001/driver/dwc_otg_cil.o
                0x080040ba                dwc_otg_disable_global_interrupts
 *fill*         0x080040c6        0x2 00
 .text.dwc_otg_save_global_regs
                0x080040c8       0xa8 Dave/Generated/src/USBLD001/driver/dwc_otg_cil.o
                0x080040c8                dwc_otg_save_global_regs
 .text.dwc_otg_save_gintmsk_reg
                0x08004170       0x30 Dave/Generated/src/USBLD001/driver/dwc_otg_cil.o
                0x08004170                dwc_otg_save_gintmsk_reg
 .text.dwc_otg_save_dev_regs
                0x080041a0       0xd0 Dave/Generated/src/USBLD001/driver/dwc_otg_cil.o
                0x080041a0                dwc_otg_save_dev_regs
 .text.dwc_otg_save_host_regs
                0x08004270       0x74 Dave/Generated/src/USBLD001/driver/dwc_otg_cil.o
                0x08004270                dwc_otg_save_host_regs
 .text.dwc_otg_restore_global_regs
                0x080042e4       0xa4 Dave/Generated/src/USBLD001/driver/dwc_otg_cil.o
                0x080042e4                dwc_otg_restore_global_regs
 .text.dwc_otg_restore_dev_regs
                0x08004388       0xb4 Dave/Generated/src/USBLD001/driver/dwc_otg_cil.o
                0x08004388                dwc_otg_restore_dev_regs
 .text.dwc_otg_restore_host_regs
                0x0800443c       0x4e Dave/Generated/src/USBLD001/driver/dwc_otg_cil.o
                0x0800443c                dwc_otg_restore_host_regs
 .text.restore_lpm_i2c_regs
                0x0800448a       0x16 Dave/Generated/src/USBLD001/driver/dwc_otg_cil.o
                0x0800448a                restore_lpm_i2c_regs
 .text.restore_essential_regs
                0x080044a0       0xdc Dave/Generated/src/USBLD001/driver/dwc_otg_cil.o
                0x080044a0                restore_essential_regs
 .text.dwc_otg_device_hibernation_restore
                0x0800457c      0x190 Dave/Generated/src/USBLD001/driver/dwc_otg_cil.o
                0x0800457c                dwc_otg_device_hibernation_restore
 .text.dwc_otg_host_hibernation_restore
                0x0800470c      0x1d0 Dave/Generated/src/USBLD001/driver/dwc_otg_cil.o
                0x0800470c                dwc_otg_host_hibernation_restore
 .text.dwc_otg_enable_device_interrupts
                0x080048dc       0x4e Dave/Generated/src/USBLD001/driver/dwc_otg_cil.o
                0x080048dc                dwc_otg_enable_device_interrupts
 *fill*         0x0800492a        0x2 00
 .text.dwc_otg_enable_host_interrupts
                0x0800492c       0x38 Dave/Generated/src/USBLD001/driver/dwc_otg_cil.o
                0x0800492c                dwc_otg_enable_host_interrupts
 .text.dwc_otg_disable_host_interrupts
                0x08004964       0x10 Dave/Generated/src/USBLD001/driver/dwc_otg_cil.o
                0x08004964                dwc_otg_disable_host_interrupts
 .text.dwc_otg_hc_init
                0x08004974      0x18e Dave/Generated/src/USBLD001/driver/dwc_otg_cil.o
                0x08004974                dwc_otg_hc_init
 .text.dwc_otg_hc_halt
                0x08004b02       0xc6 Dave/Generated/src/USBLD001/driver/dwc_otg_cil.o
                0x08004b02                dwc_otg_hc_halt
 .text.dwc_otg_hc_cleanup
                0x08004bc8       0x2a Dave/Generated/src/USBLD001/driver/dwc_otg_cil.o
                0x08004bc8                dwc_otg_hc_cleanup
 .text.set_pid_isoc
                0x08004bf2       0x46 Dave/Generated/src/USBLD001/driver/dwc_otg_cil.o
                0x08004bf2                set_pid_isoc
 .text.dwc_otg_hc_start_transfer_ddma
                0x08004c38       0x94 Dave/Generated/src/USBLD001/driver/dwc_otg_cil.o
                0x08004c38                dwc_otg_hc_start_transfer_ddma
 .text.dwc_otg_hc_do_ping
                0x08004ccc       0x34 Dave/Generated/src/USBLD001/driver/dwc_otg_cil.o
                0x08004ccc                dwc_otg_hc_do_ping
 .text.dwc_otg_hc_write_packet
                0x08004d00       0x7e Dave/Generated/src/USBLD001/driver/dwc_otg_cil.o
                0x08004d00                dwc_otg_hc_write_packet
 .text.dwc_otg_hc_continue_transfer
                0x08004d7e       0xa4 Dave/Generated/src/USBLD001/driver/dwc_otg_cil.o
                0x08004d7e                dwc_otg_hc_continue_transfer
 .text.dwc_otg_hc_start_transfer
                0x08004e22      0x1be Dave/Generated/src/USBLD001/driver/dwc_otg_cil.o
                0x08004e22                dwc_otg_hc_start_transfer
 .text.dwc_otg_get_frame_number
                0x08004fe0       0x12 Dave/Generated/src/USBLD001/driver/dwc_otg_cil.o
                0x08004fe0                dwc_otg_get_frame_number
 .text.calc_frame_interval
                0x08004ff2       0x8c Dave/Generated/src/USBLD001/driver/dwc_otg_cil.o
                0x08004ff2                calc_frame_interval
 .text.dwc_otg_read_setup_packet
                0x0800507e       0x18 Dave/Generated/src/USBLD001/driver/dwc_otg_cil.o
                0x0800507e                dwc_otg_read_setup_packet
 .text.dwc_otg_ep0_activate
                0x08005096       0x56 Dave/Generated/src/USBLD001/driver/dwc_otg_cil.o
                0x08005096                dwc_otg_ep0_activate
 .text.dwc_otg_ep_activate
                0x080050ec       0xba Dave/Generated/src/USBLD001/driver/dwc_otg_cil.o
                0x080050ec                dwc_otg_ep_activate
 .text.dwc_otg_ep_deactivate
                0x080051a6       0xa0 Dave/Generated/src/USBLD001/driver/dwc_otg_cil.o
                0x080051a6                dwc_otg_ep_deactivate
 .text.dwc_otg_ep_start_transfer
                0x08005246      0x1f4 Dave/Generated/src/USBLD001/driver/dwc_otg_cil.o
                0x08005246                dwc_otg_ep_start_transfer
 .text.dwc_otg_ep_start_zl_transfer
                0x0800543a      0x100 Dave/Generated/src/USBLD001/driver/dwc_otg_cil.o
                0x0800543a                dwc_otg_ep_start_zl_transfer
 .text.dwc_otg_ep0_start_transfer
                0x0800553a      0x1ee Dave/Generated/src/USBLD001/driver/dwc_otg_cil.o
                0x0800553a                dwc_otg_ep0_start_transfer
 .text.dwc_otg_ep0_continue_transfer
                0x08005728      0x1e8 Dave/Generated/src/USBLD001/driver/dwc_otg_cil.o
                0x08005728                dwc_otg_ep0_continue_transfer
 .text.dwc_otg_ep_write_packet
                0x08005910       0x6e Dave/Generated/src/USBLD001/driver/dwc_otg_cil.o
                0x08005910                dwc_otg_ep_write_packet
 .text.dwc_otg_ep_set_stall
                0x0800597e       0x4a Dave/Generated/src/USBLD001/driver/dwc_otg_cil.o
                0x0800597e                dwc_otg_ep_set_stall
 .text.dwc_otg_ep_clear_stall
                0x080059c8       0x40 Dave/Generated/src/USBLD001/driver/dwc_otg_cil.o
                0x080059c8                dwc_otg_ep_clear_stall
 .text.dwc_otg_read_packet
                0x08005a08       0x20 Dave/Generated/src/USBLD001/driver/dwc_otg_cil.o
                0x08005a08                dwc_otg_read_packet
 .text.dwc_otg_dump_dev_registers
                0x08005a28        0x2 Dave/Generated/src/USBLD001/driver/dwc_otg_cil.o
                0x08005a28                dwc_otg_dump_dev_registers
 .text.dwc_otg_dump_spram
                0x08005a2a        0x2 Dave/Generated/src/USBLD001/driver/dwc_otg_cil.o
                0x08005a2a                dwc_otg_dump_spram
 .text.dwc_otg_dump_host_registers
                0x08005a2c        0x2 Dave/Generated/src/USBLD001/driver/dwc_otg_cil.o
                0x08005a2c                dwc_otg_dump_host_registers
 .text.dwc_otg_dump_global_registers
                0x08005a2e        0x2 Dave/Generated/src/USBLD001/driver/dwc_otg_cil.o
                0x08005a2e                dwc_otg_dump_global_registers
 .text.dwc_otg_flush_tx_fifo
                0x08005a30       0x4a Dave/Generated/src/USBLD001/driver/dwc_otg_cil.o
                0x08005a30                dwc_otg_flush_tx_fifo
 .text.dwc_otg_flush_rx_fifo
                0x08005a7a       0x42 Dave/Generated/src/USBLD001/driver/dwc_otg_cil.o
                0x08005a7a                dwc_otg_flush_rx_fifo
 .text.dwc_otg_core_host_init
                0x08005abc      0x204 Dave/Generated/src/USBLD001/driver/dwc_otg_cil.o
                0x08005abc                dwc_otg_core_host_init
 .text.dwc_otg_core_dev_init
                0x08005cc0      0x33e Dave/Generated/src/USBLD001/driver/dwc_otg_cil.o
                0x08005cc0                dwc_otg_core_dev_init
 *fill*         0x08005ffe        0x2 00
 .text.dwc_otg_core_reset
                0x08006000       0x64 Dave/Generated/src/USBLD001/driver/dwc_otg_cil.o
                0x08006000                dwc_otg_core_reset
 .text.dwc_otg_is_device_mode
                0x08006064       0x14 Dave/Generated/src/USBLD001/driver/dwc_otg_cil.o
                0x08006064                dwc_otg_is_device_mode
 .text.dwc_otg_is_host_mode
                0x08006078       0x10 Dave/Generated/src/USBLD001/driver/dwc_otg_cil.o
                0x08006078                dwc_otg_is_host_mode
 .text.dwc_otg_core_init
                0x08006088      0x3b8 Dave/Generated/src/USBLD001/driver/dwc_otg_cil.o
                0x08006088                dwc_otg_core_init
 .text.dwc_otg_cil_register_hcd_callbacks
                0x08006440        0x6 Dave/Generated/src/USBLD001/driver/dwc_otg_cil.o
                0x08006440                dwc_otg_cil_register_hcd_callbacks
 .text.dwc_otg_cil_register_pcd_callbacks
                0x08006446        0x6 Dave/Generated/src/USBLD001/driver/dwc_otg_cil.o
                0x08006446                dwc_otg_cil_register_pcd_callbacks
 .text.dwc_otg_is_dma_enable
                0x0800644c        0x6 Dave/Generated/src/USBLD001/driver/dwc_otg_cil.o
                0x0800644c                dwc_otg_is_dma_enable
 .text.dwc_otg_set_param_otg_cap
                0x08006452       0x60 Dave/Generated/src/USBLD001/driver/dwc_otg_cil.o
                0x08006452                dwc_otg_set_param_otg_cap
 .text.dwc_otg_get_param_otg_cap
                0x080064b2        0x6 Dave/Generated/src/USBLD001/driver/dwc_otg_cil.o
                0x080064b2                dwc_otg_get_param_otg_cap
 .text.dwc_otg_set_param_opt
                0x080064b8       0x12 Dave/Generated/src/USBLD001/driver/dwc_otg_cil.o
                0x080064b8                dwc_otg_set_param_opt
 .text.dwc_otg_get_param_opt
                0x080064ca        0x6 Dave/Generated/src/USBLD001/driver/dwc_otg_cil.o
                0x080064ca                dwc_otg_get_param_opt
 .text.dwc_otg_set_param_dma_enable
                0x080064d0       0x36 Dave/Generated/src/USBLD001/driver/dwc_otg_cil.o
                0x080064d0                dwc_otg_set_param_dma_enable
 .text.dwc_otg_get_param_dma_enable
                0x08006506        0x6 Dave/Generated/src/USBLD001/driver/dwc_otg_cil.o
                0x08006506                dwc_otg_get_param_dma_enable
 .text.dwc_otg_set_param_dma_desc_enable
                0x0800650c       0x3e Dave/Generated/src/USBLD001/driver/dwc_otg_cil.o
                0x0800650c                dwc_otg_set_param_dma_desc_enable
 .text.dwc_otg_get_param_dma_desc_enable
                0x0800654a        0x6 Dave/Generated/src/USBLD001/driver/dwc_otg_cil.o
                0x0800654a                dwc_otg_get_param_dma_desc_enable
 .text.dwc_otg_set_param_host_support_fs_ls_low_power
                0x08006550       0x12 Dave/Generated/src/USBLD001/driver/dwc_otg_cil.o
                0x08006550                dwc_otg_set_param_host_support_fs_ls_low_power
 .text.dwc_otg_get_param_host_support_fs_ls_low_power
                0x08006562        0x6 Dave/Generated/src/USBLD001/driver/dwc_otg_cil.o
                0x08006562                dwc_otg_get_param_host_support_fs_ls_low_power
 .text.dwc_otg_set_param_enable_dynamic_fifo
                0x08006568       0x32 Dave/Generated/src/USBLD001/driver/dwc_otg_cil.o
                0x08006568                dwc_otg_set_param_enable_dynamic_fifo
 .text.dwc_otg_get_param_enable_dynamic_fifo
                0x0800659a        0x6 Dave/Generated/src/USBLD001/driver/dwc_otg_cil.o
                0x0800659a                dwc_otg_get_param_enable_dynamic_fifo
 .text.dwc_otg_set_param_data_fifo_size
                0x080065a0       0x2c Dave/Generated/src/USBLD001/driver/dwc_otg_cil.o
                0x080065a0                dwc_otg_set_param_data_fifo_size
 .text.dwc_otg_get_param_data_fifo_size
                0x080065cc        0x6 Dave/Generated/src/USBLD001/driver/dwc_otg_cil.o
                0x080065cc                dwc_otg_get_param_data_fifo_size
 .text.dwc_otg_set_param_dev_rx_fifo_size
                0x080065d2       0x3c Dave/Generated/src/USBLD001/driver/dwc_otg_cil.o
                0x080065d2                dwc_otg_set_param_dev_rx_fifo_size
 .text.dwc_otg_get_param_dev_rx_fifo_size
                0x0800660e        0x6 Dave/Generated/src/USBLD001/driver/dwc_otg_cil.o
                0x0800660e                dwc_otg_get_param_dev_rx_fifo_size
 .text.dwc_otg_set_param_dev_nperio_tx_fifo_size
                0x08006614       0x3e Dave/Generated/src/USBLD001/driver/dwc_otg_cil.o
                0x08006614                dwc_otg_set_param_dev_nperio_tx_fifo_size
 .text.dwc_otg_get_param_dev_nperio_tx_fifo_size
                0x08006652        0x6 Dave/Generated/src/USBLD001/driver/dwc_otg_cil.o
                0x08006652                dwc_otg_get_param_dev_nperio_tx_fifo_size
 .text.dwc_otg_set_param_host_rx_fifo_size
                0x08006658       0x3c Dave/Generated/src/USBLD001/driver/dwc_otg_cil.o
                0x08006658                dwc_otg_set_param_host_rx_fifo_size
 .text.dwc_otg_get_param_host_rx_fifo_size
                0x08006694        0x6 Dave/Generated/src/USBLD001/driver/dwc_otg_cil.o
                0x08006694                dwc_otg_get_param_host_rx_fifo_size
 .text.dwc_otg_set_param_host_nperio_tx_fifo_size
                0x0800669a       0x3e Dave/Generated/src/USBLD001/driver/dwc_otg_cil.o
                0x0800669a                dwc_otg_set_param_host_nperio_tx_fifo_size
 .text.dwc_otg_get_param_host_nperio_tx_fifo_size
                0x080066d8        0x6 Dave/Generated/src/USBLD001/driver/dwc_otg_cil.o
                0x080066d8                dwc_otg_get_param_host_nperio_tx_fifo_size
 .text.dwc_otg_set_param_host_perio_tx_fifo_size
                0x080066de       0x42 Dave/Generated/src/USBLD001/driver/dwc_otg_cil.o
                0x080066de                dwc_otg_set_param_host_perio_tx_fifo_size
 .text.dwc_otg_get_param_host_perio_tx_fifo_size
                0x08006720        0x6 Dave/Generated/src/USBLD001/driver/dwc_otg_cil.o
                0x08006720                dwc_otg_get_param_host_perio_tx_fifo_size
 *fill*         0x08006726        0x2 00
 .text.dwc_otg_set_param_max_transfer_size
                0x08006728       0x48 Dave/Generated/src/USBLD001/driver/dwc_otg_cil.o
                0x08006728                dwc_otg_set_param_max_transfer_size
 .text.dwc_otg_get_param_max_transfer_size
                0x08006770        0x6 Dave/Generated/src/USBLD001/driver/dwc_otg_cil.o
                0x08006770                dwc_otg_get_param_max_transfer_size
 .text.dwc_otg_set_param_max_packet_count
                0x08006776       0x36 Dave/Generated/src/USBLD001/driver/dwc_otg_cil.o
                0x08006776                dwc_otg_set_param_max_packet_count
 .text.dwc_otg_get_param_max_packet_count
                0x080067ac        0x6 Dave/Generated/src/USBLD001/driver/dwc_otg_cil.o
                0x080067ac                dwc_otg_get_param_max_packet_count
 .text.dwc_otg_set_param_host_channels
                0x080067b2       0x2c Dave/Generated/src/USBLD001/driver/dwc_otg_cil.o
                0x080067b2                dwc_otg_set_param_host_channels
 .text.dwc_otg_get_param_host_channels
                0x080067de        0x8 Dave/Generated/src/USBLD001/driver/dwc_otg_cil.o
                0x080067de                dwc_otg_get_param_host_channels
 .text.dwc_otg_set_param_dev_endpoints
                0x080067e6       0x2c Dave/Generated/src/USBLD001/driver/dwc_otg_cil.o
                0x080067e6                dwc_otg_set_param_dev_endpoints
 .text.dwc_otg_get_param_dev_endpoints
                0x08006812        0x8 Dave/Generated/src/USBLD001/driver/dwc_otg_cil.o
                0x08006812                dwc_otg_get_param_dev_endpoints
 .text.dwc_otg_set_param_phy_type
                0x0800681a       0x78 Dave/Generated/src/USBLD001/driver/dwc_otg_cil.o
                0x0800681a                dwc_otg_set_param_phy_type
 .text.dwc_otg_get_param_phy_type
                0x08006892        0x8 Dave/Generated/src/USBLD001/driver/dwc_otg_cil.o
                0x08006892                dwc_otg_get_param_phy_type
 .text.dwc_otg_set_param_speed
                0x0800689a       0x30 Dave/Generated/src/USBLD001/driver/dwc_otg_cil.o
                0x0800689a                dwc_otg_set_param_speed
 .text.dwc_otg_get_param_speed
                0x080068ca        0x6 Dave/Generated/src/USBLD001/driver/dwc_otg_cil.o
                0x080068ca                dwc_otg_get_param_speed
 .text.dwc_otg_set_param_host_ls_low_power_phy_clk
                0x080068d0       0x30 Dave/Generated/src/USBLD001/driver/dwc_otg_cil.o
                0x080068d0                dwc_otg_set_param_host_ls_low_power_phy_clk
 .text.dwc_otg_get_param_host_ls_low_power_phy_clk
                0x08006900        0x6 Dave/Generated/src/USBLD001/driver/dwc_otg_cil.o
                0x08006900                dwc_otg_get_param_host_ls_low_power_phy_clk
 .text.dwc_otg_set_param_phy_ulpi_ddr
                0x08006906       0x14 Dave/Generated/src/USBLD001/driver/dwc_otg_cil.o
                0x08006906                dwc_otg_set_param_phy_ulpi_ddr
 .text.dwc_otg_get_param_phy_ulpi_ddr
                0x0800691a        0x8 Dave/Generated/src/USBLD001/driver/dwc_otg_cil.o
                0x0800691a                dwc_otg_get_param_phy_ulpi_ddr
 .text.dwc_otg_set_param_phy_ulpi_ext_vbus
                0x08006922       0x14 Dave/Generated/src/USBLD001/driver/dwc_otg_cil.o
                0x08006922                dwc_otg_set_param_phy_ulpi_ext_vbus
 .text.dwc_otg_get_param_phy_ulpi_ext_vbus
                0x08006936        0x8 Dave/Generated/src/USBLD001/driver/dwc_otg_cil.o
                0x08006936                dwc_otg_get_param_phy_ulpi_ext_vbus
 .text.dwc_otg_set_param_phy_utmi_width
                0x0800693e       0x18 Dave/Generated/src/USBLD001/driver/dwc_otg_cil.o
                0x0800693e                dwc_otg_set_param_phy_utmi_width
 .text.dwc_otg_get_param_phy_utmi_width
                0x08006956        0x8 Dave/Generated/src/USBLD001/driver/dwc_otg_cil.o
                0x08006956                dwc_otg_get_param_phy_utmi_width
 .text.dwc_otg_set_param_ulpi_fs_ls
                0x0800695e       0x14 Dave/Generated/src/USBLD001/driver/dwc_otg_cil.o
                0x0800695e                dwc_otg_set_param_ulpi_fs_ls
 .text.dwc_otg_get_param_ulpi_fs_ls
                0x08006972        0x8 Dave/Generated/src/USBLD001/driver/dwc_otg_cil.o
                0x08006972                dwc_otg_get_param_ulpi_fs_ls
 .text.dwc_otg_set_param_ts_dline
                0x0800697a       0x14 Dave/Generated/src/USBLD001/driver/dwc_otg_cil.o
                0x0800697a                dwc_otg_set_param_ts_dline
 .text.dwc_otg_get_param_ts_dline
                0x0800698e        0x8 Dave/Generated/src/USBLD001/driver/dwc_otg_cil.o
                0x0800698e                dwc_otg_get_param_ts_dline
 .text.dwc_otg_set_param_i2c_enable
                0x08006996       0x34 Dave/Generated/src/USBLD001/driver/dwc_otg_cil.o
                0x08006996                dwc_otg_set_param_i2c_enable
 .text.dwc_otg_get_param_i2c_enable
                0x080069ca        0x8 Dave/Generated/src/USBLD001/driver/dwc_otg_cil.o
                0x080069ca                dwc_otg_get_param_i2c_enable
 .text.dwc_otg_set_param_dev_perio_tx_fifo_size
                0x080069d2       0x48 Dave/Generated/src/USBLD001/driver/dwc_otg_cil.o
                0x080069d2                dwc_otg_set_param_dev_perio_tx_fifo_size
 .text.dwc_otg_get_param_dev_perio_tx_fifo_size
                0x08006a1a        0xa Dave/Generated/src/USBLD001/driver/dwc_otg_cil.o
                0x08006a1a                dwc_otg_get_param_dev_perio_tx_fifo_size
 .text.dwc_otg_set_param_en_multiple_tx_fifo
                0x08006a24       0x34 Dave/Generated/src/USBLD001/driver/dwc_otg_cil.o
                0x08006a24                dwc_otg_set_param_en_multiple_tx_fifo
 .text.dwc_otg_get_param_en_multiple_tx_fifo
                0x08006a58        0x8 Dave/Generated/src/USBLD001/driver/dwc_otg_cil.o
                0x08006a58                dwc_otg_get_param_en_multiple_tx_fifo
 .text.dwc_otg_set_param_dev_tx_fifo_size
                0x08006a60       0x48 Dave/Generated/src/USBLD001/driver/dwc_otg_cil.o
                0x08006a60                dwc_otg_set_param_dev_tx_fifo_size
 .text.dwc_otg_get_param_dev_tx_fifo_size
                0x08006aa8        0xa Dave/Generated/src/USBLD001/driver/dwc_otg_cil.o
                0x08006aa8                dwc_otg_get_param_dev_tx_fifo_size
 .text.dwc_otg_set_param_thr_ctl
                0x08006ab2       0x3e Dave/Generated/src/USBLD001/driver/dwc_otg_cil.o
                0x08006ab2                dwc_otg_set_param_thr_ctl
 .text.dwc_otg_get_param_thr_ctl
                0x08006af0        0x8 Dave/Generated/src/USBLD001/driver/dwc_otg_cil.o
                0x08006af0                dwc_otg_get_param_thr_ctl
 .text.dwc_otg_set_param_lpm_enable
                0x08006af8       0x30 Dave/Generated/src/USBLD001/driver/dwc_otg_cil.o
                0x08006af8                dwc_otg_set_param_lpm_enable
 .text.dwc_otg_get_param_lpm_enable
                0x08006b28        0x8 Dave/Generated/src/USBLD001/driver/dwc_otg_cil.o
                0x08006b28                dwc_otg_get_param_lpm_enable
 .text.dwc_otg_set_param_tx_thr_length
                0x08006b30       0x18 Dave/Generated/src/USBLD001/driver/dwc_otg_cil.o
                0x08006b30                dwc_otg_set_param_tx_thr_length
 .text.dwc_otg_get_param_tx_thr_length
                0x08006b48        0x8 Dave/Generated/src/USBLD001/driver/dwc_otg_cil.o
                0x08006b48                dwc_otg_get_param_tx_thr_length
 .text.dwc_otg_set_param_rx_thr_length
                0x08006b50       0x18 Dave/Generated/src/USBLD001/driver/dwc_otg_cil.o
                0x08006b50                dwc_otg_set_param_rx_thr_length
 .text.dwc_otg_get_param_rx_thr_length
                0x08006b68        0x8 Dave/Generated/src/USBLD001/driver/dwc_otg_cil.o
                0x08006b68                dwc_otg_get_param_rx_thr_length
 .text.dwc_otg_set_param_dma_burst_size
                0x08006b70       0x30 Dave/Generated/src/USBLD001/driver/dwc_otg_cil.o
                0x08006b70                dwc_otg_set_param_dma_burst_size
 .text.dwc_otg_get_param_dma_burst_size
                0x08006ba0        0x6 Dave/Generated/src/USBLD001/driver/dwc_otg_cil.o
                0x08006ba0                dwc_otg_get_param_dma_burst_size
 *fill*         0x08006ba6        0x2 00
 .text.dwc_otg_set_param_pti_enable
                0x08006ba8       0x34 Dave/Generated/src/USBLD001/driver/dwc_otg_cil.o
                0x08006ba8                dwc_otg_set_param_pti_enable
 .text.dwc_otg_get_param_pti_enable
                0x08006bdc        0x8 Dave/Generated/src/USBLD001/driver/dwc_otg_cil.o
                0x08006bdc                dwc_otg_get_param_pti_enable
 .text.dwc_otg_set_param_mpi_enable
                0x08006be4       0x32 Dave/Generated/src/USBLD001/driver/dwc_otg_cil.o
                0x08006be4                dwc_otg_set_param_mpi_enable
 .text.dwc_otg_get_param_mpi_enable
                0x08006c16        0x8 Dave/Generated/src/USBLD001/driver/dwc_otg_cil.o
                0x08006c16                dwc_otg_get_param_mpi_enable
 .text.dwc_otg_set_param_adp_enable
                0x08006c1e       0x32 Dave/Generated/src/USBLD001/driver/dwc_otg_cil.o
                0x08006c1e                dwc_otg_set_param_adp_enable
 .text.dwc_otg_get_param_adp_enable
                0x08006c50        0x8 Dave/Generated/src/USBLD001/driver/dwc_otg_cil.o
                0x08006c50                dwc_otg_get_param_adp_enable
 .text.dwc_otg_set_param_ic_usb_cap
                0x08006c58       0x30 Dave/Generated/src/USBLD001/driver/dwc_otg_cil.o
                0x08006c58                dwc_otg_set_param_ic_usb_cap
 .text.dwc_otg_get_param_ic_usb_cap
                0x08006c88        0x8 Dave/Generated/src/USBLD001/driver/dwc_otg_cil.o
                0x08006c88                dwc_otg_get_param_ic_usb_cap
 .text.dwc_otg_set_param_ahb_thr_ratio
                0x08006c90       0x4c Dave/Generated/src/USBLD001/driver/dwc_otg_cil.o
                0x08006c90                dwc_otg_set_param_ahb_thr_ratio
 .text.dwc_otg_get_param_ahb_thr_ratio
                0x08006cdc        0x8 Dave/Generated/src/USBLD001/driver/dwc_otg_cil.o
                0x08006cdc                dwc_otg_get_param_ahb_thr_ratio
 .text.dwc_otg_set_param_power_down
                0x08006ce4       0x34 Dave/Generated/src/USBLD001/driver/dwc_otg_cil.o
                0x08006ce4                dwc_otg_set_param_power_down
 .text.dwc_otg_get_param_power_down
                0x08006d18        0x8 Dave/Generated/src/USBLD001/driver/dwc_otg_cil.o
                0x08006d18                dwc_otg_get_param_power_down
 .text.dwc_otg_set_param_reload_ctl
                0x08006d20       0x34 Dave/Generated/src/USBLD001/driver/dwc_otg_cil.o
                0x08006d20                dwc_otg_set_param_reload_ctl
 .text.dwc_otg_get_param_reload_ctl
                0x08006d54        0x8 Dave/Generated/src/USBLD001/driver/dwc_otg_cil.o
                0x08006d54                dwc_otg_get_param_reload_ctl
 .text.dwc_otg_set_param_otg_ver
                0x08006d5c       0x32 Dave/Generated/src/USBLD001/driver/dwc_otg_cil.o
                0x08006d5c                dwc_otg_set_param_otg_ver
 *fill*         0x08006d8e        0x2 00
 .text.dwc_otg_cil_init
                0x08006d90      0x2dc Dave/Generated/src/USBLD001/driver/dwc_otg_cil.o
                0x08006d90                dwc_otg_cil_init
 .text.dwc_otg_get_param_otg_ver
                0x0800706c        0x8 Dave/Generated/src/USBLD001/driver/dwc_otg_cil.o
                0x0800706c                dwc_otg_get_param_otg_ver
 .text.dwc_otg_get_hnpstatus
                0x08007074        0xe Dave/Generated/src/USBLD001/driver/dwc_otg_cil.o
                0x08007074                dwc_otg_get_hnpstatus
 .text.dwc_otg_get_srpstatus
                0x08007082        0xe Dave/Generated/src/USBLD001/driver/dwc_otg_cil.o
                0x08007082                dwc_otg_get_srpstatus
 .text.dwc_otg_set_hnpreq
                0x08007090       0x1c Dave/Generated/src/USBLD001/driver/dwc_otg_cil.o
                0x08007090                dwc_otg_set_hnpreq
 .text.dwc_otg_get_gsnpsid
                0x080070ac        0x4 Dave/Generated/src/USBLD001/driver/dwc_otg_cil.o
                0x080070ac                dwc_otg_get_gsnpsid
 .text.dwc_otg_get_mode
                0x080070b0       0x10 Dave/Generated/src/USBLD001/driver/dwc_otg_cil.o
                0x080070b0                dwc_otg_get_mode
 .text.dwc_otg_get_hnpcapable
                0x080070c0       0x10 Dave/Generated/src/USBLD001/driver/dwc_otg_cil.o
                0x080070c0                dwc_otg_get_hnpcapable
 .text.dwc_otg_set_hnpcapable
                0x080070d0       0x20 Dave/Generated/src/USBLD001/driver/dwc_otg_cil.o
                0x080070d0                dwc_otg_set_hnpcapable
 .text.dwc_otg_get_srpcapable
                0x080070f0       0x10 Dave/Generated/src/USBLD001/driver/dwc_otg_cil.o
                0x080070f0                dwc_otg_get_srpcapable
 .text.dwc_otg_set_srpcapable
                0x08007100       0x20 Dave/Generated/src/USBLD001/driver/dwc_otg_cil.o
                0x08007100                dwc_otg_set_srpcapable
 .text.dwc_otg_get_devspeed
                0x08007120       0x10 Dave/Generated/src/USBLD001/driver/dwc_otg_cil.o
                0x08007120                dwc_otg_get_devspeed
 .text.dwc_otg_set_devspeed
                0x08007130       0x20 Dave/Generated/src/USBLD001/driver/dwc_otg_cil.o
                0x08007130                dwc_otg_set_devspeed
 .text.dwc_otg_get_busconnected
                0x08007150       0x10 Dave/Generated/src/USBLD001/driver/dwc_otg_cil.o
                0x08007150                dwc_otg_get_busconnected
 .text.dwc_otg_get_enumspeed
                0x08007160       0x12 Dave/Generated/src/USBLD001/driver/dwc_otg_cil.o
                0x08007160                dwc_otg_get_enumspeed
 .text.dwc_otg_get_prtpower
                0x08007172       0x10 Dave/Generated/src/USBLD001/driver/dwc_otg_cil.o
                0x08007172                dwc_otg_get_prtpower
 .text.dwc_otg_get_core_state
                0x08007182        0x6 Dave/Generated/src/USBLD001/driver/dwc_otg_cil.o
                0x08007182                dwc_otg_get_core_state
 .text.dwc_otg_set_prtpower
                0x08007188       0x1c Dave/Generated/src/USBLD001/driver/dwc_otg_cil.o
                0x08007188                dwc_otg_set_prtpower
 .text.dwc_otg_get_prtsuspend
                0x080071a4       0x10 Dave/Generated/src/USBLD001/driver/dwc_otg_cil.o
                0x080071a4                dwc_otg_get_prtsuspend
 .text.dwc_otg_set_prtsuspend
                0x080071b4       0x1c Dave/Generated/src/USBLD001/driver/dwc_otg_cil.o
                0x080071b4                dwc_otg_set_prtsuspend
 .text.dwc_otg_get_fr_interval
                0x080071d0       0x10 Dave/Generated/src/USBLD001/driver/dwc_otg_cil.o
                0x080071d0                dwc_otg_get_fr_interval
 .text.dwc_otg_set_fr_interval
                0x080071e0       0xb0 Dave/Generated/src/USBLD001/driver/dwc_otg_cil.o
                0x080071e0                dwc_otg_set_fr_interval
 .text.dwc_otg_get_mode_ch_tim
                0x08007290        0xe Dave/Generated/src/USBLD001/driver/dwc_otg_cil.o
                0x08007290                dwc_otg_get_mode_ch_tim
 .text.dwc_otg_set_mode_ch_tim
                0x0800729e       0x20 Dave/Generated/src/USBLD001/driver/dwc_otg_cil.o
                0x0800729e                dwc_otg_set_mode_ch_tim
 .text.dwc_otg_set_prtresume
                0x080072be       0x1c Dave/Generated/src/USBLD001/driver/dwc_otg_cil.o
                0x080072be                dwc_otg_set_prtresume
 .text.dwc_otg_get_remotewakesig
                0x080072da       0x12 Dave/Generated/src/USBLD001/driver/dwc_otg_cil.o
                0x080072da                dwc_otg_get_remotewakesig
 .text.dwc_otg_get_lpm_portsleepstatus
                0x080072ec       0x10 Dave/Generated/src/USBLD001/driver/dwc_otg_cil.o
                0x080072ec                dwc_otg_get_lpm_portsleepstatus
 .text.dwc_otg_get_lpm_remotewakeenabled
                0x080072fc       0x10 Dave/Generated/src/USBLD001/driver/dwc_otg_cil.o
                0x080072fc                dwc_otg_get_lpm_remotewakeenabled
 .text.dwc_otg_get_lpmresponse
                0x0800730c       0x10 Dave/Generated/src/USBLD001/driver/dwc_otg_cil.o
                0x0800730c                dwc_otg_get_lpmresponse
 .text.dwc_otg_set_lpmresponse
                0x0800731c       0x20 Dave/Generated/src/USBLD001/driver/dwc_otg_cil.o
                0x0800731c                dwc_otg_set_lpmresponse
 .text.dwc_otg_get_hsic_connect
                0x0800733c       0x10 Dave/Generated/src/USBLD001/driver/dwc_otg_cil.o
                0x0800733c                dwc_otg_get_hsic_connect
 .text.dwc_otg_set_hsic_connect
                0x0800734c       0x20 Dave/Generated/src/USBLD001/driver/dwc_otg_cil.o
                0x0800734c                dwc_otg_set_hsic_connect
 .text.dwc_otg_get_inv_sel_hsic
                0x0800736c        0xe Dave/Generated/src/USBLD001/driver/dwc_otg_cil.o
                0x0800736c                dwc_otg_get_inv_sel_hsic
 .text.dwc_otg_set_inv_sel_hsic
                0x0800737a       0x20 Dave/Generated/src/USBLD001/driver/dwc_otg_cil.o
                0x0800737a                dwc_otg_set_inv_sel_hsic
 .text.dwc_otg_get_gotgctl
                0x0800739a        0x6 Dave/Generated/src/USBLD001/driver/dwc_otg_cil.o
                0x0800739a                dwc_otg_get_gotgctl
 .text.dwc_otg_set_gotgctl
                0x080073a0        0x6 Dave/Generated/src/USBLD001/driver/dwc_otg_cil.o
                0x080073a0                dwc_otg_set_gotgctl
 .text.dwc_otg_get_gusbcfg
                0x080073a6        0x8 Dave/Generated/src/USBLD001/driver/dwc_otg_cil.o
                0x080073a6                dwc_otg_get_gusbcfg
 .text.dwc_otg_set_gusbcfg
                0x080073ae        0x8 Dave/Generated/src/USBLD001/driver/dwc_otg_cil.o
                0x080073ae                dwc_otg_set_gusbcfg
 .text.dwc_otg_get_grxfsiz
                0x080073b6        0x8 Dave/Generated/src/USBLD001/driver/dwc_otg_cil.o
                0x080073b6                dwc_otg_get_grxfsiz
 .text.dwc_otg_set_grxfsiz
                0x080073be        0x8 Dave/Generated/src/USBLD001/driver/dwc_otg_cil.o
                0x080073be                dwc_otg_set_grxfsiz
 .text.dwc_otg_get_gnptxfsiz
                0x080073c6        0x8 Dave/Generated/src/USBLD001/driver/dwc_otg_cil.o
                0x080073c6                dwc_otg_get_gnptxfsiz
 .text.dwc_otg_set_gnptxfsiz
                0x080073ce        0x8 Dave/Generated/src/USBLD001/driver/dwc_otg_cil.o
                0x080073ce                dwc_otg_set_gnptxfsiz
 .text.dwc_otg_get_gpvndctl
                0x080073d6        0x8 Dave/Generated/src/USBLD001/driver/dwc_otg_cil.o
                0x080073d6                dwc_otg_get_gpvndctl
 .text.dwc_otg_set_gpvndctl
                0x080073de        0x8 Dave/Generated/src/USBLD001/driver/dwc_otg_cil.o
                0x080073de                dwc_otg_set_gpvndctl
 .text.dwc_otg_get_ggpio
                0x080073e6        0x8 Dave/Generated/src/USBLD001/driver/dwc_otg_cil.o
                0x080073e6                dwc_otg_get_ggpio
 .text.dwc_otg_set_ggpio
                0x080073ee        0x8 Dave/Generated/src/USBLD001/driver/dwc_otg_cil.o
                0x080073ee                dwc_otg_set_ggpio
 .text.dwc_otg_get_hprt0
                0x080073f6        0x8 Dave/Generated/src/USBLD001/driver/dwc_otg_cil.o
                0x080073f6                dwc_otg_get_hprt0
 .text.dwc_otg_set_hprt0
                0x080073fe        0x8 Dave/Generated/src/USBLD001/driver/dwc_otg_cil.o
                0x080073fe                dwc_otg_set_hprt0
 .text.dwc_otg_get_guid
                0x08007406        0x8 Dave/Generated/src/USBLD001/driver/dwc_otg_cil.o
                0x08007406                dwc_otg_get_guid
 .text.dwc_otg_set_guid
                0x0800740e        0x8 Dave/Generated/src/USBLD001/driver/dwc_otg_cil.o
                0x0800740e                dwc_otg_set_guid
 .text.dwc_otg_get_hptxfsiz
                0x08007416        0xa Dave/Generated/src/USBLD001/driver/dwc_otg_cil.o
                0x08007416                dwc_otg_get_hptxfsiz
 .text.dwc_otg_get_otg_version
                0x08007420       0x14 Dave/Generated/src/USBLD001/driver/dwc_otg_cil.o
                0x08007420                dwc_otg_get_otg_version
 .text.dwc_otg_pcd_start_srp_timer
                0x08007434        0xe Dave/Generated/src/USBLD001/driver/dwc_otg_cil.o
                0x08007434                dwc_otg_pcd_start_srp_timer
 .text.dwc_otg_initiate_srp
                0x08007442       0x30 Dave/Generated/src/USBLD001/driver/dwc_otg_cil.o
                0x08007442                dwc_otg_initiate_srp
 .text          0x08007472        0x0 Dave/Generated/src/USBLD001/driver/dwc_otg_cil_intr.o
 .text.cil_hcd_start
                0x08007472       0x10 Dave/Generated/src/USBLD001/driver/dwc_otg_cil_intr.o
 .text.cil_pcd_start
                0x08007482       0x10 Dave/Generated/src/USBLD001/driver/dwc_otg_cil_intr.o
 .text.cil_pcd_stop
                0x08007492       0x10 Dave/Generated/src/USBLD001/driver/dwc_otg_cil_intr.o
 .text.dwc_otg_read_hprt0
                0x080074a2       0x10 Dave/Generated/src/USBLD001/driver/dwc_otg_cil_intr.o
 .text.w_conn_id_status_change
                0x080074b2       0x70 Dave/Generated/src/USBLD001/driver/dwc_otg_cil_intr.o
                0x080074b2                w_conn_id_status_change
 .text.dwc_otg_handle_mode_mismatch_intr
                0x08007522       0x10 Dave/Generated/src/USBLD001/driver/dwc_otg_cil_intr.o
                0x08007522                dwc_otg_handle_mode_mismatch_intr
 .text.dwc_otg_handle_otg_intr
                0x08007532      0x1a8 Dave/Generated/src/USBLD001/driver/dwc_otg_cil_intr.o
                0x08007532                dwc_otg_handle_otg_intr
 *fill*         0x080076da        0x2 00
 .text.dwc_otg_handle_conn_id_status_change_intr
                0x080076dc       0x44 Dave/Generated/src/USBLD001/driver/dwc_otg_cil_intr.o
                0x080076dc                dwc_otg_handle_conn_id_status_change_intr
 .text.dwc_otg_handle_session_req_intr
                0x08007720       0x38 Dave/Generated/src/USBLD001/driver/dwc_otg_cil_intr.o
                0x08007720                dwc_otg_handle_session_req_intr
 .text.w_wakeup_detected
                0x08007758       0x2a Dave/Generated/src/USBLD001/driver/dwc_otg_cil_intr.o
                0x08007758                w_wakeup_detected
 .text.dwc_otg_handle_wakeup_detected_intr
                0x08007782       0x8c Dave/Generated/src/USBLD001/driver/dwc_otg_cil_intr.o
                0x08007782                dwc_otg_handle_wakeup_detected_intr
 .text.dwc_otg_handle_restore_done_intr
                0x0800780e       0x28 Dave/Generated/src/USBLD001/driver/dwc_otg_cil_intr.o
                0x0800780e                dwc_otg_handle_restore_done_intr
 .text.dwc_otg_handle_disconnect_intr
                0x08007836       0x18 Dave/Generated/src/USBLD001/driver/dwc_otg_cil_intr.o
                0x08007836                dwc_otg_handle_disconnect_intr
 *fill*         0x0800784e        0x2 00
 .text.dwc_otg_handle_usb_suspend_intr
                0x08007850      0x140 Dave/Generated/src/USBLD001/driver/dwc_otg_cil_intr.o
                0x08007850                dwc_otg_handle_usb_suspend_intr
 .text.dwc_otg_handle_common_intr
                0x08007990      0x540 Dave/Generated/src/USBLD001/driver/dwc_otg_cil_intr.o
                0x08007990                dwc_otg_handle_common_intr
 .text          0x08007ed0        0x0 Dave/Generated/src/USBLD001/driver/dwc_otg_hcd.o
 .text          0x08007ed0        0x0 Dave/Generated/src/USBLD001/driver/dwc_otg_hcd_ddma.o
 .text          0x08007ed0        0x0 Dave/Generated/src/USBLD001/driver/dwc_otg_hcd_intr.o
 .text          0x08007ed0        0x0 Dave/Generated/src/USBLD001/driver/dwc_otg_hcd_queue.o
 .text          0x08007ed0        0x0 Dave/Generated/src/USBLD001/driver/dwc_otg_pcd.o
 .text.cil_pcd_start
                0x08007ed0       0x10 Dave/Generated/src/USBLD001/driver/dwc_otg_pcd.o
 .text.get_ep_from_handle
                0x08007ee0       0x42 Dave/Generated/src/USBLD001/driver/dwc_otg_pcd.o
 .text.dwc_otg_pcd_start_cb
                0x08007f22       0x20 Dave/Generated/src/USBLD001/driver/dwc_otg_pcd.o
 .text.dwc_otg_pcd_suspend_cb
                0x08007f42       0x26 Dave/Generated/src/USBLD001/driver/dwc_otg_pcd.o
 .text.dwc_otg_pcd_resume_cb
                0x08007f68       0x30 Dave/Generated/src/USBLD001/driver/dwc_otg_pcd.o
 .text.dwc_otg_pcd_stop_cb
                0x08007f98        0xa Dave/Generated/src/USBLD001/driver/dwc_otg_pcd.o
 .text.srp_timeout
                0x08007fa2       0xbc Dave/Generated/src/USBLD001/driver/dwc_otg_pcd.o
 .text.start_xfer_tasklet_func
                0x0800805e       0x52 Dave/Generated/src/USBLD001/driver/dwc_otg_pcd.o
 .text.dwc_otg_request_done
                0x080080b0       0x66 Dave/Generated/src/USBLD001/driver/dwc_otg_pcd.o
                0x080080b0                dwc_otg_request_done
 *fill*         0x08008116        0x2 00
 .text.dwc_otg_request_nuke
                0x08008118       0x28 Dave/Generated/src/USBLD001/driver/dwc_otg_pcd.o
                0x08008118                dwc_otg_request_nuke
 .text.dwc_otg_pcd_start
                0x08008140        0x4 Dave/Generated/src/USBLD001/driver/dwc_otg_pcd.o
                0x08008140                dwc_otg_pcd_start
 .text.dwc_otg_ep_alloc_desc_chain
                0x08008144        0xa Dave/Generated/src/USBLD001/driver/dwc_otg_pcd.o
                0x08008144                dwc_otg_ep_alloc_desc_chain
 .text.dwc_otg_ep_free_desc_chain
                0x0800814e       0x14 Dave/Generated/src/USBLD001/driver/dwc_otg_pcd.o
                0x0800814e                dwc_otg_ep_free_desc_chain
 *fill*         0x08008162        0x2 00
 .text.dwc_otg_pcd_init
                0x08008164      0x3a4 Dave/Generated/src/USBLD001/driver/dwc_otg_pcd.o
                0x08008164                dwc_otg_pcd_init
 .text.dwc_otg_pcd_remove
                0x08008508       0xa4 Dave/Generated/src/USBLD001/driver/dwc_otg_pcd.o
                0x08008508                dwc_otg_pcd_remove
 .text.dwc_otg_pcd_is_dualspeed
                0x080085ac       0x28 Dave/Generated/src/USBLD001/driver/dwc_otg_pcd.o
                0x080085ac                dwc_otg_pcd_is_dualspeed
 .text.dwc_otg_pcd_is_otg
                0x080085d4       0x1e Dave/Generated/src/USBLD001/driver/dwc_otg_pcd.o
                0x080085d4                dwc_otg_pcd_is_otg
 *fill*         0x080085f2        0x2 00
 .text.dwc_otg_pcd_ep_enable
                0x080085f4      0x1dc Dave/Generated/src/USBLD001/driver/dwc_otg_pcd.o
                0x080085f4                dwc_otg_pcd_ep_enable
 .text.dwc_otg_pcd_ep_disable
                0x080087d0       0xec Dave/Generated/src/USBLD001/driver/dwc_otg_pcd.o
                0x080087d0                dwc_otg_pcd_ep_disable
 .text.dwc_otg_pcd_ep_queue
                0x080088bc      0x260 Dave/Generated/src/USBLD001/driver/dwc_otg_pcd.o
                0x080088bc                dwc_otg_pcd_ep_queue
 .text.dwc_otg_pcd_ep_dequeue
                0x08008b1c       0x80 Dave/Generated/src/USBLD001/driver/dwc_otg_pcd.o
                0x08008b1c                dwc_otg_pcd_ep_dequeue
 .text.dwc_otg_pcd_ep_halt
                0x08008b9c       0xdc Dave/Generated/src/USBLD001/driver/dwc_otg_pcd.o
                0x08008b9c                dwc_otg_pcd_ep_halt
 .text.dwc_otg_pcd_rem_wkup_from_suspend
                0x08008c78       0x8e Dave/Generated/src/USBLD001/driver/dwc_otg_pcd.o
                0x08008c78                dwc_otg_pcd_rem_wkup_from_suspend
 .text.dwc_otg_pcd_remote_wakeup
                0x08008d06       0x2c Dave/Generated/src/USBLD001/driver/dwc_otg_pcd.o
                0x08008d06                dwc_otg_pcd_remote_wakeup
 .text.dwc_otg_pcd_disconnect_us
                0x08008d32       0x36 Dave/Generated/src/USBLD001/driver/dwc_otg_pcd.o
                0x08008d32                dwc_otg_pcd_disconnect_us
 .text.dwc_otg_pcd_initiate_srp
                0x08008d68       0x20 Dave/Generated/src/USBLD001/driver/dwc_otg_pcd.o
                0x08008d68                dwc_otg_pcd_initiate_srp
 .text.dwc_otg_pcd_wakeup
                0x08008d88       0x3c Dave/Generated/src/USBLD001/driver/dwc_otg_pcd.o
                0x08008d88                dwc_otg_pcd_wakeup
 .text.dwc_otg_pcd_get_frame_number
                0x08008dc4        0x6 Dave/Generated/src/USBLD001/driver/dwc_otg_pcd.o
                0x08008dc4                dwc_otg_pcd_get_frame_number
 .text.dwc_otg_pcd_is_lpm_enabled
                0x08008dca        0xa Dave/Generated/src/USBLD001/driver/dwc_otg_pcd.o
                0x08008dca                dwc_otg_pcd_is_lpm_enabled
 .text.get_b_hnp_enable
                0x08008dd4        0x8 Dave/Generated/src/USBLD001/driver/dwc_otg_pcd.o
                0x08008dd4                get_b_hnp_enable
 .text.get_a_hnp_support
                0x08008ddc        0x8 Dave/Generated/src/USBLD001/driver/dwc_otg_pcd.o
                0x08008ddc                get_a_hnp_support
 .text.get_a_alt_hnp_support
                0x08008de4        0x8 Dave/Generated/src/USBLD001/driver/dwc_otg_pcd.o
                0x08008de4                get_a_alt_hnp_support
 .text.dwc_otg_pcd_get_rmwkup_enable
                0x08008dec        0x8 Dave/Generated/src/USBLD001/driver/dwc_otg_pcd.o
                0x08008dec                dwc_otg_pcd_get_rmwkup_enable
 .text          0x08008df4        0x0 Dave/Generated/src/USBLD001/driver/dwc_otg_pcd_intr.o
 .text.dwc_otg_pcd_update_otg
                0x08008df4       0x1a Dave/Generated/src/USBLD001/driver/dwc_otg_pcd_intr.o
 .text.get_in_ep
                0x08008e0e       0x34 Dave/Generated/src/USBLD001/driver/dwc_otg_pcd_intr.o
 .text.dwc_otg_pcd_handle_noniso_bna
                0x08008e42       0x44 Dave/Generated/src/USBLD001/driver/dwc_otg_pcd_intr.o
 .text.ep0_out_start
                0x08008e86       0x9c Dave/Generated/src/USBLD001/driver/dwc_otg_pcd_intr.o
 .text.restart_transfer
                0x08008f22       0xa0 Dave/Generated/src/USBLD001/driver/dwc_otg_pcd_intr.o
 .text.do_setup_in_status_phase
                0x08008fc2       0x36 Dave/Generated/src/USBLD001/driver/dwc_otg_pcd_intr.o
 .text.do_setup_out_status_phase.part.4
                0x08008ff8       0x46 Dave/Generated/src/USBLD001/driver/dwc_otg_pcd_intr.o
 .text.ep0_do_stall.isra.5
                0x0800903e       0x36 Dave/Generated/src/USBLD001/driver/dwc_otg_pcd_intr.o
 .text.do_gadget_setup
                0x08009074       0x42 Dave/Generated/src/USBLD001/driver/dwc_otg_pcd_intr.o
 .text.ep0_complete_request
                0x080090b6       0xec Dave/Generated/src/USBLD001/driver/dwc_otg_pcd_intr.o
 .text.get_ep_by_addr
                0x080091a2       0x26 Dave/Generated/src/USBLD001/driver/dwc_otg_pcd_intr.o
                0x080091a2                get_ep_by_addr
 .text.handle_ep0
                0x080091c8      0x3e6 Dave/Generated/src/USBLD001/driver/dwc_otg_pcd_intr.o
 .text.start_next_request
                0x080095ae       0xc8 Dave/Generated/src/USBLD001/driver/dwc_otg_pcd_intr.o
                0x080095ae                start_next_request
 .text.complete_ep
                0x08009676      0x1da Dave/Generated/src/USBLD001/driver/dwc_otg_pcd_intr.o
 .text.dwc_otg_pcd_handle_in_ep_intr
                0x08009850      0x3e6 Dave/Generated/src/USBLD001/driver/dwc_otg_pcd_intr.o
 .text.dwc_otg_pcd_handle_out_ep_intr
                0x08009c36      0x272 Dave/Generated/src/USBLD001/driver/dwc_otg_pcd_intr.o
 .text.dwc_otg_pcd_handle_sof_intr
                0x08009ea8       0x12 Dave/Generated/src/USBLD001/driver/dwc_otg_pcd_intr.o
                0x08009ea8                dwc_otg_pcd_handle_sof_intr
 .text.dwc_otg_pcd_handle_rx_status_q_level_intr
                0x08009eba       0xcc Dave/Generated/src/USBLD001/driver/dwc_otg_pcd_intr.o
                0x08009eba                dwc_otg_pcd_handle_rx_status_q_level_intr
 .text.dwc_otg_pcd_handle_np_tx_fifo_empty_intr
                0x08009f86      0x132 Dave/Generated/src/USBLD001/driver/dwc_otg_pcd_intr.o
                0x08009f86                dwc_otg_pcd_handle_np_tx_fifo_empty_intr
 .text.dwc_otg_pcd_stop
                0x0800a0b8       0xa4 Dave/Generated/src/USBLD001/driver/dwc_otg_pcd_intr.o
                0x0800a0b8                dwc_otg_pcd_stop
 .text.dwc_otg_pcd_handle_i2c_intr
                0x0800a15c       0x26 Dave/Generated/src/USBLD001/driver/dwc_otg_pcd_intr.o
                0x0800a15c                dwc_otg_pcd_handle_i2c_intr
 .text.dwc_otg_pcd_handle_early_suspend_intr
                0x0800a182       0x14 Dave/Generated/src/USBLD001/driver/dwc_otg_pcd_intr.o
                0x0800a182                dwc_otg_pcd_handle_early_suspend_intr
 .text.dwc_otg_pcd_handle_usb_reset_intr
                0x0800a196       0xf6 Dave/Generated/src/USBLD001/driver/dwc_otg_pcd_intr.o
                0x0800a196                dwc_otg_pcd_handle_usb_reset_intr
 .text.dwc_otg_pcd_handle_enum_done_intr
                0x0800a28c       0xec Dave/Generated/src/USBLD001/driver/dwc_otg_pcd_intr.o
                0x0800a28c                dwc_otg_pcd_handle_enum_done_intr
 .text.dwc_otg_pcd_handle_isoc_out_packet_dropped_intr
                0x0800a378       0x26 Dave/Generated/src/USBLD001/driver/dwc_otg_pcd_intr.o
                0x0800a378                dwc_otg_pcd_handle_isoc_out_packet_dropped_intr
 .text.dwc_otg_pcd_handle_end_periodic_frame_intr
                0x0800a39e       0x26 Dave/Generated/src/USBLD001/driver/dwc_otg_pcd_intr.o
                0x0800a39e                dwc_otg_pcd_handle_end_periodic_frame_intr
 .text.dwc_otg_pcd_handle_ep_mismatch_intr
                0x0800a3c4       0x12 Dave/Generated/src/USBLD001/driver/dwc_otg_pcd_intr.o
                0x0800a3c4                dwc_otg_pcd_handle_ep_mismatch_intr
 .text.do_test_mode
                0x0800a3d6       0x48 Dave/Generated/src/USBLD001/driver/dwc_otg_pcd_intr.o
                0x0800a3d6                do_test_mode
 .text.dwc_otg_pcd_handle_incomplete_isoc_in_intr
                0x0800a41e       0x26 Dave/Generated/src/USBLD001/driver/dwc_otg_pcd_intr.o
                0x0800a41e                dwc_otg_pcd_handle_incomplete_isoc_in_intr
 .text.dwc_otg_pcd_handle_incomplete_isoc_out_intr
                0x0800a444       0x26 Dave/Generated/src/USBLD001/driver/dwc_otg_pcd_intr.o
                0x0800a444                dwc_otg_pcd_handle_incomplete_isoc_out_intr
 .text.dwc_otg_pcd_handle_in_nak_effective
                0x0800a46a       0x52 Dave/Generated/src/USBLD001/driver/dwc_otg_pcd_intr.o
                0x0800a46a                dwc_otg_pcd_handle_in_nak_effective
 .text.dwc_otg_pcd_handle_out_nak_effective
                0x0800a4bc       0x24 Dave/Generated/src/USBLD001/driver/dwc_otg_pcd_intr.o
                0x0800a4bc                dwc_otg_pcd_handle_out_nak_effective
 .text.dwc_otg_pcd_handle_intr
                0x0800a4e0      0x182 Dave/Generated/src/USBLD001/driver/dwc_otg_pcd_intr.o
                0x0800a4e0                dwc_otg_pcd_handle_intr
 .text          0x0800a662        0x0 Dave/Generated/src/USBCORE001/usbcore001.o
 *fill*         0x0800a662        0x2 00
 .text.USBCORE001_Init
                0x0800a664       0x20 Dave/Generated/src/USBCORE001/usbcore001.o
                0x0800a664                USBCORE001_Init