Archive member included because of file (symbol)

c:/dave-3.1.10/arm-gcc/bin/../lib/gcc/arm-none-eabi/4.7.4/../../../../arm-none-eabi/lib/armv7e-m\libm.a(lib_a-w_asin.o)
                              _Quadrocopter/Sensors/MPU9X50/MPU9150.o (asin)
c:/dave-3.1.10/arm-gcc/bin/../lib/gcc/arm-none-eabi/4.7.4/../../../../arm-none-eabi/lib/armv7e-m\libm.a(lib_a-w_atan2.o)
                              _Quadrocopter/Sensors/MPU9X50/MPU9150.o (atan2)
c:/dave-3.1.10/arm-gcc/bin/../lib/gcc/arm-none-eabi/4.7.4/../../../../arm-none-eabi/lib/armv7e-m\libm.a(lib_a-w_pow.o)
                              _Quadrocopter/Sensors/MPU9X50/MPU9150.o (pow)
c:/dave-3.1.10/arm-gcc/bin/../lib/gcc/arm-none-eabi/4.7.4/../../../../arm-none-eabi/lib/armv7e-m\libm.a(lib_a-w_sqrt.o)
                              _Quadrocopter/Sensors/MPU9X50/Filter/QuaternionFilters.o (sqrt)
c:/dave-3.1.10/arm-gcc/bin/../lib/gcc/arm-none-eabi/4.7.4/../../../../arm-none-eabi/lib/armv7e-m\libm.a(lib_a-wf_exp.o)
                              _Quadrocopter/Dev/Altitude_Control.o (expf)
c:/dave-3.1.10/arm-gcc/bin/../lib/gcc/arm-none-eabi/4.7.4/../../../../arm-none-eabi/lib/armv7e-m\libm.a(lib_a-wf_log.o)
                              _Quadrocopter/Dev/Altitude_Control.o (logf)
c:/dave-3.1.10/arm-gcc/bin/../lib/gcc/arm-none-eabi/4.7.4/../../../../arm-none-eabi/lib/armv7e-m\libm.a(lib_a-e_asin.o)
                              c:/dave-3.1.10/arm-gcc/bin/../lib/gcc/arm-none-eabi/4.7.4/../../../../arm-none-eabi/lib/armv7e-m\libm.a(lib_a-w_asin.o) (__ieee754_asin)
c:/dave-3.1.10/arm-gcc/bin/../lib/gcc/arm-none-eabi/4.7.4/../../../../arm-none-eabi/lib/armv7e-m\libm.a(lib_a-e_atan2.o)
                              c:/dave-3.1.10/arm-gcc/bin/../lib/gcc/arm-none-eabi/4.7.4/../../../../arm-none-eabi/lib/armv7e-m\libm.a(lib_a-w_atan2.o) (__ieee754_atan2)
c:/dave-3.1.10/arm-gcc/bin/../lib/gcc/arm-none-eabi/4.7.4/../../../../arm-none-eabi/lib/armv7e-m\libm.a(lib_a-e_pow.o)
                              c:/dave-3.1.10/arm-gcc/bin/../lib/gcc/arm-none-eabi/4.7.4/../../../../arm-none-eabi/lib/armv7e-m\libm.a(lib_a-w_pow.o) (__ieee754_pow)
c:/dave-3.1.10/arm-gcc/bin/../lib/gcc/arm-none-eabi/4.7.4/../../../../arm-none-eabi/lib/armv7e-m\libm.a(lib_a-e_sqrt.o)
                              c:/dave-3.1.10/arm-gcc/bin/../lib/gcc/arm-none-eabi/4.7.4/../../../../arm-none-eabi/lib/armv7e-m\libm.a(lib_a-w_sqrt.o) (__ieee754_sqrt)
c:/dave-3.1.10/arm-gcc/bin/../lib/gcc/arm-none-eabi/4.7.4/../../../../arm-none-eabi/lib/armv7e-m\libm.a(lib_a-ef_exp.o)
                              c:/dave-3.1.10/arm-gcc/bin/../lib/gcc/arm-none-eabi/4.7.4/../../../../arm-none-eabi/lib/armv7e-m\libm.a(lib_a-wf_exp.o) (__ieee754_expf)
c:/dave-3.1.10/arm-gcc/bin/../lib/gcc/arm-none-eabi/4.7.4/../../../../arm-none-eabi/lib/armv7e-m\libm.a(lib_a-ef_log.o)
                              c:/dave-3.1.10/arm-gcc/bin/../lib/gcc/arm-none-eabi/4.7.4/../../../../arm-none-eabi/lib/armv7e-m\libm.a(lib_a-wf_log.o) (__ieee754_logf)
c:/dave-3.1.10/arm-gcc/bin/../lib/gcc/arm-none-eabi/4.7.4/../../../../arm-none-eabi/lib/armv7e-m\libm.a(lib_a-s_atan.o)
                              c:/dave-3.1.10/arm-gcc/bin/../lib/gcc/arm-none-eabi/4.7.4/../../../../arm-none-eabi/lib/armv7e-m\libm.a(lib_a-e_atan2.o) (atan)
c:/dave-3.1.10/arm-gcc/bin/../lib/gcc/arm-none-eabi/4.7.4/../../../../arm-none-eabi/lib/armv7e-m\libm.a(lib_a-s_fabs.o)
                              c:/dave-3.1.10/arm-gcc/bin/../lib/gcc/arm-none-eabi/4.7.4/../../../../arm-none-eabi/lib/armv7e-m\libm.a(lib_a-w_asin.o) (fabs)
c:/dave-3.1.10/arm-gcc/bin/../lib/gcc/arm-none-eabi/4.7.4/../../../../arm-none-eabi/lib/armv7e-m\libm.a(lib_a-s_finite.o)
                              c:/dave-3.1.10/arm-gcc/bin/../lib/gcc/arm-none-eabi/4.7.4/../../../../arm-none-eabi/lib/armv7e-m\libm.a(lib_a-w_pow.o) (finite)
c:/dave-3.1.10/arm-gcc/bin/../lib/gcc/arm-none-eabi/4.7.4/../../../../arm-none-eabi/lib/armv7e-m\libm.a(lib_a-s_fpclassify.o)
                              c:/dave-3.1.10/arm-gcc/bin/../lib/gcc/arm-none-eabi/4.7.4/../../../../arm-none-eabi/lib/armv7e-m\libm.a(lib_a-w_asin.o) (__fpclassifyd)
c:/dave-3.1.10/arm-gcc/bin/../lib/gcc/arm-none-eabi/4.7.4/../../../../arm-none-eabi/lib/armv7e-m\libm.a(lib_a-s_lib_ver.o)
                              c:/dave-3.1.10/arm-gcc/bin/../lib/gcc/arm-none-eabi/4.7.4/../../../../arm-none-eabi/lib/armv7e-m\libm.a(lib_a-w_asin.o) (__fdlib_version)
c:/dave-3.1.10/arm-gcc/bin/../lib/gcc/arm-none-eabi/4.7.4/../../../../arm-none-eabi/lib/armv7e-m\libm.a(lib_a-s_matherr.o)
                              c:/dave-3.1.10/arm-gcc/bin/../lib/gcc/arm-none-eabi/4.7.4/../../../../arm-none-eabi/lib/armv7e-m\libm.a(lib_a-w_asin.o) (matherr)
c:/dave-3.1.10/arm-gcc/bin/../lib/gcc/arm-none-eabi/4.7.4/../../../../arm-none-eabi/lib/armv7e-m\libm.a(lib_a-s_nan.o)
                              c:/dave-3.1.10/arm-gcc/bin/../lib/gcc/arm-none-eabi/4.7.4/../../../../arm-none-eabi/lib/armv7e-m\libm.a(lib_a-w_asin.o) (nan)
[...]
Memory Configuration

Name             Origin             Length             Attributes
FLASH_1_cached   0x08000000         0x00100000         xr
FLASH_1_uncached 0x0c000000         0x00100000         xr
PSRAM_1          0x10000000         0x00010000         !xr
DSRAM_1_system   0x20000000         0x00010000         !xr
DSRAM_2_comm     0x30000000         0x00008000         !xr
*default*        0x00000000         0xffffffff

Linker script and memory map

LOAD _Quadrocopter/_HAL/I2C/I2Cdev.o
LOAD _Quadrocopter/_HAL/Delay/util.o
LOAD _Quadrocopter/_FIR_Filter/FIR_Filter.o
LOAD _Quadrocopter/Sensors/MPU9X50/MPU9150.o
LOAD _Quadrocopter/Sensors/MPU9X50/Filter/QuaternionFilters.o
LOAD _Quadrocopter/Sensors/MPU9X50/Filter/kalman.o
LOAD _Quadrocopter/Sensors/DPS310/DPS310.o
LOAD _Quadrocopter/RemoteControl/RCReceive.o
LOAD _Quadrocopter/RemoteControl/BluetoothProtocol/BluetoothProtocol.o
LOAD _Quadrocopter/Dev/Altitude_Control.o
LOAD _Quadrocopter/DaisyChain/DaisyChain.o
LOAD _Quadrocopter/BatterySafety/BatterySafety.o
LOAD _Quadrocopter/Attitude_Control/AttitudeController.o
LOAD Startup/startup_XMC4500.o
LOAD Startup/system_XMC4500.o
LOAD Main.o
LOAD Lib/System_LibcStubs.o
LOAD Dave/Generated/src/USBVC001/Descriptors.o
LOAD Dave/Generated/src/USBVC001/USBVC001_Conf.o
LOAD Dave/Generated/src/USBVC001/usbvc001.o
LOAD Dave/Generated/src/USBLD001/usbld001_Conf.o
LOAD Dave/Generated/src/USBLD001/usbld001_delay.o
LOAD Dave/Generated/src/USBLD001/dwc_common_port/dwc_common_linux.o
LOAD Dave/Generated/src/USBLD001/driver/dwc_otg_adp.o
LOAD Dave/Generated/src/USBLD001/driver/dwc_otg_cil.o
LOAD Dave/Generated/src/USBLD001/driver/dwc_otg_cil_intr.o
LOAD Dave/Generated/src/USBLD001/driver/dwc_otg_hcd.o
LOAD Dave/Generated/src/USBLD001/driver/dwc_otg_hcd_ddma.o
LOAD Dave/Generated/src/USBLD001/driver/dwc_otg_hcd_intr.o
LOAD Dave/Generated/src/USBLD001/driver/dwc_otg_hcd_queue.o
LOAD Dave/Generated/src/USBLD001/driver/dwc_otg_pcd.o
LOAD Dave/Generated/src/USBLD001/driver/dwc_otg_pcd_intr.o
LOAD Dave/Generated/src/USBCORE001/usbcore001.o
LOAD Dave/Generated/src/USBCORE001/usbcore001_Conf.o
LOAD Dave/Generated/src/USBCORE001/usbcore001_device.o
LOAD Dave/Generated/src/USBCORE001/usbcore001_host.o
LOAD Dave/Generated/src/USBCDC001/Drivers/USB/Core/USBTask.o
LOAD Dave/Generated/src/USBCDC001/Drivers/USB/Class/Device/CDC.o
LOAD Dave/Generated/src/UART001/UART001.o
LOAD Dave/Generated/src/UART001/UART001_Conf.o
LOAD Dave/Generated/src/SYSTM001/SYSTM001.o
LOAD Dave/Generated/src/SLTHA003/SLTHA003.o
LOAD Dave/Generated/src/SLTHA003/SLTHA003_Conf.o
LOAD Dave/Generated/src/RTC001/RTC001.o
LOAD Dave/Generated/src/RTC001/RTC001_Conf.o
LOAD Dave/Generated/src/RESET001/RESET001.o
LOAD Dave/Generated/src/PWMSP001/PWMSP001.o
LOAD Dave/Generated/src/PWMSP001/PWMSP001_Conf.o
LOAD Dave/Generated/src/NVIC_SCU001/NVIC_SCU001.o
LOAD Dave/Generated/src/NVIC002/NVIC002.o
LOAD Dave/Generated/src/NVIC002/NVIC002_Conf.o
LOAD Dave/Generated/src/LMM001/LMM001.o
LOAD Dave/Generated/src/LMM001/LMM001_Conf.o
LOAD Dave/Generated/src/LIBS/CCU8PWMLIB.o
LOAD Dave/Generated/src/LIBS/MOTORLIB.o
LOAD Dave/Generated/src/IO004/IO004.o
LOAD Dave/Generated/src/IO004/IO004_Conf.o
LOAD Dave/Generated/src/IO002/IO002.o
LOAD Dave/Generated/src/IO002/IO002_Conf.o
LOAD Dave/Generated/src/IO001/IO001.o
LOAD Dave/Generated/src/IO001/IO001_Conf.o
LOAD Dave/Generated/src/I2C001/I2C001.o
LOAD Dave/Generated/src/I2C001/I2C001_Conf.o
LOAD Dave/Generated/src/GMM001/GMM001.o
LOAD Dave/Generated/src/GMM001/GMM001_Conf.o
LOAD Dave/Generated/src/ERU002/ERU002.o
LOAD Dave/Generated/src/ERU002/ERU002_Conf.o
LOAD Dave/Generated/src/ERU001/ERU001.o
LOAD Dave/Generated/src/ERU001/ERU001_Conf.o
LOAD Dave/Generated/src/DAVESupport/DAVE3.o
LOAD Dave/Generated/src/DAVESupport/MULTIPLEXER.o
LOAD Dave/Generated/src/CLK001/CLK001.o
LOAD Dave/Generated/src/CCU4GLOBAL/CCU4GLOBAL.o
LOAD Dave/Generated/src/CCU4GLOBAL/CCU4GLOBAL_Conf.o
LOAD Dave/Generated/src/ADCGROUP001/ADCGroup001.o
LOAD Dave/Generated/src/ADCGROUP001/ADCGroup001_Conf.o
LOAD Dave/Generated/src/ADCGLOB001/ADCGlob001.o
LOAD Dave/Generated/src/ADCGLOB001/ADCGlob001_Conf.o
LOAD Dave/Generated/src/ADC001/ADC001.o
LOAD Dave/Generated/src/ADC001/ADC001_Conf.o
LOAD C:\DAVE-3.1.10\CMSIS\Lib\GCC\libarm_cortexM4_mathL_1.a
LOAD C:\DAVE-3.1.10\CMSIS\Lib\GCC\libarm_cortexM4_mathL_2.a
LOAD c:/dave-3.1.10/arm-gcc/bin/../lib/gcc/arm-none-eabi/4.7.4/../../../../arm-none-eabi/lib/armv7e-m\libm.a
START GROUP
LOAD c:/dave-3.1.10/arm-gcc/bin/../lib/gcc/arm-none-eabi/4.7.4/armv7e-m\libgcc.a
LOAD c:/dave-3.1.10/arm-gcc/bin/../lib/gcc/arm-none-eabi/4.7.4/../../../../arm-none-eabi/lib/armv7e-m\libg.a
LOAD c:/dave-3.1.10/arm-gcc/bin/../lib/gcc/arm-none-eabi/4.7.4/../../../../arm-none-eabi/lib/armv7e-m\libc.a
END GROUP
                0x00000800                stack_size = 0x800

.text           0x08000000    0x2ccc0 load address 0x0c000000
                0x08000000                sText = .
 *(.Xmc4500.reset)
 .Xmc4500.reset
                0x08000000      0x21c Startup/startup_XMC4500.o
                0x08000000                __Xmc4500_interrupt_vector_cortex_m
                0x08000200                __Xmc4500_reset_cortex_m
 *(.Xmc4500.postreset)
 .Xmc4500.postreset
                0x0800021c       0xa8 Startup/startup_XMC4500.o
 *(.XmcStartup)
 .XmcStartup    0x080002c4        0x4 Startup/startup_XMC4500.o
 *(.text .text.* .gnu.linkonce.t.*)
 .text          0x080002c8        0x0 _Quadrocopter/_HAL/I2C/I2Cdev.o
 .text.I2Cdev_writeBytes
                0x080002c8      0x19c _Quadrocopter/_HAL/I2C/I2Cdev.o
                0x080002c8                I2Cdev_writeBytes
 .text.I2Cdev_writeByte
                0x08000464       0x34 _Quadrocopter/_HAL/I2C/I2Cdev.o
                0x08000464                I2Cdev_writeByte
 .text.I2Cdev_readBytes
                0x08000498      0x290 _Quadrocopter/_HAL/I2C/I2Cdev.o
                0x08000498                I2Cdev_readBytes
 .text.I2Cdev_readByte
                0x08000728       0x48 _Quadrocopter/_HAL/I2C/I2Cdev.o
                0x08000728                I2Cdev_readByte
 .text.USIC2_2_IRQHandler
                0x08000770       0x48 _Quadrocopter/_HAL/I2C/I2Cdev.o
                0x08000770                USIC2_2_IRQHandler
 .text.USIC0_5_IRQHandler
                0x080007b8       0x48 _Quadrocopter/_HAL/I2C/I2Cdev.o
                0x080007b8                USIC0_5_IRQHandler
 .text          0x08000800        0x0 _Quadrocopter/_HAL/Delay/util.o
 .text.CCU40_0_IRQHandler
                0x08000800       0x24 _Quadrocopter/_HAL/Delay/util.o
                0x08000800                CCU40_0_IRQHandler
 .text.delay    0x08000824       0x34 _Quadrocopter/_HAL/Delay/util.o
                0x08000824                delay
 .text.millis   0x08000858       0x18 _Quadrocopter/_HAL/Delay/util.o
                0x08000858                millis
 .text.transformation
                0x08000870      0x128 _Quadrocopter/_HAL/Delay/util.o
                0x08000870                transformation
 .text.transformation_mag
                0x08000998      0x1b8 _Quadrocopter/_HAL/Delay/util.o
                0x08000998                transformation_mag
 .text          0x08000b50        0x0 _Quadrocopter/_FIR_Filter/FIR_Filter.o
 .text.FIR_FILTER
                0x08000b50       0xf4 _Quadrocopter/_FIR_Filter/FIR_Filter.o
                0x08000b50                FIR_FILTER
 .text.Initialize_FIR_Filter
                0x08000c44       0xa4 _Quadrocopter/_FIR_Filter/FIR_Filter.o
                0x08000c44                Initialize_FIR_Filter
 .text          0x08000ce8        0x0 _Quadrocopter/Sensors/MPU9X50/MPU9150.o
 .text.NVIC_EnableIRQ
                0x08000ce8       0x38 _Quadrocopter/Sensors/MPU9X50/MPU9150.o
 .text.NVIC002_EnableIRQ
                0x08000d20       0x20 _Quadrocopter/Sensors/MPU9X50/MPU9150.o
 .text.MPU9150_Setup
                0x08000d40       0x60 _Quadrocopter/Sensors/MPU9X50/MPU9150.o
                0x08000d40                MPU9150_Setup
 .text.MPU9150_Init
                0x08000da0      0x370 _Quadrocopter/Sensors/MPU9X50/MPU9150.o
                0x08000da0                MPU9150_Init
 .text.MPU9150_InitAK8975A
                0x08001110      0x180 _Quadrocopter/Sensors/MPU9X50/MPU9150.o
                0x08001110                MPU9150_InitAK8975A
 .text.MPU9150_Calibrate
                0x08001290      0x710 _Quadrocopter/Sensors/MPU9X50/MPU9150.o
                0x08001290                MPU9150_Calibrate
 .text.MPU9150_SelfTest
                0x080019a0      0x4f0 _Quadrocopter/Sensors/MPU9X50/MPU9150.o
                0x080019a0                MPU9150_SelfTest
 .text.getGres  0x08001e90       0x80 _Quadrocopter/Sensors/MPU9X50/MPU9150.o
                0x08001e90                getGres
 .text.getAres  0x08001f10       0x70 _Quadrocopter/Sensors/MPU9X50/MPU9150.o
                0x08001f10                getAres
 .text.GetSensorCount
                0x08001f80       0x18 _Quadrocopter/Sensors/MPU9X50/MPU9150.o
                0x08001f80                GetSensorCount
 .text.GetAngles
                0x08001f98      0x1c0 _Quadrocopter/Sensors/MPU9X50/MPU9150.o
                0x08001f98                GetAngles
 .text.GetMagData
                0x08002158       0x44 _Quadrocopter/Sensors/MPU9X50/MPU9150.o
                0x08002158                GetMagData
 .text.GetGyroData
                0x0800219c       0x6c _Quadrocopter/Sensors/MPU9X50/MPU9150.o
                0x0800219c                GetGyroData
 .text.GetAccData
                0x08002208       0x44 _Quadrocopter/Sensors/MPU9X50/MPU9150.o
                0x08002208                GetAccData
 .text.ERU1_0_IRQHandler
                0x0800224c      0x4f0 _Quadrocopter/Sensors/MPU9X50/MPU9150.o
                0x0800224c                ERU1_0_IRQHandler
 .text          0x0800273c        0x0 _Quadrocopter/Sensors/MPU9X50/Filter/QuaternionFilters.o
 .text.MadgwickQuaternionUpdate
                0x0800273c      0xd98 _Quadrocopter/Sensors/MPU9X50/Filter/QuaternionFilters.o
                0x0800273c                MadgwickQuaternionUpdate
 .text          0x080034d4        0x0 _Quadrocopter/Sensors/MPU9X50/Filter/kalman.o
 .text.KALMAN_getAngle
                0x080034d4      0x1ec _Quadrocopter/Sensors/MPU9X50/Filter/kalman.o
                0x080034d4                KALMAN_getAngle
 .text.KALMAN_Init
                0x080036c0       0x5c _Quadrocopter/Sensors/MPU9X50/Filter/kalman.o
                0x080036c0                KALMAN_Init
 .text.KALMAN_setAngle
                0x0800371c       0x1c _Quadrocopter/Sensors/MPU9X50/Filter/kalman.o
                0x0800371c                KALMAN_setAngle
 .text.KALMAN_getRate
                0x08003738       0x18 _Quadrocopter/Sensors/MPU9X50/Filter/kalman.o
                0x08003738                KALMAN_getRate
 .text.KALMAN_setQangle
                0x08003750       0x1c _Quadrocopter/Sensors/MPU9X50/Filter/kalman.o
                0x08003750                KALMAN_setQangle
 .text.KALMAN_setQbias
                0x0800376c       0x1c _Quadrocopter/Sensors/MPU9X50/Filter/kalman.o
                0x0800376c                KALMAN_setQbias
 .text.KALMAN_setRmeasure
                0x08003788       0x1c _Quadrocopter/Sensors/MPU9X50/Filter/kalman.o
                0x08003788                KALMAN_setRmeasure
 .text.KALMAN_getQangle
                0x080037a4       0x18 _Quadrocopter/Sensors/MPU9X50/Filter/kalman.o
                0x080037a4                KALMAN_getQangle
 .text.KALMAN_getQbias
                0x080037bc       0x18 _Quadrocopter/Sensors/MPU9X50/Filter/kalman.o
                0x080037bc                KALMAN_getQbias
 .text.KALMAN_getRmeasure
                0x080037d4       0x18 _Quadrocopter/Sensors/MPU9X50/Filter/kalman.o
                0x080037d4                KALMAN_getRmeasure
 .text          0x080037ec        0x0 _Quadrocopter/Sensors/DPS310/DPS310.o
 .text.ERU1_3_IRQHandler
                0x080037ec      0x168 _Quadrocopter/Sensors/DPS310/DPS310.o
                0x080037ec                ERU1_3_IRQHandler
 .text.setupDPS310
                0x08003954      0x1f8 _Quadrocopter/Sensors/DPS310/DPS310.o
                0x08003954                setupDPS310
 .text.updateValues
                0x08003b4c      0x308 _Quadrocopter/Sensors/DPS310/DPS310.o
                0x08003b4c                updateValues
 *fill*         0x08003e54        0x4 00
 .text.getCoefficients
                0x08003e58      0x920 _Quadrocopter/Sensors/DPS310/DPS310.o
                0x08003e58                getCoefficients
 .text.getPressure
                0x08004778       0x6c _Quadrocopter/Sensors/DPS310/DPS310.o
                0x08004778                getPressure
 .text.getTemperature
                0x080047e4       0x6c _Quadrocopter/Sensors/DPS310/DPS310.o
                0x080047e4                getTemperature
 .text.setRegister
                0x08004850       0x98 _Quadrocopter/Sensors/DPS310/DPS310.o
                0x08004850                setRegister
 .text          0x080048e8        0x0 _Quadrocopter/RemoteControl/RCReceive.o
 .text.mergeBytes
                0x080048e8       0x28 _Quadrocopter/RemoteControl/RCReceive.o
                0x080048e8                mergeBytes
 .text.CCU41_1_IRQHandler
                0x08004910       0x2c _Quadrocopter/RemoteControl/RCReceive.o
                0x08004910                CCU41_1_IRQHandler
 *fill*         0x0800493c        0x4 00
 .text.USIC1_0_IRQHandler
                0x08004940      0x338 _Quadrocopter/RemoteControl/RCReceive.o
                0x08004940                USIC1_0_IRQHandler
 .text.USIC0_3_IRQHandler
                0x08004c78      0x200 _Quadrocopter/RemoteControl/RCReceive.o
                0x08004c78                USIC0_3_IRQHandler
 .text.WatchRC  0x08004e78       0x88 _Quadrocopter/RemoteControl/RCReceive.o
                0x08004e78                WatchRC
 .text.WatchRC_Init
                0x08004f00       0x48 _Quadrocopter/RemoteControl/RCReceive.o
                0x08004f00                WatchRC_Init
 .text.GetRCCount
                0x08004f48       0x18 _Quadrocopter/RemoteControl/RCReceive.o
                0x08004f48                GetRCCount
 .text.GetRCData
                0x08004f60      0x124 _Quadrocopter/RemoteControl/RCReceive.o
                0x08004f60                GetRCData
 .text.map      0x08005084       0x38 _Quadrocopter/RemoteControl/RCReceive.o
                0x08005084                map
 .text          0x080050bc        0x0 _Quadrocopter/RemoteControl/BluetoothProtocol/BluetoothProtocol.o
 .text.initBluetoothStorage
                0x080050bc       0xb8 _Quadrocopter/RemoteControl/BluetoothProtocol/BluetoothProtocol.o
                0x080050bc                initBluetoothStorage
 .text.maintainBluetoothInputBuffer
                0x08005174      0x264 _Quadrocopter/RemoteControl/BluetoothProtocol/BluetoothProtocol.o
                0x08005174                maintainBluetoothInputBuffer
 .text          0x080053d8        0x0 _Quadrocopter/Dev/Altitude_Control.o
 .text.Calc_Alt
                0x080053d8       0x98 _Quadrocopter/Dev/Altitude_Control.o
                0x080053d8                Calc_Alt
 .text.Altitude_Controller
                0x08005470        0xc _Quadrocopter/Dev/Altitude_Control.o
                0x08005470                Altitude_Controller
 .text.CCU40_2_IRQHandler
                0x0800547c       0x30 _Quadrocopter/Dev/Altitude_Control.o
                0x0800547c                CCU40_2_IRQHandler
 .text          0x080054ac        0x0 _Quadrocopter/DaisyChain/DaisyChain.o
 .text.SendDaisyData
                0x080054ac       0xf4 _Quadrocopter/DaisyChain/DaisyChain.o
                0x080054ac                SendDaisyData
 .text          0x080055a0        0x0 _Quadrocopter/BatterySafety/BatterySafety.o
 .text.CCU41_0_IRQHandler
                0x080055a0       0x14 _Quadrocopter/BatterySafety/BatterySafety.o
                0x080055a0                CCU41_0_IRQHandler
 *fill*         0x080055b4        0x4 00
 .text.VADC0_C0_2_IRQHandler
                0x080055b8      0x268 _Quadrocopter/BatterySafety/BatterySafety.o
                0x080055b8                VADC0_C0_2_IRQHandler
 .text          0x08005820        0x0 _Quadrocopter/Attitude_Control/AttitudeController.o
 .text.AngleController
                0x08005820      0x150 _Quadrocopter/Attitude_Control/AttitudeController.o
                0x08005820                AngleController
 .text.AngleRateController
                0x08005970       0x90 _Quadrocopter/Attitude_Control/AttitudeController.o
                0x08005970                AngleRateController
 .text.CreatePulseWidth
                0x08005a00      0x228 _Quadrocopter/Attitude_Control/AttitudeController.o
                0x08005a00                CreatePulseWidth
 .text          0x08005c28       0xe2 Startup/startup_XMC4500.o
                0x08005c28                NMI_Handler
                0x08005c2a                HardFault_Handler
                0x08005c2c                MemManage_Handler
                0x08005c2e                BusFault_Handler
                0x08005c30                UsageFault_Handler
                0x08005c32                SVC_Handler
                0x08005c34                DebugMon_Handler
                0x08005c36                PendSV_Handler
                0x08005c3c                ERU0_0_IRQHandler
                0x08005c3e                ERU0_1_IRQHandler
                0x08005c40                ERU0_2_IRQHandler
                0x08005c42                ERU0_3_IRQHandler
                0x08005c46                ERU1_1_IRQHandler
                0x08005c48                ERU1_2_IRQHandler
                0x08005c4c                PMU0_0_IRQHandler
                0x08005c4e                VADC0_C0_0_IRQHandler
                0x08005c50                VADC0_C0_1_IRQHandler
                0x08005c54                VADC0_C0_3_IRQHandler
                0x08005c56                VADC0_G0_0_IRQHandler
                0x08005c58                VADC0_G0_1_IRQHandler
                0x08005c5a                VADC0_G0_2_IRQHandler
                0x08005c5c                VADC0_G0_3_IRQHandler
                0x08005c5e                VADC0_G1_0_IRQHandler
                0x08005c60                VADC0_G1_1_IRQHandler
                0x08005c62                VADC0_G1_2_IRQHandler
                0x08005c64                VADC0_G1_3_IRQHandler
                0x08005c66                VADC0_G2_0_IRQHandler
                0x08005c68                VADC0_G2_1_IRQHandler
                0x08005c6a                VADC0_G2_2_IRQHandler
                0x08005c6c                VADC0_G2_3_IRQHandler
                0x08005c6e                VADC0_G3_0_IRQHandler
                0x08005c70                VADC0_G3_1_IRQHandler
                0x08005c72                VADC0_G3_2_IRQHandler
                0x08005c74                VADC0_G3_3_IRQHandler
                0x08005c76                DSD0_0_IRQHandler
                0x08005c78                DSD0_1_IRQHandler
                0x08005c7a                DSD0_2_IRQHandler
                0x08005c7c                DSD0_3_IRQHandler
                0x08005c7e                DSD0_4_IRQHandler
                0x08005c80                DSD0_5_IRQHandler
                0x08005c82                DSD0_6_IRQHandler
                0x08005c84                DSD0_7_IRQHandler
                0x08005c86                DAC0_0_IRQHandler
                0x08005c88                DAC0_1_IRQHandler
                0x08005c96                CCU41_2_IRQHandler
                0x08005c98                CCU41_3_IRQHandler
                0x08005c9a                CCU42_0_IRQHandler
                0x08005c9c                CCU42_1_IRQHandler
                0x08005c9e                CCU42_2_IRQHandler
                0x08005ca0                CCU42_3_IRQHandler
                0x08005ca2                CCU43_0_IRQHandler
                0x08005ca4                CCU43_1_IRQHandler
                0x08005ca6                CCU43_2_IRQHandler
                0x08005ca8                CCU43_3_IRQHandler
                0x08005caa                CCU80_0_IRQHandler
                0x08005cac                CCU80_1_IRQHandler
                0x08005cae                CCU80_2_IRQHandler
                0x08005cb0                CCU80_3_IRQHandler
                0x08005cb2                CCU81_0_IRQHandler
                0x08005cb4                CCU81_1_IRQHandler
                0x08005cb6                CCU81_2_IRQHandler
                0x08005cb8                CCU81_3_IRQHandler
                0x08005cba                POSIF0_0_IRQHandler
                0x08005cbc                POSIF0_1_IRQHandler
                0x08005cbe                POSIF1_0_IRQHandler
                0x08005cc0                POSIF1_1_IRQHandler
                0x08005cc2                CAN0_0_IRQHandler
                0x08005cc4                CAN0_1_IRQHandler
                0x08005cc6                CAN0_2_IRQHandler
                0x08005cc8                CAN0_3_IRQHandler
                0x08005cca                CAN0_4_IRQHandler
                0x08005ccc                CAN0_5_IRQHandler
                0x08005cce                CAN0_6_IRQHandler
                0x08005cd0                CAN0_7_IRQHandler
                0x08005cd2                USIC0_0_IRQHandler
                0x08005cd4                USIC0_1_IRQHandler
                0x08005cd6                USIC0_2_IRQHandler
                0x08005cda                USIC0_4_IRQHandler
                0x08005ce0                USIC1_1_IRQHandler
                0x08005ce2                USIC1_2_IRQHandler
                0x08005ce4                USIC1_3_IRQHandler
                0x08005ce6                USIC1_4_IRQHandler
                0x08005ce8                USIC1_5_IRQHandler
                0x08005cea                USIC2_0_IRQHandler
                0x08005cec                USIC2_1_IRQHandler
                0x08005cf0                USIC2_3_IRQHandler
                0x08005cf2                USIC2_4_IRQHandler
                0x08005cf4                USIC2_5_IRQHandler
                0x08005cf6                LEDTS0_0_IRQHandler
                0x08005cf8                FCE0_0_IRQHandler
                0x08005cfa                GPDMA0_0_IRQHandler
                0x08005cfc                SDMMC0_0_IRQHandler
                0x08005d00                ETH0_0_IRQHandler
                0x08005d02                GPDMA1_0_IRQHandler
 .text          0x08005d0a        0x0 Startup/system_XMC4500.o
 *fill*         0x08005d0a        0x2 00
 .text.SystemInit
                0x08005d0c       0x9c Startup/system_XMC4500.o
                0x08005d0c                SystemInit
 .text.SystemCoreClockUpdate
                0x08005da8      0x148 Startup/system_XMC4500.o
                0x08005da8                SystemCoreClockUpdate
 .text.SystemClockSetup
                0x08005ef0      0x4cc Startup/system_XMC4500.o
 .text          0x080063bc        0x0 Main.o
 *fill*         0x080063bc        0x4 00
 .text.CCU40_1_IRQHandler
                0x080063c0      0x2a8 Main.o
                0x080063c0                CCU40_1_IRQHandler
 .text.Initialize
                0x08006668      0x47c Main.o
                0x08006668                Initialize
 .text.main     0x08006ae4      0x560 Main.o
                0x08006ae4                main
 .text.CCU40_3_IRQHandler
                0x08007044       0x84 Main.o
                0x08007044                CCU40_3_IRQHandler
 .text          0x080070c8        0x0 Lib/System_LibcStubs.o
 .text._open    0x080070c8       0x1c Lib/System_LibcStubs.o
                0x080070c8                _open
 .text._lseek   0x080070e4       0x1c Lib/System_LibcStubs.o
                0x080070e4                _lseek
 .text._read    0x08007100       0x1c Lib/System_LibcStubs.o
                0x08007100                _read
 .text._write   0x0800711c       0x1c Lib/System_LibcStubs.o
                0x0800711c                _write
 .text._close   0x08007138       0x10 Lib/System_LibcStubs.o
                0x08007138                _close
 .text._fstat   0x08007148       0x28 Lib/System_LibcStubs.o
                0x08007148                _fstat
 .text._link    0x08007170       0x28 Lib/System_LibcStubs.o
                0x08007170                _link
 .text._unlink  0x08007198       0x18 Lib/System_LibcStubs.o
                0x08007198                _unlink
 .text._sbrk    0x080071b0       0xa0 Lib/System_LibcStubs.o
                0x080071b0                _sbrk
 .text._times   0x08007250       0x18 Lib/System_LibcStubs.o
                0x08007250                _times
 .text._wait    0x08007268       0x18 Lib/System_LibcStubs.o
                0x08007268                _wait
 .text._kill    0x08007280       0x1c Lib/System_LibcStubs.o
                0x08007280                _kill
 .text._fork    0x0800729c       0x10 Lib/System_LibcStubs.o
                0x0800729c                _fork
 .text._getpid  0x080072ac       0x10 Lib/System_LibcStubs.o
                0x080072ac                _getpid
 .text._exit    0x080072bc        0xc Lib/System_LibcStubs.o
                0x080072bc                _exit
 .text._init    0x080072c8        0xc Lib/System_LibcStubs.o
                0x080072c8                _init
 .text._isatty  0x080072d4       0x18 Lib/System_LibcStubs.o
                0x080072d4                _isatty
 .text          0x080072ec        0x0 Dave/Generated/src/USBVC001/Descriptors.o
 .text.CALLBACK_USB_GetDescriptor
                0x080072ec       0x70 Dave/Generated/src/USBVC001/Descriptors.o
                0x080072ec                CALLBACK_USB_GetDescriptor
 .text          0x0800735c        0x0 Dave/Generated/src/USBVC001/USBVC001_Conf.o
 .text          0x0800735c        0x0 Dave/Generated/src/USBVC001/usbvc001.o
 .text.NVIC_EnableIRQ
                0x0800735c       0x38 Dave/Generated/src/USBVC001/usbvc001.o
 .text.NVIC_DisableIRQ
                0x08007394       0x3c Dave/Generated/src/USBVC001/usbvc001.o
 .text.USBVC001_Init
                0x080073d0       0x54 Dave/Generated/src/USBVC001/usbvc001.o
                0x080073d0                USBVC001_Init
 .text.USBVC001_SendByte
                0x08007424       0x50 Dave/Generated/src/USBVC001/usbvc001.o
                0x08007424                USBVC001_SendByte
 .text.USBVC001_SendData
                0x08007474       0x64 Dave/Generated/src/USBVC001/usbvc001.o
                0x08007474                USBVC001_SendData
 .text.USBVC001_SendString
                0x080074d8       0x50 Dave/Generated/src/USBVC001/usbvc001.o
                0x080074d8                USBVC001_SendString
 .text.USBVC001_ReceiveByte
                0x08007528       0x44 Dave/Generated/src/USBVC001/usbvc001.o
                0x08007528                USBVC001_ReceiveByte
 .text.USBVC001_ReceiveData
                0x0800756c       0x60 Dave/Generated/src/USBVC001/usbvc001.o
                0x0800756c                USBVC001_ReceiveData
 .text.USBVC001_GetLineEncoding
                0x080075cc       0x64 Dave/Generated/src/USBVC001/usbvc001.o
                0x080075cc                USBVC001_GetLineEncoding
 .text.USBVC001_BytesReceived
                0x08007630       0x44 Dave/Generated/src/USBVC001/usbvc001.o
                0x08007630                USBVC001_BytesReceived
 .text.EVENT_USB_Device_Connect
                0x08007674       0x18 Dave/Generated/src/USBVC001/usbvc001.o
                0x08007674                EVENT_USB_Device_Connect
 .text.EVENT_USB_Device_Disconnect
                0x0800768c       0x18 Dave/Generated/src/USBVC001/usbvc001.o
                0x0800768c                EVENT_USB_Device_Disconnect
 .text.EVENT_USB_Device_ConfigurationChanged
                0x080076a4       0x38 Dave/Generated/src/USBVC001/usbvc001.o
                0x080076a4                EVENT_USB_Device_ConfigurationChanged
 .text.EVENT_USB_Device_ControlRequest
                0x080076dc       0x30 Dave/Generated/src/USBVC001/usbvc001.o
                0x080076dc                EVENT_USB_Device_ControlRequest
 .text.EVENT_USB_Device_SetAddress
                0x0800770c       0x18 Dave/Generated/src/USBVC001/usbvc001.o
                0x0800770c                EVENT_USB_Device_SetAddress
 .text          0x08007724        0x0 Dave/Generated/src/USBLD001/usbld001_Conf.o
 .text          0x08007724        0x0 Dave/Generated/src/USBLD001/usbld001_delay.o
 .text.USBLD001_Timer_CallBack
                0x08007724       0x20 Dave/Generated/src/USBLD001/usbld001_delay.o
                0x08007724                USBLD001_Timer_CallBack
 .text.USBLD001_lDelay
                0x08007744       0x70 Dave/Generated/src/USBLD001/usbld001_delay.o
                0x08007744                USBLD001_lDelay
 .text          0x080077b4        0x0 Dave/Generated/src/USBLD001/dwc_common_port/dwc_common_linux.o
 .text.NVIC_EnableIRQ
                0x080077b4       0x38 Dave/Generated/src/USBLD001/dwc_common_port/dwc_common_linux.o
 .text.NVIC_DisableIRQ
                0x080077ec       0x3c Dave/Generated/src/USBLD001/dwc_common_port/dwc_common_linux.o
 .text.DWC_MEMSET
                0x08007828       0x28 Dave/Generated/src/USBLD001/dwc_common_port/dwc_common_linux.o
                0x08007828                DWC_MEMSET
 .text.DWC_MEMCPY
                0x08007850       0x24 Dave/Generated/src/USBLD001/dwc_common_port/dwc_common_linux.o
                0x08007850                DWC_MEMCPY
 .text.DWC_MEMMOVE
                0x08007874       0x24 Dave/Generated/src/USBLD001/dwc_common_port/dwc_common_linux.o
                0x08007874                DWC_MEMMOVE
 .text.DWC_MEMCMP
                0x08007898       0x24 Dave/Generated/src/USBLD001/dwc_common_port/dwc_common_linux.o
                0x08007898                DWC_MEMCMP
 .text.DWC_STRNCMP
                0x080078bc       0x24 Dave/Generated/src/USBLD001/dwc_common_port/dwc_common_linux.o
                0x080078bc                DWC_STRNCMP
 .text.DWC_STRCMP
                0x080078e0       0x20 Dave/Generated/src/USBLD001/dwc_common_port/dwc_common_linux.o
                0x080078e0                DWC_STRCMP
 .text.DWC_STRLEN
                0x08007900       0x1c Dave/Generated/src/USBLD001/dwc_common_port/dwc_common_linux.o
                0x08007900                DWC_STRLEN
 .text.DWC_STRCPY
                0x0800791c       0x20 Dave/Generated/src/USBLD001/dwc_common_port/dwc_common_linux.o
                0x0800791c                DWC_STRCPY
 .text.DWC_STRDUP
                0x0800793c       0x48 Dave/Generated/src/USBLD001/dwc_common_port/dwc_common_linux.o
                0x0800793c                DWC_STRDUP
 .text.__DWC_DMA_ALLOC
                0x08007984       0x30 Dave/Generated/src/USBLD001/dwc_common_port/dwc_common_linux.o
                0x08007984                __DWC_DMA_ALLOC
 .text.__DWC_DMA_ALLOC_ATOMIC
                0x080079b4       0x1c Dave/Generated/src/USBLD001/dwc_common_port/dwc_common_linux.o
                0x080079b4                __DWC_DMA_ALLOC_ATOMIC
 .text.__DWC_DMA_FREE
                0x080079d0       0x18 Dave/Generated/src/USBLD001/dwc_common_port/dwc_common_linux.o
                0x080079d0                __DWC_DMA_FREE
 .text.__DWC_ALLOC
                0x080079e8       0x38 Dave/Generated/src/USBLD001/dwc_common_port/dwc_common_linux.o
                0x080079e8                __DWC_ALLOC
 .text.__DWC_ALLOC_ATOMIC
                0x08007a20       0x1c Dave/Generated/src/USBLD001/dwc_common_port/dwc_common_linux.o
                0x08007a20                __DWC_ALLOC_ATOMIC
 .text.__DWC_FREE
                0x08007a3c       0x18 Dave/Generated/src/USBLD001/dwc_common_port/dwc_common_linux.o
                0x08007a3c                __DWC_FREE
 .text.DWC_CPU_TO_LE32
                0x08007a54       0x48 Dave/Generated/src/USBLD001/dwc_common_port/dwc_common_linux.o
                0x08007a54                DWC_CPU_TO_LE32
 .text.DWC_CPU_TO_BE32
                0x08007a9c       0x48 Dave/Generated/src/USBLD001/dwc_common_port/dwc_common_linux.o
                0x08007a9c                DWC_CPU_TO_BE32
 .text.DWC_LE32_TO_CPU
                0x08007ae4       0x48 Dave/Generated/src/USBLD001/dwc_common_port/dwc_common_linux.o
                0x08007ae4                DWC_LE32_TO_CPU
 .text.DWC_BE32_TO_CPU
                0x08007b2c       0x48 Dave/Generated/src/USBLD001/dwc_common_port/dwc_common_linux.o
                0x08007b2c                DWC_BE32_TO_CPU
 .text.DWC_CPU_TO_LE16
                0x08007b74       0x34 Dave/Generated/src/USBLD001/dwc_common_port/dwc_common_linux.o
                0x08007b74                DWC_CPU_TO_LE16
 .text.DWC_CPU_TO_BE16
                0x08007ba8       0x34 Dave/Generated/src/USBLD001/dwc_common_port/dwc_common_linux.o
                0x08007ba8                DWC_CPU_TO_BE16
 .text.DWC_LE16_TO_CPU
                0x08007bdc       0x34 Dave/Generated/src/USBLD001/dwc_common_port/dwc_common_linux.o
                0x08007bdc                DWC_LE16_TO_CPU
 .text.DWC_BE16_TO_CPU
                0x08007c10       0x34 Dave/Generated/src/USBLD001/dwc_common_port/dwc_common_linux.o
                0x08007c10                DWC_BE16_TO_CPU
 .text.DWC_READ_REG32
                0x08007c44       0x18 Dave/Generated/src/USBLD001/dwc_common_port/dwc_common_linux.o
                0x08007c44                DWC_READ_REG32
 .text.DWC_WRITE_REG32
                0x08007c5c       0x1c Dave/Generated/src/USBLD001/dwc_common_port/dwc_common_linux.o
                0x08007c5c                DWC_WRITE_REG32
 .text.DWC_MODIFY_REG32
                0x08007c78       0x30 Dave/Generated/src/USBLD001/dwc_common_port/dwc_common_linux.o
                0x08007c78                DWC_MODIFY_REG32
 .text.DWC_SPINLOCK_ALLOC
                0x08007ca8       0x10 Dave/Generated/src/USBLD001/dwc_common_port/dwc_common_linux.o
                0x08007ca8                DWC_SPINLOCK_ALLOC
 .text.DWC_SPINLOCK_FREE
                0x08007cb8       0x14 Dave/Generated/src/USBLD001/dwc_common_port/dwc_common_linux.o
                0x08007cb8                DWC_SPINLOCK_FREE
 .text.DWC_SPINLOCK
                0x08007ccc       0x14 Dave/Generated/src/USBLD001/dwc_common_port/dwc_common_linux.o
                0x08007ccc                DWC_SPINLOCK
 .text.DWC_SPINUNLOCK
                0x08007ce0       0x14 Dave/Generated/src/USBLD001/dwc_common_port/dwc_common_linux.o
                0x08007ce0                DWC_SPINUNLOCK
 .text.DWC_SPINLOCK_IRQSAVE
                0x08007cf4       0x1c Dave/Generated/src/USBLD001/dwc_common_port/dwc_common_linux.o
                0x08007cf4                DWC_SPINLOCK_IRQSAVE
 .text.DWC_SPINUNLOCK_IRQRESTORE
                0x08007d10       0x1c Dave/Generated/src/USBLD001/dwc_common_port/dwc_common_linux.o
                0x08007d10                DWC_SPINUNLOCK_IRQRESTORE
 .text.DWC_MUTEX_ALLOC
                0x08007d2c       0x10 Dave/Generated/src/USBLD001/dwc_common_port/dwc_common_linux.o
                0x08007d2c                DWC_MUTEX_ALLOC
 .text.DWC_MUTEX_FREE
                0x08007d3c       0x14 Dave/Generated/src/USBLD001/dwc_common_port/dwc_common_linux.o
                0x08007d3c                DWC_MUTEX_FREE
 .text.DWC_MUTEX_LOCK
                0x08007d50       0x18 Dave/Generated/src/USBLD001/dwc_common_port/dwc_common_linux.o
                0x08007d50                DWC_MUTEX_LOCK
 .text.DWC_MUTEX_TRYLOCK
                0x08007d68       0x18 Dave/Generated/src/USBLD001/dwc_common_port/dwc_common_linux.o
                0x08007d68                DWC_MUTEX_TRYLOCK
 .text.DWC_MUTEX_UNLOCK
                0x08007d80       0x18 Dave/Generated/src/USBLD001/dwc_common_port/dwc_common_linux.o
                0x08007d80                DWC_MUTEX_UNLOCK
 .text.DWC_UDELAY
                0x08007d98       0x44 Dave/Generated/src/USBLD001/dwc_common_port/dwc_common_linux.o
                0x08007d98                DWC_UDELAY
 .text.DWC_MDELAY
                0x08007ddc       0x18 Dave/Generated/src/USBLD001/dwc_common_port/dwc_common_linux.o
                0x08007ddc                DWC_MDELAY
 .text.DWC_MSLEEP
                0x08007df4       0x1c Dave/Generated/src/USBLD001/dwc_common_port/dwc_common_linux.o
                0x08007df4                DWC_MSLEEP
 .text.DWC_TIME
                0x08007e10       0x10 Dave/Generated/src/USBLD001/dwc_common_port/dwc_common_linux.o
                0x08007e10                DWC_TIME
 .text.DWC_TIMER_ALLOC
                0x08007e20       0x40 Dave/Generated/src/USBLD001/dwc_common_port/dwc_common_linux.o
                0x08007e20                DWC_TIMER_ALLOC
 .text.DWC_TIMER_FREE
                0x08007e60       0x20 Dave/Generated/src/USBLD001/dwc_common_port/dwc_common_linux.o
                0x08007e60                DWC_TIMER_FREE
 .text.DWC_TIMER_SCHEDULE
                0x08007e80       0x14 Dave/Generated/src/USBLD001/dwc_common_port/dwc_common_linux.o
                0x08007e80                DWC_TIMER_SCHEDULE
 .text.DWC_TIMER_CANCEL
                0x08007e94       0x14 Dave/Generated/src/USBLD001/dwc_common_port/dwc_common_linux.o
                0x08007e94                DWC_TIMER_CANCEL
 .text.DWC_WAITQ_ALLOC
                0x08007ea8       0x10 Dave/Generated/src/USBLD001/dwc_common_port/dwc_common_linux.o
                0x08007ea8                DWC_WAITQ_ALLOC
 .text.DWC_WAITQ_FREE
                0x08007eb8       0x14 Dave/Generated/src/USBLD001/dwc_common_port/dwc_common_linux.o
                0x08007eb8                DWC_WAITQ_FREE
 .text.DWC_WAITQ_WAIT
                0x08007ecc       0x1c Dave/Generated/src/USBLD001/dwc_common_port/dwc_common_linux.o
                0x08007ecc                DWC_WAITQ_WAIT
 .text.DWC_WAITQ_WAIT_TIMEOUT
                0x08007ee8       0x20 Dave/Generated/src/USBLD001/dwc_common_port/dwc_common_linux.o
                0x08007ee8                DWC_WAITQ_WAIT_TIMEOUT
 .text.DWC_WAITQ_TRIGGER
                0x08007f08       0x14 Dave/Generated/src/USBLD001/dwc_common_port/dwc_common_linux.o
                0x08007f08                DWC_WAITQ_TRIGGER
 .text.DWC_WAITQ_ABORT
                0x08007f1c       0x14 Dave/Generated/src/USBLD001/dwc_common_port/dwc_common_linux.o
                0x08007f1c                DWC_WAITQ_ABORT
 .text.DWC_THREAD_RUN
                0x08007f30       0x1c Dave/Generated/src/USBLD001/dwc_common_port/dwc_common_linux.o
                0x08007f30                DWC_THREAD_RUN
 .text.DWC_THREAD_STOP
                0x08007f4c       0x18 Dave/Generated/src/USBLD001/dwc_common_port/dwc_common_linux.o
                0x08007f4c                DWC_THREAD_STOP
 .text.DWC_THREAD_SHOULD_STOP
                0x08007f64       0x10 Dave/Generated/src/USBLD001/dwc_common_port/dwc_common_linux.o
                0x08007f64                DWC_THREAD_SHOULD_STOP
 .text.DWC_TASK_ALLOC
                0x08007f74       0x38 Dave/Generated/src/USBLD001/dwc_common_port/dwc_common_linux.o
                0x08007f74                DWC_TASK_ALLOC
 .text.DWC_TASK_FREE
                0x08007fac       0x20 Dave/Generated/src/USBLD001/dwc_common_port/dwc_common_linux.o
                0x08007fac                DWC_TASK_FREE
 .text.DWC_TASK_SCHEDULE
                0x08007fcc       0x14 Dave/Generated/src/USBLD001/dwc_common_port/dwc_common_linux.o
                0x08007fcc                DWC_TASK_SCHEDULE
 .text.DWC_WORKQ_WAIT_WORK_DONE
                0x08007fe0       0x1c Dave/Generated/src/USBLD001/dwc_common_port/dwc_common_linux.o
                0x08007fe0                DWC_WORKQ_WAIT_WORK_DONE
 .text.DWC_WORKQ_ALLOC
                0x08007ffc       0x30 Dave/Generated/src/USBLD001/dwc_common_port/dwc_common_linux.o
                0x08007ffc                DWC_WORKQ_ALLOC
 .text.DWC_WORKQ_FREE
                0x0800802c       0x20 Dave/Generated/src/USBLD001/dwc_common_port/dwc_common_linux.o
                0x0800802c                DWC_WORKQ_FREE
 .text.DWC_WORKQ_SCHEDULE
                0x0800804c       0x1c Dave/Generated/src/USBLD001/dwc_common_port/dwc_common_linux.o
                0x0800804c                DWC_WORKQ_SCHEDULE
 .text.DWC_WORKQ_SCHEDULE_DELAYED
                0x08008068       0x18 Dave/Generated/src/USBLD001/dwc_common_port/dwc_common_linux.o
                0x08008068                DWC_WORKQ_SCHEDULE_DELAYED
 .text.DWC_WORKQ_PENDING
                0x08008080       0x18 Dave/Generated/src/USBLD001/dwc_common_port/dwc_common_linux.o
                0x08008080                DWC_WORKQ_PENDING
 .text          0x08008098        0x0 Dave/Generated/src/USBLD001/driver/dwc_otg_adp.o
 .text.dwc_otg_read_hprt0
                0x08008098       0x44 Dave/Generated/src/USBLD001/driver/dwc_otg_adp.o
 .text.cil_hcd_start
                0x080080dc       0x34 Dave/Generated/src/USBLD001/driver/dwc_otg_adp.o
 .text.cil_hcd_session_start
                0x08008110       0x34 Dave/Generated/src/USBLD001/driver/dwc_otg_adp.o
 .text.cil_pcd_start
                0x08008144       0x34 Dave/Generated/src/USBLD001/driver/dwc_otg_adp.o
 .text.dwc_otg_adp_write_reg
                0x08008178       0x54 Dave/Generated/src/USBLD001/driver/dwc_otg_adp.o
                0x08008178                dwc_otg_adp_write_reg
 .text.dwc_otg_adp_read_reg
                0x080081cc       0x58 Dave/Generated/src/USBLD001/driver/dwc_otg_adp.o
                0x080081cc                dwc_otg_adp_read_reg
 .text.dwc_otg_adp_modify_reg
                0x08008224       0x30 Dave/Generated/src/USBLD001/driver/dwc_otg_adp.o
                0x08008224                dwc_otg_adp_modify_reg
 .text.adp_sense_timeout
                0x08008254       0x34 Dave/Generated/src/USBLD001/driver/dwc_otg_adp.o
 .text.adp_vbuson_timeout
                0x08008288      0x14c Dave/Generated/src/USBLD001/driver/dwc_otg_adp.o
 .text.dwc_otg_adp_vbuson_timer_start
                0x080083d4       0x2c Dave/Generated/src/USBLD001/driver/dwc_otg_adp.o
                0x080083d4                dwc_otg_adp_vbuson_timer_start
 .text.mask_all_interrupts
                0x08008400      0x29c Dave/Generated/src/USBLD001/driver/dwc_otg_adp.o
 .text.unmask_sess_req_intr
                0x0800869c       0x30 Dave/Generated/src/USBLD001/driver/dwc_otg_adp.o
 .text.dwc_otg_adp_probe_start
                0x080086cc       0xc4 Dave/Generated/src/USBLD001/driver/dwc_otg_adp.o
                0x080086cc                dwc_otg_adp_probe_start
 .text.dwc_otg_adp_sense_timer_start
                0x08008790       0x2c Dave/Generated/src/USBLD001/driver/dwc_otg_adp.o
                0x08008790                dwc_otg_adp_sense_timer_start
 .text.dwc_otg_adp_sense_start
                0x080087bc       0x78 Dave/Generated/src/USBLD001/driver/dwc_otg_adp.o
                0x080087bc                dwc_otg_adp_sense_start
 .text.dwc_otg_adp_probe_stop
                0x08008834       0x5c Dave/Generated/src/USBLD001/driver/dwc_otg_adp.o
                0x08008834                dwc_otg_adp_probe_stop
 .text.dwc_otg_adp_sense_stop
                0x08008890       0x5c Dave/Generated/src/USBLD001/driver/dwc_otg_adp.o
                0x08008890                dwc_otg_adp_sense_stop
 .text.dwc_otg_adp_turnon_vbus
                0x080088ec       0x38 Dave/Generated/src/USBLD001/driver/dwc_otg_adp.o
                0x080088ec                dwc_otg_adp_turnon_vbus
 .text.dwc_otg_adp_start
                0x08008924       0xdc Dave/Generated/src/USBLD001/driver/dwc_otg_adp.o
                0x08008924                dwc_otg_adp_start
 .text.dwc_otg_adp_init
                0x08008a00       0x9c Dave/Generated/src/USBLD001/driver/dwc_otg_adp.o
                0x08008a00                dwc_otg_adp_init
 .text.dwc_otg_adp_remove
                0x08008a9c       0x28 Dave/Generated/src/USBLD001/driver/dwc_otg_adp.o
                0x08008a9c                dwc_otg_adp_remove
 .text.set_timer_value
                0x08008ac4       0x54 Dave/Generated/src/USBLD001/driver/dwc_otg_adp.o
 .text.compare_timer_values
                0x08008b18       0x30 Dave/Generated/src/USBLD001/driver/dwc_otg_adp.o
 .text.dwc_otg_adp_handle_prb_tmout_intr
                0x08008b48      0x25c Dave/Generated/src/USBLD001/driver/dwc_otg_adp.o
 .text.dwc_otg_adp_handle_sns_intr
                0x08008da4       0x28 Dave/Generated/src/USBLD001/driver/dwc_otg_adp.o
 .text.dwc_otg_adp_handle_intr
                0x08008dcc       0xb8 Dave/Generated/src/USBLD001/driver/dwc_otg_adp.o
                0x08008dcc                dwc_otg_adp_handle_intr
 .text.dwc_otg_adp_handle_srp_intr
                0x08008e84      0x12c Dave/Generated/src/USBLD001/driver/dwc_otg_adp.o
                0x08008e84                dwc_otg_adp_handle_srp_intr
 .text          0x08008fb0        0x0 Dave/Generated/src/USBLD001/driver/dwc_otg_cil.o
 .text.dwc_otg_read_hprt0
                0x08008fb0       0x44 Dave/Generated/src/USBLD001/driver/dwc_otg_cil.o
 .text.dwc_otg_mode
                0x08008ff4       0x28 Dave/Generated/src/USBLD001/driver/dwc_otg_cil.o
 .text.dwc_otg_cil_init
                0x0800901c      0x2ec Dave/Generated/src/USBLD001/driver/dwc_otg_cil.o
                0x0800901c                dwc_otg_cil_init
 .text.dwc_otg_cil_remove
                0x08009308       0xd8 Dave/Generated/src/USBLD001/driver/dwc_otg_cil.o
                0x08009308                dwc_otg_cil_remove
 .text.dwc_otg_enable_global_interrupts
                0x080093e0       0x34 Dave/Generated/src/USBLD001/driver/dwc_otg_cil.o
                0x080093e0                dwc_otg_enable_global_interrupts
 .text.dwc_otg_disable_global_interrupts
                0x08009414       0x34 Dave/Generated/src/USBLD001/driver/dwc_otg_cil.o
                0x08009414                dwc_otg_disable_global_interrupts
 .text.dwc_otg_enable_common_interrupts
                0x08009448       0x90 Dave/Generated/src/USBLD001/driver/dwc_otg_cil.o
 .text.dwc_otg_device_hibernation_restore
                0x080094d8      0x384 Dave/Generated/src/USBLD001/driver/dwc_otg_cil.o
                0x080094d8                dwc_otg_device_hibernation_restore
 .text.dwc_otg_host_hibernation_restore
                0x0800985c      0x3e4 Dave/Generated/src/USBLD001/driver/dwc_otg_cil.o
                0x0800985c                dwc_otg_host_hibernation_restore
 .text.dwc_otg_save_global_regs
                0x08009c40      0x148 Dave/Generated/src/USBLD001/driver/dwc_otg_cil.o
                0x08009c40                dwc_otg_save_global_regs
 .text.dwc_otg_save_gintmsk_reg
                0x08009d88       0x60 Dave/Generated/src/USBLD001/driver/dwc_otg_cil.o
                0x08009d88                dwc_otg_save_gintmsk_reg
 .text.dwc_otg_save_dev_regs
                0x08009de8      0x1bc Dave/Generated/src/USBLD001/driver/dwc_otg_cil.o
                0x08009de8                dwc_otg_save_dev_regs
 .text.dwc_otg_save_host_regs
                0x08009fa4       0xfc Dave/Generated/src/USBLD001/driver/dwc_otg_cil.o
                0x08009fa4                dwc_otg_save_host_regs
 .text.dwc_otg_restore_global_regs
                0x0800a0a0      0x13c Dave/Generated/src/USBLD001/driver/dwc_otg_cil.o
                0x0800a0a0                dwc_otg_restore_global_regs
 .text.dwc_otg_restore_dev_regs
                0x0800a1dc      0x174 Dave/Generated/src/USBLD001/driver/dwc_otg_cil.o
                0x0800a1dc                dwc_otg_restore_dev_regs
 .text.dwc_otg_restore_host_regs
                0x0800a350       0x9c Dave/Generated/src/USBLD001/driver/dwc_otg_cil.o
                0x0800a350                dwc_otg_restore_host_regs
 .text.restore_lpm_i2c_regs
                0x0800a3ec       0x34 Dave/Generated/src/USBLD001/driver/dwc_otg_cil.o
                0x0800a3ec                restore_lpm_i2c_regs
 .text.restore_essential_regs
                0x0800a420      0x214 Dave/Generated/src/USBLD001/driver/dwc_otg_cil.o
                0x0800a420                restore_essential_regs
 .text.init_fslspclksel
                0x0800a634       0x8c Dave/Generated/src/USBLD001/driver/dwc_otg_cil.o
 .text.init_devspd
                0x0800a6c0       0x9c Dave/Generated/src/USBLD001/driver/dwc_otg_cil.o
 .text.calc_num_in_eps
                0x0800a75c       0x90 Dave/Generated/src/USBLD001/driver/dwc_otg_cil.o
 .text.calc_num_out_eps
                0x0800a7ec       0x68 Dave/Generated/src/USBLD001/driver/dwc_otg_cil.o
 .text.dwc_otg_core_init
                0x0800a854      0x724 Dave/Generated/src/USBLD001/driver/dwc_otg_cil.o
                0x0800a854                dwc_otg_core_init
 .text.dwc_otg_enable_device_interrupts
                0x0800af78       0x9c Dave/Generated/src/USBLD001/driver/dwc_otg_cil.o
                0x0800af78                dwc_otg_enable_device_interrupts
 .text.dwc_otg_core_dev_init
                0x0800b014      0x6bc Dave/Generated/src/USBLD001/driver/dwc_otg_cil.o
                0x0800b014                dwc_otg_core_dev_init
 .text.dwc_otg_enable_host_interrupts
                0x0800b6d0       0x84 Dave/Generated/src/USBLD001/driver/dwc_otg_cil.o
                0x0800b6d0                dwc_otg_enable_host_interrupts
 .text.dwc_otg_disable_host_interrupts
                0x0800b754       0x58 Dave/Generated/src/USBLD001/driver/dwc_otg_cil.o
                0x0800b754                dwc_otg_disable_host_interrupts
 .text.dwc_otg_core_host_init
                0x0800b7ac      0x3a0 Dave/Generated/src/USBLD001/driver/dwc_otg_cil.o
                0x0800b7ac                dwc_otg_core_host_init
 .text.dwc_otg_hc_init
                0x0800bb4c      0x3c4 Dave/Generated/src/USBLD001/driver/dwc_otg_cil.o
                0x0800bb4c                dwc_otg_hc_init
 .text.dwc_otg_hc_halt
                0x0800bf10      0x168 Dave/Generated/src/USBLD001/driver/dwc_otg_cil.o
                0x0800bf10                dwc_otg_hc_halt
 .text.dwc_otg_hc_cleanup
                0x0800c078       0x4c Dave/Generated/src/USBLD001/driver/dwc_otg_cil.o
                0x0800c078                dwc_otg_hc_cleanup
 .text.hc_set_even_odd_frame
                0x0800c0c4       0x60 Dave/Generated/src/USBLD001/driver/dwc_otg_cil.o
 .text.set_pid_isoc
                0x0800c124       0xa8 Dave/Generated/src/USBLD001/driver/dwc_otg_cil.o
                0x0800c124                set_pid_isoc
 .text.dwc_otg_hc_start_transfer
                0x0800c1cc      0x364 Dave/Generated/src/USBLD001/driver/dwc_otg_cil.o
                0x0800c1cc                dwc_otg_hc_start_transfer
 .text.dwc_otg_hc_start_transfer_ddma
                0x0800c530      0x11c Dave/Generated/src/USBLD001/driver/dwc_otg_cil.o
                0x0800c530                dwc_otg_hc_start_transfer_ddma
 .text.dwc_otg_hc_continue_transfer
                0x0800c64c      0x120 Dave/Generated/src/USBLD001/driver/dwc_otg_cil.o
                0x0800c64c                dwc_otg_hc_continue_transfer
 .text.dwc_otg_hc_do_ping
                0x0800c76c       0x78 Dave/Generated/src/USBLD001/driver/dwc_otg_cil.o
                0x0800c76c                dwc_otg_hc_do_ping
 .text.dwc_otg_hc_write_packet
                0x0800c7e4      0x110 Dave/Generated/src/USBLD001/driver/dwc_otg_cil.o
                0x0800c7e4                dwc_otg_hc_write_packet
 .text.dwc_otg_get_frame_number
                0x0800c8f4       0x30 Dave/Generated/src/USBLD001/driver/dwc_otg_cil.o
                0x0800c8f4                dwc_otg_get_frame_number
 .text.calc_frame_interval
                0x0800c924      0x1a8 Dave/Generated/src/USBLD001/driver/dwc_otg_cil.o
                0x0800c924                calc_frame_interval
 .text.dwc_otg_read_setup_packet
                0x0800cacc       0x38 Dave/Generated/src/USBLD001/driver/dwc_otg_cil.o
                0x0800cacc                dwc_otg_read_setup_packet
 .text.dwc_otg_ep0_activate
                0x0800cb04       0xb8 Dave/Generated/src/USBLD001/driver/dwc_otg_cil.o
                0x0800cb04                dwc_otg_ep0_activate
 .text.dwc_otg_ep_activate
                0x0800cbbc      0x1d8 Dave/Generated/src/USBLD001/driver/dwc_otg_cil.o
                0x0800cbbc                dwc_otg_ep_activate
 .text.dwc_otg_ep_deactivate
                0x0800cd94      0x148 Dave/Generated/src/USBLD001/driver/dwc_otg_cil.o
                0x0800cd94                dwc_otg_ep_deactivate
 .text.init_dma_desc_chain
                0x0800cedc      0x1b4 Dave/Generated/src/USBLD001/driver/dwc_otg_cil.o
 .text.dwc_otg_ep_start_transfer
                0x0800d090      0x43c Dave/Generated/src/USBLD001/driver/dwc_otg_cil.o
                0x0800d090                dwc_otg_ep_start_transfer
 .text.dwc_otg_ep_start_zl_transfer
                0x0800d4cc      0x224 Dave/Generated/src/USBLD001/driver/dwc_otg_cil.o
                0x0800d4cc                dwc_otg_ep_start_zl_transfer
 .text.dwc_otg_ep0_start_transfer
                0x0800d6f0      0x3b8 Dave/Generated/src/USBLD001/driver/dwc_otg_cil.o
                0x0800d6f0                dwc_otg_ep0_start_transfer
 .text.dwc_otg_ep0_continue_transfer
                0x0800daa8      0x384 Dave/Generated/src/USBLD001/driver/dwc_otg_cil.o
                0x0800daa8                dwc_otg_ep0_continue_transfer
 .text.dwc_otg_ep_write_packet
                0x0800de2c      0x104 Dave/Generated/src/USBLD001/driver/dwc_otg_cil.o
                0x0800de2c                dwc_otg_ep_write_packet
 .text.dwc_otg_ep_set_stall
                0x0800df30       0x98 Dave/Generated/src/USBLD001/driver/dwc_otg_cil.o
                0x0800df30                dwc_otg_ep_set_stall
 .text.dwc_otg_ep_clear_stall
                0x0800dfc8       0x8c Dave/Generated/src/USBLD001/driver/dwc_otg_cil.o
                0x0800dfc8                dwc_otg_ep_clear_stall
 .text.dwc_otg_read_packet
                0x0800e054       0x64 Dave/Generated/src/USBLD001/driver/dwc_otg_cil.o
                0x0800e054                dwc_otg_read_packet
 .text.dwc_otg_dump_dev_registers
                0x0800e0b8       0x14 Dave/Generated/src/USBLD001/driver/dwc_otg_cil.o
                0x0800e0b8                dwc_otg_dump_dev_registers
 .text.dwc_otg_dump_spram
                0x0800e0cc       0x4c Dave/Generated/src/USBLD001/driver/dwc_otg_cil.o
                0x0800e0cc                dwc_otg_dump_spram
 .text.dwc_otg_dump_host_registers
                0x0800e118       0x14 Dave/Generated/src/USBLD001/driver/dwc_otg_cil.o
                0x0800e118                dwc_otg_dump_host_registers
 .text.dwc_otg_dump_global_registers
                0x0800e12c       0x14 Dave/Generated/src/USBLD001/driver/dwc_otg_cil.o
                0x0800e12c                dwc_otg_dump_global_registers
 .text.dwc_otg_flush_tx_fifo
                0x0800e140       0x90 Dave/Generated/src/USBLD001/driver/dwc_otg_cil.o
                0x0800e140                dwc_otg_flush_tx_fifo
 .text.dwc_otg_flush_rx_fifo
                0x0800e1d0       0x7c Dave/Generated/src/USBLD001/driver/dwc_otg_cil.o
                0x0800e1d0                dwc_otg_flush_rx_fifo
 .text.dwc_otg_core_reset
                0x0800e24c       0xbc Dave/Generated/src/USBLD001/driver/dwc_otg_cil.o
                0x0800e24c                dwc_otg_core_reset
 .text.dwc_otg_is_device_mode
                0x0800e308       0x24 Dave/Generated/src/USBLD001/driver/dwc_otg_cil.o
                0x0800e308                dwc_otg_is_device_mode
 .text.dwc_otg_is_host_mode
                0x0800e32c       0x24 Dave/Generated/src/USBLD001/driver/dwc_otg_cil.o
                0x0800e32c                dwc_otg_is_host_mode
 .text.dwc_otg_cil_register_hcd_callbacks
                0x0800e350       0x24 Dave/Generated/src/USBLD001/driver/dwc_otg_cil.o
                0x0800e350                dwc_otg_cil_register_hcd_callbacks
 .text.dwc_otg_cil_register_pcd_callbacks
                0x0800e374       0x24 Dave/Generated/src/USBLD001/driver/dwc_otg_cil.o
                0x0800e374                dwc_otg_cil_register_pcd_callbacks
 .text.dwc_otg_set_uninitialized
                0x0800e398       0x3c Dave/Generated/src/USBLD001/driver/dwc_otg_cil.o
 .text.dwc_otg_param_initialized
                0x0800e3d4       0x24 Dave/Generated/src/USBLD001/driver/dwc_otg_cil.o
 .text.dwc_otg_setup_params
                0x0800e3f8      0x214 Dave/Generated/src/USBLD001/driver/dwc_otg_cil.o
 .text.dwc_otg_is_dma_enable
                0x0800e60c       0x1c Dave/Generated/src/USBLD001/driver/dwc_otg_cil.o
                0x0800e60c                dwc_otg_is_dma_enable
 .text.dwc_otg_set_param_otg_cap
                0x0800e628      0x11c Dave/Generated/src/USBLD001/driver/dwc_otg_cil.o
                0x0800e628                dwc_otg_set_param_otg_cap
 .text.dwc_otg_get_param_otg_cap
                0x0800e744       0x1c Dave/Generated/src/USBLD001/driver/dwc_otg_cil.o
                0x0800e744                dwc_otg_get_param_otg_cap
 .text.dwc_otg_set_param_opt
                0x0800e760       0x34 Dave/Generated/src/USBLD001/driver/dwc_otg_cil.o
                0x0800e760                dwc_otg_set_param_opt
 .text.dwc_otg_get_param_opt
                0x0800e794       0x1c Dave/Generated/src/USBLD001/driver/dwc_otg_cil.o
                0x0800e794                dwc_otg_get_param_opt
 .text.dwc_otg_set_param_dma_enable
                0x0800e7b0       0x74 Dave/Generated/src/USBLD001/driver/dwc_otg_cil.o
                0x0800e7b0                dwc_otg_set_param_dma_enable
 .text.dwc_otg_get_param_dma_enable
                0x0800e824       0x1c Dave/Generated/src/USBLD001/driver/dwc_otg_cil.o
                0x0800e824                dwc_otg_get_param_dma_enable
 .text.dwc_otg_set_param_dma_desc_enable
                0x0800e840       0x70 Dave/Generated/src/USBLD001/driver/dwc_otg_cil.o
                0x0800e840                dwc_otg_set_param_dma_desc_enable
 .text.dwc_otg_get_param_dma_desc_enable
                0x0800e8b0       0x1c Dave/Generated/src/USBLD001/driver/dwc_otg_cil.o
                0x0800e8b0                dwc_otg_get_param_dma_desc_enable
 .text.dwc_otg_set_param_host_support_fs_ls_low_power
                0x0800e8cc       0x34 Dave/Generated/src/USBLD001/driver/dwc_otg_cil.o
                0x0800e8cc                dwc_otg_set_param_host_support_fs_ls_low_power
 .text.dwc_otg_get_param_host_support_fs_ls_low_power
                0x0800e900       0x1c Dave/Generated/src/USBLD001/driver/dwc_otg_cil.o
                0x0800e900                dwc_otg_get_param_host_support_fs_ls_low_power
 .text.dwc_otg_set_param_enable_dynamic_fifo
                0x0800e91c       0x64 Dave/Generated/src/USBLD001/driver/dwc_otg_cil.o
                0x0800e91c                dwc_otg_set_param_enable_dynamic_fifo
 .text.dwc_otg_get_param_enable_dynamic_fifo
                0x0800e980       0x1c Dave/Generated/src/USBLD001/driver/dwc_otg_cil.o
                0x0800e980                dwc_otg_get_param_enable_dynamic_fifo
 .text.dwc_otg_set_param_data_fifo_size
                0x0800e99c       0x60 Dave/Generated/src/USBLD001/driver/dwc_otg_cil.o
                0x0800e99c                dwc_otg_set_param_data_fifo_size
 .text.dwc_otg_get_param_data_fifo_size
                0x0800e9fc       0x1c Dave/Generated/src/USBLD001/driver/dwc_otg_cil.o
                0x0800e9fc                dwc_otg_get_param_data_fifo_size
 .text.dwc_otg_set_param_dev_rx_fifo_size
                0x0800ea18       0x74 Dave/Generated/src/USBLD001/driver/dwc_otg_cil.o
                0x0800ea18                dwc_otg_set_param_dev_rx_fifo_size
 .text.dwc_otg_get_param_dev_rx_fifo_size
                0x0800ea8c       0x1c Dave/Generated/src/USBLD001/driver/dwc_otg_cil.o
                0x0800ea8c                dwc_otg_get_param_dev_rx_fifo_size
 .text.dwc_otg_set_param_dev_nperio_tx_fifo_size
                0x0800eaa8       0x7c Dave/Generated/src/USBLD001/driver/dwc_otg_cil.o
                0x0800eaa8                dwc_otg_set_param_dev_nperio_tx_fifo_size
 .text.dwc_otg_get_param_dev_nperio_tx_fifo_size
                0x0800eb24       0x1c Dave/Generated/src/USBLD001/driver/dwc_otg_cil.o
                0x0800eb24                dwc_otg_get_param_dev_nperio_tx_fifo_size
 .text.dwc_otg_set_param_host_rx_fifo_size
                0x0800eb40       0x74 Dave/Generated/src/USBLD001/driver/dwc_otg_cil.o
                0x0800eb40                dwc_otg_set_param_host_rx_fifo_size
 .text.dwc_otg_get_param_host_rx_fifo_size
                0x0800ebb4       0x1c Dave/Generated/src/USBLD001/driver/dwc_otg_cil.o
                0x0800ebb4                dwc_otg_get_param_host_rx_fifo_size
 .text.dwc_otg_set_param_host_nperio_tx_fifo_size
                0x0800ebd0       0x7c Dave/Generated/src/USBLD001/driver/dwc_otg_cil.o
                0x0800ebd0                dwc_otg_set_param_host_nperio_tx_fifo_size
 .text.dwc_otg_get_param_host_nperio_tx_fifo_size
                0x0800ec4c       0x1c Dave/Generated/src/USBLD001/driver/dwc_otg_cil.o
                0x0800ec4c                dwc_otg_get_param_host_nperio_tx_fifo_size
 .text.dwc_otg_set_param_host_perio_tx_fifo_size
                0x0800ec68       0x7c Dave/Generated/src/USBLD001/driver/dwc_otg_cil.o
                0x0800ec68                dwc_otg_set_param_host_perio_tx_fifo_size
 .text.dwc_otg_get_param_host_perio_tx_fifo_size
                0x0800ece4       0x1c Dave/Generated/src/USBLD001/driver/dwc_otg_cil.o
                0x0800ece4                dwc_otg_get_param_host_perio_tx_fifo_size
 .text.dwc_otg_set_param_max_transfer_size
                0x0800ed00       0x8c Dave/Generated/src/USBLD001/driver/dwc_otg_cil.o
                0x0800ed00                dwc_otg_set_param_max_transfer_size
 .text.dwc_otg_get_param_max_transfer_size
                0x0800ed8c       0x1c Dave/Generated/src/USBLD001/driver/dwc_otg_cil.o
                0x0800ed8c                dwc_otg_get_param_max_transfer_size
 .text.dwc_otg_set_param_max_packet_count
                0x0800eda8       0x88 Dave/Generated/src/USBLD001/driver/dwc_otg_cil.o
                0x0800eda8                dwc_otg_set_param_max_packet_count
 .text.dwc_otg_get_param_max_packet_count
                0x0800ee30       0x1c Dave/Generated/src/USBLD001/driver/dwc_otg_cil.o
                0x0800ee30                dwc_otg_get_param_max_packet_count
 .text.dwc_otg_set_param_host_channels
                0x0800ee4c       0x70 Dave/Generated/src/USBLD001/driver/dwc_otg_cil.o
                0x0800ee4c                dwc_otg_set_param_host_channels
 .text.dwc_otg_get_param_host_channels
                0x0800eebc       0x1c Dave/Generated/src/USBLD001/driver/dwc_otg_cil.o
                0x0800eebc                dwc_otg_get_param_host_channels
 .text.dwc_otg_set_param_dev_endpoints
                0x0800eed8       0x70 Dave/Generated/src/USBLD001/driver/dwc_otg_cil.o
                0x0800eed8                dwc_otg_set_param_dev_endpoints
 .text.dwc_otg_get_param_dev_endpoints
                0x0800ef48       0x1c Dave/Generated/src/USBLD001/driver/dwc_otg_cil.o
                0x0800ef48                dwc_otg_get_param_dev_endpoints
 .text.dwc_otg_set_param_phy_type
                0x0800ef64      0x110 Dave/Generated/src/USBLD001/driver/dwc_otg_cil.o
                0x0800ef64                dwc_otg_set_param_phy_type
 .text.dwc_otg_get_param_phy_type
                0x0800f074       0x1c Dave/Generated/src/USBLD001/driver/dwc_otg_cil.o
                0x0800f074                dwc_otg_get_param_phy_type
 .text.dwc_otg_set_param_speed
                0x0800f090       0x70 Dave/Generated/src/USBLD001/driver/dwc_otg_cil.o
                0x0800f090                dwc_otg_set_param_speed
 .text.dwc_otg_get_param_speed
                0x0800f100       0x1c Dave/Generated/src/USBLD001/driver/dwc_otg_cil.o
                0x0800f100                dwc_otg_get_param_speed
 .text.dwc_otg_set_param_host_ls_low_power_phy_clk
                0x0800f11c       0x70 Dave/Generated/src/USBLD001/driver/dwc_otg_cil.o
                0x0800f11c                dwc_otg_set_param_host_ls_low_power_phy_clk
 .text.dwc_otg_get_param_host_ls_low_power_phy_clk
                0x0800f18c       0x1c Dave/Generated/src/USBLD001/driver/dwc_otg_cil.o
                0x0800f18c                dwc_otg_get_param_host_ls_low_power_phy_clk
 .text.dwc_otg_set_param_phy_ulpi_ddr
                0x0800f1a8       0x38 Dave/Generated/src/USBLD001/driver/dwc_otg_cil.o
                0x0800f1a8                dwc_otg_set_param_phy_ulpi_ddr
 .text.dwc_otg_get_param_phy_ulpi_ddr
                0x0800f1e0       0x1c Dave/Generated/src/USBLD001/driver/dwc_otg_cil.o
                0x0800f1e0                dwc_otg_get_param_phy_ulpi_ddr
 .text.dwc_otg_set_param_phy_ulpi_ext_vbus
                0x0800f1fc       0x38 Dave/Generated/src/USBLD001/driver/dwc_otg_cil.o
                0x0800f1fc                dwc_otg_set_param_phy_ulpi_ext_vbus
 .text.dwc_otg_get_param_phy_ulpi_ext_vbus
                0x0800f234       0x1c Dave/Generated/src/USBLD001/driver/dwc_otg_cil.o
                0x0800f234                dwc_otg_get_param_phy_ulpi_ext_vbus
 .text.dwc_otg_set_param_phy_utmi_width
                0x0800f250       0x44 Dave/Generated/src/USBLD001/driver/dwc_otg_cil.o
                0x0800f250                dwc_otg_set_param_phy_utmi_width
 .text.dwc_otg_get_param_phy_utmi_width
                0x0800f294       0x1c Dave/Generated/src/USBLD001/driver/dwc_otg_cil.o
                0x0800f294                dwc_otg_get_param_phy_utmi_width
 .text.dwc_otg_set_param_ulpi_fs_ls
                0x0800f2b0       0x38 Dave/Generated/src/USBLD001/driver/dwc_otg_cil.o
                0x0800f2b0                dwc_otg_set_param_ulpi_fs_ls
 .text.dwc_otg_get_param_ulpi_fs_ls
                0x0800f2e8       0x1c Dave/Generated/src/USBLD001/driver/dwc_otg_cil.o
                0x0800f2e8                dwc_otg_get_param_ulpi_fs_ls
 .text.dwc_otg_set_param_ts_dline
                0x0800f304       0x38 Dave/Generated/src/USBLD001/driver/dwc_otg_cil.o
                0x0800f304                dwc_otg_set_param_ts_dline
 .text.dwc_otg_get_param_ts_dline
                0x0800f33c       0x1c Dave/Generated/src/USBLD001/driver/dwc_otg_cil.o
                0x0800f33c                dwc_otg_get_param_ts_dline
 .text.dwc_otg_set_param_i2c_enable
                0x0800f358       0x68 Dave/Generated/src/USBLD001/driver/dwc_otg_cil.o
                0x0800f358                dwc_otg_set_param_i2c_enable
 .text.dwc_otg_get_param_i2c_enable
                0x0800f3c0       0x1c Dave/Generated/src/USBLD001/driver/dwc_otg_cil.o
                0x0800f3c0                dwc_otg_get_param_i2c_enable
 .text.dwc_otg_set_param_dev_perio_tx_fifo_size
                0x0800f3dc       0x9c Dave/Generated/src/USBLD001/driver/dwc_otg_cil.o
                0x0800f3dc                dwc_otg_set_param_dev_perio_tx_fifo_size
 .text.dwc_otg_get_param_dev_perio_tx_fifo_size
                0x0800f478       0x24 Dave/Generated/src/USBLD001/driver/dwc_otg_cil.o
                0x0800f478                dwc_otg_get_param_dev_perio_tx_fifo_size
 .text.dwc_otg_set_param_en_multiple_tx_fifo
                0x0800f49c       0x68 Dave/Generated/src/USBLD001/driver/dwc_otg_cil.o
                0x0800f49c                dwc_otg_set_param_en_multiple_tx_fifo
 .text.dwc_otg_get_param_en_multiple_tx_fifo
                0x0800f504       0x1c Dave/Generated/src/USBLD001/driver/dwc_otg_cil.o
                0x0800f504                dwc_otg_get_param_en_multiple_tx_fifo
 .text.dwc_otg_set_param_dev_tx_fifo_size
                0x0800f520       0x9c Dave/Generated/src/USBLD001/driver/dwc_otg_cil.o
                0x0800f520                dwc_otg_set_param_dev_tx_fifo_size
 .text.dwc_otg_get_param_dev_tx_fifo_size
                0x0800f5bc       0x24 Dave/Generated/src/USBLD001/driver/dwc_otg_cil.o
                0x0800f5bc                dwc_otg_get_param_dev_tx_fifo_size
 .text.dwc_otg_set_param_thr_ctl
                0x0800f5e0       0x74 Dave/Generated/src/USBLD001/driver/dwc_otg_cil.o
                0x0800f5e0                dwc_otg_set_param_thr_ctl
 .text.dwc_otg_get_param_thr_ctl
                0x0800f654       0x1c Dave/Generated/src/USBLD001/driver/dwc_otg_cil.o
                0x0800f654                dwc_otg_get_param_thr_ctl
 .text.dwc_otg_set_param_lpm_enable
                0x0800f670       0x68 Dave/Generated/src/USBLD001/driver/dwc_otg_cil.o
                0x0800f670                dwc_otg_set_param_lpm_enable
 .text.dwc_otg_get_param_lpm_enable
                0x0800f6d8       0x1c Dave/Generated/src/USBLD001/driver/dwc_otg_cil.o
                0x0800f6d8                dwc_otg_get_param_lpm_enable
 .text.dwc_otg_set_param_tx_thr_length
                0x0800f6f4       0x38 Dave/Generated/src/USBLD001/driver/dwc_otg_cil.o
                0x0800f6f4                dwc_otg_set_param_tx_thr_length
 .text.dwc_otg_get_param_tx_thr_length
                0x0800f72c       0x1c Dave/Generated/src/USBLD001/driver/dwc_otg_cil.o
                0x0800f72c                dwc_otg_get_param_tx_thr_length
 .text.dwc_otg_set_param_rx_thr_length
                0x0800f748       0x38 Dave/Generated/src/USBLD001/driver/dwc_otg_cil.o
                0x0800f748                dwc_otg_set_param_rx_thr_length
 .text.dwc_otg_get_param_rx_thr_length
                0x0800f780       0x1c Dave/Generated/src/USBLD001/driver/dwc_otg_cil.o
                0x0800f780                dwc_otg_get_param_rx_thr_length
 .text.dwc_otg_set_param_dma_burst_size
                0x0800f79c       0x8c Dave/Generated/src/USBLD001/driver/dwc_otg_cil.o
                0x0800f79c                dwc_otg_set_param_dma_burst_size
 .text.dwc_otg_get_param_dma_burst_size
                0x0800f828       0x1c Dave/Generated/src/USBLD001/driver/dwc_otg_cil.o
                0x0800f828                dwc_otg_get_param_dma_burst_size
 .text.dwc_otg_set_param_pti_enable
                0x0800f844       0x68 Dave/Generated/src/USBLD001/driver/dwc_otg_cil.o
                0x0800f844                dwc_otg_set_param_pti_enable
 .text.dwc_otg_get_param_pti_enable
                0x0800f8ac       0x1c Dave/Generated/src/USBLD001/driver/dwc_otg_cil.o
                0x0800f8ac                dwc_otg_get_param_pti_enable
 .text.dwc_otg_set_param_mpi_enable
                0x0800f8c8       0x68 Dave/Generated/src/USBLD001/driver/dwc_otg_cil.o
                0x0800f8c8                dwc_otg_set_param_mpi_enable
 .text.dwc_otg_get_param_mpi_enable
                0x0800f930       0x1c Dave/Generated/src/USBLD001/driver/dwc_otg_cil.o
                0x0800f930                dwc_otg_get_param_mpi_enable
 .text.dwc_otg_set_param_adp_enable
                0x0800f94c       0x68 Dave/Generated/src/USBLD001/driver/dwc_otg_cil.o
                0x0800f94c                dwc_otg_set_param_adp_enable
 .text.dwc_otg_get_param_adp_enable
                0x0800f9b4       0x1c Dave/Generated/src/USBLD001/driver/dwc_otg_cil.o
                0x0800f9b4                dwc_otg_get_param_adp_enable
 .text.dwc_otg_set_param_ic_usb_cap
                0x0800f9d0       0x68 Dave/Generated/src/USBLD001/driver/dwc_otg_cil.o
                0x0800f9d0                dwc_otg_set_param_ic_usb_cap
 .text.dwc_otg_get_param_ic_usb_cap
                0x0800fa38       0x1c Dave/Generated/src/USBLD001/driver/dwc_otg_cil.o
                0x0800fa38                dwc_otg_get_param_ic_usb_cap
 .text.dwc_otg_set_param_ahb_thr_ratio
                0x0800fa54       0xb0 Dave/Generated/src/USBLD001/driver/dwc_otg_cil.o
                0x0800fa54                dwc_otg_set_param_ahb_thr_ratio
 .text.dwc_otg_get_param_ahb_thr_ratio
                0x0800fb04       0x1c Dave/Generated/src/USBLD001/driver/dwc_otg_cil.o
                0x0800fb04                dwc_otg_get_param_ahb_thr_ratio
 .text.dwc_otg_set_param_power_down
                0x0800fb20       0x7c Dave/Generated/src/USBLD001/driver/dwc_otg_cil.o
                0x0800fb20                dwc_otg_set_param_power_down
 .text.dwc_otg_get_param_power_down
                0x0800fb9c       0x1c Dave/Generated/src/USBLD001/driver/dwc_otg_cil.o
                0x0800fb9c                dwc_otg_get_param_power_down
 .text.dwc_otg_set_param_reload_ctl
                0x0800fbb8       0x7c Dave/Generated/src/USBLD001/driver/dwc_otg_cil.o
                0x0800fbb8                dwc_otg_set_param_reload_ctl
 .text.dwc_otg_get_param_reload_ctl
                0x0800fc34       0x1c Dave/Generated/src/USBLD001/driver/dwc_otg_cil.o
                0x0800fc34                dwc_otg_get_param_reload_ctl
 .text.dwc_otg_set_param_otg_ver
                0x0800fc50       0x68 Dave/Generated/src/USBLD001/driver/dwc_otg_cil.o
                0x0800fc50                dwc_otg_set_param_otg_ver
 .text.dwc_otg_get_param_otg_ver
                0x0800fcb8       0x1c Dave/Generated/src/USBLD001/driver/dwc_otg_cil.o
                0x0800fcb8                dwc_otg_get_param_otg_ver
 .text.dwc_otg_get_hnpstatus
                0x0800fcd4       0x28 Dave/Generated/src/USBLD001/driver/dwc_otg_cil.o
                0x0800fcd4                dwc_otg_get_hnpstatus
 .text.dwc_otg_get_srpstatus
                0x0800fcfc       0x28 Dave/Generated/src/USBLD001/driver/dwc_otg_cil.o
                0x0800fcfc                dwc_otg_get_srpstatus
 .text.dwc_otg_set_hnpreq
                0x0800fd24       0x44 Dave/Generated/src/USBLD001/driver/dwc_otg_cil.o
                0x0800fd24                dwc_otg_set_hnpreq
 .text.dwc_otg_get_gsnpsid
                0x0800fd68       0x18 Dave/Generated/src/USBLD001/driver/dwc_otg_cil.o
                0x0800fd68                dwc_otg_get_gsnpsid
 .text.dwc_otg_get_mode
                0x0800fd80       0x2c Dave/Generated/src/USBLD001/driver/dwc_otg_cil.o
                0x0800fd80                dwc_otg_get_mode
 .text.dwc_otg_get_hnpcapable
                0x0800fdac       0x2c Dave/Generated/src/USBLD001/driver/dwc_otg_cil.o
                0x0800fdac                dwc_otg_get_hnpcapable
 .text.dwc_otg_set_hnpcapable
                0x0800fdd8       0x48 Dave/Generated/src/USBLD001/driver/dwc_otg_cil.o
                0x0800fdd8                dwc_otg_set_hnpcapable
 .text.dwc_otg_get_srpcapable
                0x0800fe20       0x2c Dave/Generated/src/USBLD001/driver/dwc_otg_cil.o
                0x0800fe20                dwc_otg_get_srpcapable
 .text.dwc_otg_set_srpcapable
                0x0800fe4c       0x48 Dave/Generated/src/USBLD001/driver/dwc_otg_cil.o
                0x0800fe4c                dwc_otg_set_srpcapable
 .text.dwc_otg_get_devspeed
                0x0800fe94       0x2c Dave/Generated/src/USBLD001/driver/dwc_otg_cil.o
                0x0800fe94                dwc_otg_get_devspeed
 .text.dwc_otg_set_devspeed
                0x0800fec0       0x48 Dave/Generated/src/USBLD001/driver/dwc_otg_cil.o
                0x0800fec0                dwc_otg_set_devspeed
 .text.dwc_otg_get_busconnected
                0x0800ff08       0x2c Dave/Generated/src/USBLD001/driver/dwc_otg_cil.o
                0x0800ff08                dwc_otg_get_busconnected
 .text.dwc_otg_get_enumspeed
                0x0800ff34       0x30 Dave/Generated/src/USBLD001/driver/dwc_otg_cil.o
                0x0800ff34                dwc_otg_get_enumspeed
 .text.dwc_otg_get_prtpower
                0x0800ff64       0x2c Dave/Generated/src/USBLD001/driver/dwc_otg_cil.o
                0x0800ff64                dwc_otg_get_prtpower
 .text.dwc_otg_get_core_state
                0x0800ff90       0x1c Dave/Generated/src/USBLD001/driver/dwc_otg_cil.o
                0x0800ff90                dwc_otg_get_core_state
 .text.dwc_otg_set_prtpower
                0x0800ffac       0x40 Dave/Generated/src/USBLD001/driver/dwc_otg_cil.o
                0x0800ffac                dwc_otg_set_prtpower
 .text.dwc_otg_get_prtsuspend
                0x0800ffec       0x2c Dave/Generated/src/USBLD001/driver/dwc_otg_cil.o
                0x0800ffec                dwc_otg_get_prtsuspend
 .text.dwc_otg_set_prtsuspend
                0x08010018       0x40 Dave/Generated/src/USBLD001/driver/dwc_otg_cil.o
                0x08010018                dwc_otg_set_prtsuspend
 .text.dwc_otg_get_fr_interval
                0x08010058       0x28 Dave/Generated/src/USBLD001/driver/dwc_otg_cil.o
                0x08010058                dwc_otg_get_fr_interval
 .text.dwc_otg_set_fr_interval
                0x08010080      0x114 Dave/Generated/src/USBLD001/driver/dwc_otg_cil.o
                0x08010080                dwc_otg_set_fr_interval
 .text.dwc_otg_get_mode_ch_tim
                0x08010194       0x2c Dave/Generated/src/USBLD001/driver/dwc_otg_cil.o
                0x08010194                dwc_otg_get_mode_ch_tim
 .text.dwc_otg_set_mode_ch_tim
                0x080101c0       0x48 Dave/Generated/src/USBLD001/driver/dwc_otg_cil.o
                0x080101c0                dwc_otg_set_mode_ch_tim
 .text.dwc_otg_set_prtresume
                0x08010208       0x40 Dave/Generated/src/USBLD001/driver/dwc_otg_cil.o
                0x08010208                dwc_otg_set_prtresume
 .text.dwc_otg_get_remotewakesig
                0x08010248       0x30 Dave/Generated/src/USBLD001/driver/dwc_otg_cil.o
                0x08010248                dwc_otg_get_remotewakesig
 .text.dwc_otg_get_lpm_portsleepstatus
                0x08010278       0x2c Dave/Generated/src/USBLD001/driver/dwc_otg_cil.o
                0x08010278                dwc_otg_get_lpm_portsleepstatus
 .text.dwc_otg_get_lpm_remotewakeenabled
                0x080102a4       0x2c Dave/Generated/src/USBLD001/driver/dwc_otg_cil.o
                0x080102a4                dwc_otg_get_lpm_remotewakeenabled
 .text.dwc_otg_get_lpmresponse
                0x080102d0       0x2c Dave/Generated/src/USBLD001/driver/dwc_otg_cil.o
                0x080102d0                dwc_otg_get_lpmresponse
 .text.dwc_otg_set_lpmresponse
                0x080102fc       0x48 Dave/Generated/src/USBLD001/driver/dwc_otg_cil.o
                0x080102fc                dwc_otg_set_lpmresponse
 .text.dwc_otg_get_hsic_connect
                0x08010344       0x2c Dave/Generated/src/USBLD001/driver/dwc_otg_cil.o
                0x08010344                dwc_otg_get_hsic_connect
 .text.dwc_otg_set_hsic_connect
                0x08010370       0x48 Dave/Generated/src/USBLD001/driver/dwc_otg_cil.o
                0x08010370                dwc_otg_set_hsic_connect
 .text.dwc_otg_get_inv_sel_hsic
                0x080103b8       0x2c Dave/Generated/src/USBLD001/driver/dwc_otg_cil.o
                0x080103b8                dwc_otg_get_inv_sel_hsic
 .text.dwc_otg_set_inv_sel_hsic
                0x080103e4       0x48 Dave/Generated/src/USBLD001/driver/dwc_otg_cil.o
                0x080103e4                dwc_otg_set_inv_sel_hsic
 .text.dwc_otg_get_gotgctl
                0x0801042c       0x20 Dave/Generated/src/USBLD001/driver/dwc_otg_cil.o
                0x0801042c                dwc_otg_get_gotgctl
 .text.dwc_otg_set_gotgctl
                0x0801044c       0x20 Dave/Generated/src/USBLD001/driver/dwc_otg_cil.o
                0x0801044c                dwc_otg_set_gotgctl
 .text.dwc_otg_get_gusbcfg
                0x0801046c       0x24 Dave/Generated/src/USBLD001/driver/dwc_otg_cil.o
                0x0801046c                dwc_otg_get_gusbcfg
 .text.dwc_otg_set_gusbcfg
                0x08010490       0x24 Dave/Generated/src/USBLD001/driver/dwc_otg_cil.o
                0x08010490                dwc_otg_set_gusbcfg
 .text.dwc_otg_get_grxfsiz
                0x080104b4       0x24 Dave/Generated/src/USBLD001/driver/dwc_otg_cil.o
                0x080104b4                dwc_otg_get_grxfsiz
 .text.dwc_otg_set_grxfsiz
                0x080104d8       0x24 Dave/Generated/src/USBLD001/driver/dwc_otg_cil.o
                0x080104d8                dwc_otg_set_grxfsiz
 .text.dwc_otg_get_gnptxfsiz
                0x080104fc       0x24 Dave/Generated/src/USBLD001/driver/dwc_otg_cil.o
                0x080104fc                dwc_otg_get_gnptxfsiz
 .text.dwc_otg_set_gnptxfsiz
                0x08010520       0x24 Dave/Generated/src/USBLD001/driver/dwc_otg_cil.o
                0x08010520                dwc_otg_set_gnptxfsiz
 .text.dwc_otg_get_gpvndctl
                0x08010544       0x24 Dave/Generated/src/USBLD001/driver/dwc_otg_cil.o
                0x08010544                dwc_otg_get_gpvndctl
 .text.dwc_otg_set_gpvndctl
                0x08010568       0x24 Dave/Generated/src/USBLD001/driver/dwc_otg_cil.o
                0x08010568                dwc_otg_set_gpvndctl
 .text.dwc_otg_get_ggpio
                0x0801058c       0x24 Dave/Generated/src/USBLD001/driver/dwc_otg_cil.o
                0x0801058c                dwc_otg_get_ggpio
 .text.dwc_otg_set_ggpio
                0x080105b0       0x24 Dave/Generated/src/USBLD001/driver/dwc_otg_cil.o
                0x080105b0                dwc_otg_set_ggpio
 .text.dwc_otg_get_hprt0
                0x080105d4       0x20 Dave/Generated/src/USBLD001/driver/dwc_otg_cil.o
                0x080105d4                dwc_otg_get_hprt0
 .text.dwc_otg_set_hprt0
                0x080105f4       0x20 Dave/Generated/src/USBLD001/driver/dwc_otg_cil.o
                0x080105f4                dwc_otg_set_hprt0
 .text.dwc_otg_get_guid
                0x08010614       0x24 Dave/Generated/src/USBLD001/driver/dwc_otg_cil.o
                0x08010614                dwc_otg_get_guid
 .text.dwc_otg_set_guid
                0x08010638       0x24 Dave/Generated/src/USBLD001/driver/dwc_otg_cil.o
                0x08010638                dwc_otg_set_guid
 .text.dwc_otg_get_hptxfsiz
                0x0801065c       0x24 Dave/Generated/src/USBLD001/driver/dwc_otg_cil.o
                0x0801065c                dwc_otg_get_hptxfsiz
 .text.dwc_otg_get_otg_version
                0x08010680       0x28 Dave/Generated/src/USBLD001/driver/dwc_otg_cil.o
                0x08010680                dwc_otg_get_otg_version
 .text.dwc_otg_pcd_start_srp_timer
                0x080106a8       0x28 Dave/Generated/src/USBLD001/driver/dwc_otg_cil.o
                0x080106a8                dwc_otg_pcd_start_srp_timer
 .text.dwc_otg_initiate_srp
                0x080106d0       0x50 Dave/Generated/src/USBLD001/driver/dwc_otg_cil.o
                0x080106d0                dwc_otg_initiate_srp
 .text          0x08010720        0x0 Dave/Generated/src/USBLD001/driver/dwc_otg_cil_intr.o
 .text.dwc_otg_read_hprt0
                0x08010720       0x44 Dave/Generated/src/USBLD001/driver/dwc_otg_cil_intr.o
 .text.cil_hcd_start
                0x08010764       0x34 Dave/Generated/src/USBLD001/driver/dwc_otg_cil_intr.o
 .text.cil_hcd_disconnect
                0x08010798       0x34 Dave/Generated/src/USBLD001/driver/dwc_otg_cil_intr.o
 .text.cil_hcd_session_start
                0x080107cc       0x34 Dave/Generated/src/USBLD001/driver/dwc_otg_cil_intr.o
 .text.cil_hcd_resume
                0x08010800       0x34 Dave/Generated/src/USBLD001/driver/dwc_otg_cil_intr.o
 .text.cil_pcd_start
                0x08010834       0x34 Dave/Generated/src/USBLD001/driver/dwc_otg_cil_intr.o
 .text.cil_pcd_stop
                0x08010868       0x34 Dave/Generated/src/USBLD001/driver/dwc_otg_cil_intr.o
 .text.cil_pcd_suspend
                0x0801089c       0x34 Dave/Generated/src/USBLD001/driver/dwc_otg_cil_intr.o
 .text.cil_pcd_resume
                0x080108d0       0x34 Dave/Generated/src/USBLD001/driver/dwc_otg_cil_intr.o
 .text.dwc_otg_handle_mode_mismatch_intr
                0x08010904       0x38 Dave/Generated/src/USBLD001/driver/dwc_otg_cil_intr.o
                0x08010904                dwc_otg_handle_mode_mismatch_intr
 .text.dwc_otg_handle_otg_intr
                0x0801093c      0x2f4 Dave/Generated/src/USBLD001/driver/dwc_otg_cil_intr.o
                0x0801093c                dwc_otg_handle_otg_intr
 .text.w_conn_id_status_change
                0x08010c30       0xd0 Dave/Generated/src/USBLD001/driver/dwc_otg_cil_intr.o
                0x08010c30                w_conn_id_status_change
 .text.dwc_otg_handle_conn_id_status_change_intr
                0x08010d00       0x90 Dave/Generated/src/USBLD001/driver/dwc_otg_cil_intr.o
                0x08010d00                dwc_otg_handle_conn_id_status_change_intr
 .text.dwc_otg_handle_session_req_intr
                0x08010d90       0x6c Dave/Generated/src/USBLD001/driver/dwc_otg_cil_intr.o
                0x08010d90                dwc_otg_handle_session_req_intr
 .text.w_wakeup_detected
                0x08010dfc       0x4c Dave/Generated/src/USBLD001/driver/dwc_otg_cil_intr.o
                0x08010dfc                w_wakeup_detected
 .text.dwc_otg_handle_wakeup_detected_intr
                0x08010e48      0x138 Dave/Generated/src/USBLD001/driver/dwc_otg_cil_intr.o
                0x08010e48                dwc_otg_handle_wakeup_detected_intr
 .text.dwc_otg_handle_pwrdn_disconnect_intr
                0x08010f80      0x188 Dave/Generated/src/USBLD001/driver/dwc_otg_cil_intr.o
 .text.dwc_otg_handle_pwrdn_wakeup_detected_intr
                0x08011108       0x90 Dave/Generated/src/USBLD001/driver/dwc_otg_cil_intr.o
 .text.dwc_otg_handle_pwrdn_idsts_change
                0x08011198      0x1c0 Dave/Generated/src/USBLD001/driver/dwc_otg_cil_intr.o
 .text.dwc_otg_handle_pwrdn_session_change
                0x08011358      0x1b4 Dave/Generated/src/USBLD001/driver/dwc_otg_cil_intr.o
 .text.dwc_otg_handle_pwrdn_stschng_intr
                0x0801150c       0x88 Dave/Generated/src/USBLD001/driver/dwc_otg_cil_intr.o
 .text.dwc_otg_handle_pwrdn_srp_intr
                0x08011594      0x168 Dave/Generated/src/USBLD001/driver/dwc_otg_cil_intr.o
 .text.dwc_otg_handle_restore_done_intr
                0x080116fc       0x54 Dave/Generated/src/USBLD001/driver/dwc_otg_cil_intr.o
                0x080116fc                dwc_otg_handle_restore_done_intr
 .text.dwc_otg_handle_disconnect_intr
                0x08011750       0x40 Dave/Generated/src/USBLD001/driver/dwc_otg_cil_intr.o
                0x08011750                dwc_otg_handle_disconnect_intr
 .text.dwc_otg_handle_usb_suspend_intr
                0x08011790      0x298 Dave/Generated/src/USBLD001/driver/dwc_otg_cil_intr.o
                0x08011790                dwc_otg_handle_usb_suspend_intr
 .text.dwc_otg_read_common_intr
                0x08011a28       0x90 Dave/Generated/src/USBLD001/driver/dwc_otg_cil_intr.o
 .text.dwc_otg_handle_common_intr
                0x08011ab8      0x3d0 Dave/Generated/src/USBLD001/driver/dwc_otg_cil_intr.o
                0x08011ab8                dwc_otg_handle_common_intr
 .text          0x08011e88        0x0 Dave/Generated/src/USBLD001/driver/dwc_otg_hcd.o
 .text          0x08011e88        0x0 Dave/Generated/src/USBLD001/driver/dwc_otg_hcd_ddma.o
 .text          0x08011e88        0x0 Dave/Generated/src/USBLD001/driver/dwc_otg_hcd_intr.o
 .text          0x08011e88        0x0 Dave/Generated/src/USBLD001/driver/dwc_otg_hcd_queue.o
 .text          0x08011e88        0x0 Dave/Generated/src/USBLD001/driver/dwc_otg_pcd.o
 .text.cil_pcd_start
                0x08011e88       0x34 Dave/Generated/src/USBLD001/driver/dwc_otg_pcd.o
 .text.get_ep_from_handle
                0x08011ebc       0xb4 Dave/Generated/src/USBLD001/driver/dwc_otg_pcd.o
 .text.dwc_otg_request_done
                0x08011f70       0xd8 Dave/Generated/src/USBLD001/driver/dwc_otg_pcd.o
                0x08011f70                dwc_otg_request_done
 .text.dwc_otg_request_nuke
                0x08012048       0x40 Dave/Generated/src/USBLD001/driver/dwc_otg_pcd.o
                0x08012048                dwc_otg_request_nuke
 .text.dwc_otg_pcd_start
                0x08012088       0x1c Dave/Generated/src/USBLD001/driver/dwc_otg_pcd.o
                0x08012088                dwc_otg_pcd_start
 .text.dwc_otg_pcd_start_cb
                0x080120a4       0x40 Dave/Generated/src/USBLD001/driver/dwc_otg_pcd.o
 .text.dwc_otg_pcd_resume_cb
                0x080120e4       0x6c Dave/Generated/src/USBLD001/driver/dwc_otg_pcd.o
 .text.dwc_otg_pcd_suspend_cb
                0x08012150       0x48 Dave/Generated/src/USBLD001/driver/dwc_otg_pcd.o
 .text.dwc_otg_pcd_stop_cb
                0x08012198       0x20 Dave/Generated/src/USBLD001/driver/dwc_otg_pcd.o
 .text.dwc_otg_ep_alloc_desc_chain
                0x080121b8       0x28 Dave/Generated/src/USBLD001/driver/dwc_otg_pcd.o
                0x080121b8                dwc_otg_ep_alloc_desc_chain
 .text.dwc_otg_ep_free_desc_chain
                0x080121e0       0x28 Dave/Generated/src/USBLD001/driver/dwc_otg_pcd.o
                0x080121e0                dwc_otg_ep_free_desc_chain
 .text.dwc_otg_pcd_init_ep
                0x08012208       0xfc Dave/Generated/src/USBLD001/driver/dwc_otg_pcd.o
 .text.dwc_otg_pcd_reinit
                0x08012304      0x174 Dave/Generated/src/USBLD001/driver/dwc_otg_pcd.o
 .text.srp_timeout
                0x08012478      0x164 Dave/Generated/src/USBLD001/driver/dwc_otg_pcd.o
 .text.start_xfer_tasklet_func
                0x080125dc       0xc4 Dave/Generated/src/USBLD001/driver/dwc_otg_pcd.o
 .text.dwc_otg_pcd_init
                0x080126a0      0x334 Dave/Generated/src/USBLD001/driver/dwc_otg_pcd.o
                0x080126a0                dwc_otg_pcd_init
 .text.dwc_otg_pcd_remove
                0x080129d4      0x110 Dave/Generated/src/USBLD001/driver/dwc_otg_pcd.o
                0x080129d4                dwc_otg_pcd_remove
 .text.dwc_otg_pcd_is_dualspeed
                0x08012ae4       0x5c Dave/Generated/src/USBLD001/driver/dwc_otg_pcd.o
                0x08012ae4                dwc_otg_pcd_is_dualspeed
 .text.dwc_otg_pcd_is_otg
                0x08012b40       0x54 Dave/Generated/src/USBLD001/driver/dwc_otg_pcd.o
                0x08012b40                dwc_otg_pcd_is_otg
 .text.assign_tx_fifo
                0x08012b94       0x6c Dave/Generated/src/USBLD001/driver/dwc_otg_pcd.o
 .text.assign_perio_tx_fifo
                0x08012c00       0x6c Dave/Generated/src/USBLD001/driver/dwc_otg_pcd.o
 .text.release_perio_tx_fifo
                0x08012c6c       0x30 Dave/Generated/src/USBLD001/driver/dwc_otg_pcd.o
 .text.release_tx_fifo
                0x08012c9c       0x30 Dave/Generated/src/USBLD001/driver/dwc_otg_pcd.o
 .text.dwc_otg_pcd_ep_enable
                0x08012ccc      0x370 Dave/Generated/src/USBLD001/driver/dwc_otg_pcd.o
                0x08012ccc                dwc_otg_pcd_ep_enable
 .text.dwc_otg_pcd_ep_disable
                0x0801303c      0x198 Dave/Generated/src/USBLD001/driver/dwc_otg_pcd.o
                0x0801303c                dwc_otg_pcd_ep_disable
 .text.dwc_otg_pcd_ep_queue
                0x080131d4      0x488 Dave/Generated/src/USBLD001/driver/dwc_otg_pcd.o
                0x080131d4                dwc_otg_pcd_ep_queue
 .text.dwc_otg_pcd_ep_dequeue
                0x0801365c       0xe4 Dave/Generated/src/USBLD001/driver/dwc_otg_pcd.o
                0x0801365c                dwc_otg_pcd_ep_dequeue
 .text.dwc_otg_pcd_ep_halt
                0x08013740      0x1b4 Dave/Generated/src/USBLD001/driver/dwc_otg_pcd.o
                0x08013740                dwc_otg_pcd_ep_halt
 .text.dwc_otg_pcd_rem_wkup_from_suspend
                0x080138f4      0x100 Dave/Generated/src/USBLD001/driver/dwc_otg_pcd.o
                0x080138f4                dwc_otg_pcd_rem_wkup_from_suspend
 .text.dwc_otg_pcd_remote_wakeup
                0x080139f4       0x50 Dave/Generated/src/USBLD001/driver/dwc_otg_pcd.o
                0x080139f4                dwc_otg_pcd_remote_wakeup
 .text.dwc_otg_pcd_disconnect_us
                0x08013a44       0x6c Dave/Generated/src/USBLD001/driver/dwc_otg_pcd.o
                0x08013a44                dwc_otg_pcd_disconnect_us
 .text.dwc_otg_pcd_wakeup
                0x08013ab0       0x68 Dave/Generated/src/USBLD001/driver/dwc_otg_pcd.o
                0x08013ab0                dwc_otg_pcd_wakeup
 .text.dwc_otg_pcd_initiate_srp
                0x08013b18       0x3c Dave/Generated/src/USBLD001/driver/dwc_otg_pcd.o
                0x08013b18                dwc_otg_pcd_initiate_srp
 .text.dwc_otg_pcd_get_frame_number
                0x08013b54       0x20 Dave/Generated/src/USBLD001/driver/dwc_otg_pcd.o
                0x08013b54                dwc_otg_pcd_get_frame_number
 .text.dwc_otg_pcd_is_lpm_enabled
                0x08013b74       0x20 Dave/Generated/src/USBLD001/driver/dwc_otg_pcd.o
                0x08013b74                dwc_otg_pcd_is_lpm_enabled
 .text.get_b_hnp_enable
                0x08013b94       0x20 Dave/Generated/src/USBLD001/driver/dwc_otg_pcd.o
                0x08013b94                get_b_hnp_enable
 .text.get_a_hnp_support
                0x08013bb4       0x20 Dave/Generated/src/USBLD001/driver/dwc_otg_pcd.o
                0x08013bb4                get_a_hnp_support
 .text.get_a_alt_hnp_support
                0x08013bd4       0x20 Dave/Generated/src/USBLD001/driver/dwc_otg_pcd.o
                0x08013bd4                get_a_alt_hnp_support